Component: ARM Compiler 5.05 update 1 (build 106) Tool: armlink [4d0efa]

==============================================================================

Section Cross References

    main.o(.text) refers to ult.o(.text) for Systick_Init
    main.o(.text) refers to device.o(.text) for GPIO_Configuration
    main.o(.text) refers to usart.o(.text) for uart_init
    main.o(.text) refers to spi.o(.text) for WIZ_SPI_Init
    main.o(.text) refers to __2printf.o(.text) for __2printf
    main.o(.text) refers to tcp_client.o(.text) for MQTT_CON_ALI
    system_stm32f10x.o(.text) refers to system_stm32f10x.o(.data) for SystemCoreClock
    startup_stm32f10x_hd.o(STACK) refers (Special) to heapauxi.o(.text) for __use_two_region_memory
    startup_stm32f10x_hd.o(HEAP) refers (Special) to heapauxi.o(.text) for __use_two_region_memory
    startup_stm32f10x_hd.o(RESET) refers (Special) to heapauxi.o(.text) for __use_two_region_memory
    startup_stm32f10x_hd.o(RESET) refers to startup_stm32f10x_hd.o(STACK) for __initial_sp
    startup_stm32f10x_hd.o(RESET) refers to startup_stm32f10x_hd.o(.text) for Reset_Handler
    startup_stm32f10x_hd.o(RESET) refers to stm32f10x_it.o(.text) for NMI_Handler
    startup_stm32f10x_hd.o(RESET) refers to usart.o(.text) for USART1_IRQHandler
    startup_stm32f10x_hd.o(.text) refers (Special) to heapauxi.o(.text) for __use_two_region_memory
    startup_stm32f10x_hd.o(.text) refers to system_stm32f10x.o(.text) for SystemInit
    startup_stm32f10x_hd.o(.text) refers to __main.o(!!!main) for __main
    startup_stm32f10x_hd.o(.text) refers to startup_stm32f10x_hd.o(HEAP) for Heap_Mem
    startup_stm32f10x_hd.o(.text) refers to startup_stm32f10x_hd.o(STACK) for Stack_Mem
    stm32f10x_rcc.o(.text) refers to stm32f10x_rcc.o(.data) for APBAHBPrescTable
    stm32f10x_spi.o(.text) refers to stm32f10x_rcc.o(.text) for RCC_APB2PeriphResetCmd
    stm32f10x_usart.o(.text) refers to stm32f10x_rcc.o(.text) for RCC_APB2PeriphResetCmd
    stm32f10x_gpio.o(.text) refers to stm32f10x_rcc.o(.text) for RCC_APB2PeriphResetCmd
    stm32f10x_tim.o(.text) refers to stm32f10x_rcc.o(.text) for RCC_APB2PeriphResetCmd
    delay.o(.text) refers to misc.o(.text) for SysTick_CLKSourceConfig
    delay.o(.text) refers to system_stm32f10x.o(.data) for SystemCoreClock
    delay.o(.text) refers to delay.o(.data) for fac_us
    usart.o(.text) refers (Special) to use_no_semi_2.o(.text) for __use_no_semihosting
    usart.o(.text) refers to stm32f10x_rcc.o(.text) for RCC_APB2PeriphClockCmd
    usart.o(.text) refers to stm32f10x_gpio.o(.text) for GPIO_Init
    usart.o(.text) refers to misc.o(.text) for NVIC_Init
    usart.o(.text) refers to stm32f10x_usart.o(.text) for USART_Init
    usart.o(.text) refers to usart.o(.data) for USART_RX_STA
    usart.o(.text) refers to usart.o(.bss) for USART_RX_BUF
    usart.o(.bss) refers (Special) to use_no_semi_2.o(.text) for __use_no_semihosting
    usart.o(.data) refers (Special) to use_no_semi_2.o(.text) for __use_no_semihosting
    led.o(.text) refers to stm32f10x_rcc.o(.text) for RCC_APB2PeriphClockCmd
    led.o(.text) refers to stm32f10x_gpio.o(.text) for GPIO_Init
    key.o(.text) refers to stm32f10x_rcc.o(.text) for RCC_APB2PeriphClockCmd
    key.o(.text) refers to stm32f10x_gpio.o(.text) for GPIO_Init
    key.o(.text) refers to delay.o(.text) for delay_ms
    key.o(.text) refers to key.o(.data) for key_up
    lcd.o(.text) refers to _printf_percent.o(.ARM.Collect$$_printf_percent$$00000000) for _printf_percent
    lcd.o(.text) refers to _printf_x.o(.ARM.Collect$$_printf_percent$$0000000C) for _printf_x
    lcd.o(.text) refers to _printf_hex_int_ll_ptr.o(.text) for _printf_longlong_hex
    lcd.o(.text) refers to delay.o(.text) for delay_us
    lcd.o(.text) refers to lcd.o(.bss) for lcddev
    lcd.o(.text) refers to lcd.o(.data) for POINT_COLOR
    lcd.o(.text) refers to dflt_clz.o(x$fpl$dfltu) for __aeabi_ui2d
    lcd.o(.text) refers to dmul.o(x$fpl$dmul) for __aeabi_dmul
    lcd.o(.text) refers to dfixu.o(x$fpl$dfixu) for __aeabi_d2uiz
    lcd.o(.text) refers to stm32f10x_rcc.o(.text) for RCC_AHBPeriphClockCmd
    lcd.o(.text) refers to stm32f10x_gpio.o(.text) for GPIO_Init
    lcd.o(.text) refers to stm32f10x_fsmc.o(.text) for FSMC_NORSRAMInit
    lcd.o(.text) refers to __2printf.o(.text) for __2printf
    lcd.o(.text) refers to lcd.o(.constdata) for asc2_1206
    spi.o(.text) refers to stm32f10x_rcc.o(.text) for RCC_APB2PeriphClockCmd
    spi.o(.text) refers to stm32f10x_gpio.o(.text) for GPIO_Init
    spi.o(.text) refers to stm32f10x_spi.o(.text) for SPI_Init
    sram.o(.text) refers to stm32f10x_rcc.o(.text) for RCC_APB2PeriphClockCmd
    sram.o(.text) refers to stm32f10x_gpio.o(.text) for GPIO_Init
    sram.o(.text) refers to stm32f10x_fsmc.o(.text) for FSMC_NORSRAMInit
    device.o(.text) refers to _printf_percent.o(.ARM.Collect$$_printf_percent$$00000000) for _printf_percent
[...]
    _printf_fp_hex                            - Undefined Weak Reference
    _printf_mbtowc                            - Undefined Weak Reference
    _printf_wc                                - Undefined Weak Reference
    _rand_init                                - Undefined Weak Reference
    _signal_finish                            - Undefined Weak Reference
    _signal_init                              - Undefined Weak Reference
    _terminateio                              - Undefined Weak Reference
    __Vectors_Size                           0x00000130   Number         0  startup_stm32f10x_hd.o ABSOLUTE
    __Vectors                                0x08000000   Data           4  startup_stm32f10x_hd.o(RESET)
    __Vectors_End                            0x08000130   Data           0  startup_stm32f10x_hd.o(RESET)
    __main                                   0x08000131   Thumb Code     8  __main.o(!!!main)
    __scatterload                            0x08000139   Thumb Code     0  __scatter.o(!!!scatter)
    __scatterload_rt2                        0x08000139   Thumb Code    44  __scatter.o(!!!scatter)
    __scatterload_rt2_thumb_only             0x08000139   Thumb Code     0  __scatter.o(!!!scatter)
    __scatterload_null                       0x08000147   Thumb Code     0  __scatter.o(!!!scatter)
    __scatterload_copy                       0x0800016d   Thumb Code    26  __scatter_copy.o(!!handler_copy)
    __scatterload_zeroinit                   0x08000189   Thumb Code    28  __scatter_zi.o(!!handler_zi)
    _printf_n                                0x080001a5   Thumb Code     0  _printf_n.o(.ARM.Collect$$_printf_percent$$00000001)
    _printf_percent                          0x080001a5   Thumb Code     0  _printf_percent.o(.ARM.Collect$$_printf_percent$$00000000)
    _printf_p                                0x080001ab   Thumb Code     0  _printf_p.o(.ARM.Collect$$_printf_percent$$00000002)
    _printf_f                                0x080001b1   Thumb Code     0  _printf_f.o(.ARM.Collect$$_printf_percent$$00000003)
    _printf_e                                0x080001b7   Thumb Code     0  _printf_e.o(.ARM.Collect$$_printf_percent$$00000004)
    _printf_g                                0x080001bd   Thumb Code     0  _printf_g.o(.ARM.Collect$$_printf_percent$$00000005)
    _printf_a                                0x080001c3   Thumb Code     0  _printf_a.o(.ARM.Collect$$_printf_percent$$00000006)
    _printf_ll                               0x080001c9   Thumb Code     0  _printf_ll.o(.ARM.Collect$$_printf_percent$$00000007)
    _printf_i                                0x080001d3   Thumb Code     0  _printf_i.o(.ARM.Collect$$_printf_percent$$00000008)
    _printf_d                                0x080001d9   Thumb Code     0  _printf_d.o(.ARM.Collect$$_printf_percent$$00000009)
    _printf_u                                0x080001df   Thumb Code     0  _printf_u.o(.ARM.Collect$$_printf_percent$$0000000A)
    _printf_o                                0x080001e5   Thumb Code     0  _printf_o.o(.ARM.Collect$$_printf_percent$$0000000B)
    _printf_x                                0x080001eb   Thumb Code     0  _printf_x.o(.ARM.Collect$$_printf_percent$$0000000C)
    _printf_lli                              0x080001f1   Thumb Code     0  _printf_lli.o(.ARM.Collect$$_printf_percent$$0000000D)
    _printf_lld                              0x080001f7   Thumb Code     0  _printf_lld.o(.ARM.Collect$$_printf_percent$$0000000E)
    _printf_llu                              0x080001fd   Thumb Code     0  _printf_llu.o(.ARM.Collect$$_printf_percent$$0000000F)
    _printf_llo                              0x08000203   Thumb Code     0  _printf_llo.o(.ARM.Collect$$_printf_percent$$00000010)
    _printf_llx                              0x08000209   Thumb Code     0  _printf_llx.o(.ARM.Collect$$_printf_percent$$00000011)
    _printf_l                                0x0800020f   Thumb Code     0  _printf_l.o(.ARM.Collect$$_printf_percent$$00000012)
    _printf_c                                0x08000219   Thumb Code     0  _printf_c.o(.ARM.Collect$$_printf_percent$$00000013)
    _printf_s                                0x0800021f   Thumb Code     0  _printf_s.o(.ARM.Collect$$_printf_percent$$00000014)
    _printf_lc                               0x08000225   Thumb Code     0  _printf_lc.o(.ARM.Collect$$_printf_percent$$00000015)
    _printf_ls                               0x0800022b   Thumb Code     0  _printf_ls.o(.ARM.Collect$$_printf_percent$$00000016)
    _printf_percent_end                      0x08000231   Thumb Code     0  _printf_percent_end.o(.ARM.Collect$$_printf_percent$$00000017)
    __rt_lib_init                            0x08000235   Thumb Code     0  libinit.o(.ARM.Collect$$libinit$$00000000)
    __rt_lib_init_fp_1                       0x08000237   Thumb Code     0  libinit2.o(.ARM.Collect$$libinit$$00000002)
    __rt_lib_init_heap_1                     0x08000237   Thumb Code     0  libinit2.o(.ARM.Collect$$libinit$$0000000A)
    __rt_lib_init_lc_common                  0x08000237   Thumb Code     0  libinit2.o(.ARM.Collect$$libinit$$0000000F)
    __rt_lib_init_preinit_1                  0x08000237   Thumb Code     0  libinit2.o(.ARM.Collect$$libinit$$00000004)
    __rt_lib_init_rand_1                     0x08000237   Thumb Code     0  libinit2.o(.ARM.Collect$$libinit$$0000000E)
    __rt_lib_init_user_alloc_1               0x08000237   Thumb Code     0  libinit2.o(.ARM.Collect$$libinit$$0000000C)
    __rt_lib_init_lc_collate_1               0x0800023d   Thumb Code     0  libinit2.o(.ARM.Collect$$libinit$$00000011)
    __rt_lib_init_lc_ctype_2                 0x0800023d   Thumb Code     0  libinit2.o(.ARM.Collect$$libinit$$00000012)
    __rt_lib_init_lc_ctype_1                 0x08000249   Thumb Code     0  libinit2.o(.ARM.Collect$$libinit$$00000013)
    __rt_lib_init_lc_monetary_1              0x08000249   Thumb Code     0  libinit2.o(.ARM.Collect$$libinit$$00000015)
    __rt_lib_init_lc_numeric_2               0x08000249   Thumb Code     0  libinit2.o(.ARM.Collect$$libinit$$00000016)
    __rt_lib_init_alloca_1                   0x08000253   Thumb Code     0  libinit2.o(.ARM.Collect$$libinit$$0000002E)
    __rt_lib_init_argv_1                     0x08000253   Thumb Code     0  libinit2.o(.ARM.Collect$$libinit$$0000002C)
    __rt_lib_init_atexit_1                   0x08000253   Thumb Code     0  libinit2.o(.ARM.Collect$$libinit$$0000001B)
    __rt_lib_init_clock_1                    0x08000253   Thumb Code     0  libinit2.o(.ARM.Collect$$libinit$$00000021)
    __rt_lib_init_cpp_1                      0x08000253   Thumb Code     0  libinit2.o(.ARM.Collect$$libinit$$00000032)
    __rt_lib_init_exceptions_1               0x08000253   Thumb Code     0  libinit2.o(.ARM.Collect$$libinit$$00000030)
    __rt_lib_init_fp_trap_1                  0x08000253   Thumb Code     0  libinit2.o(.ARM.Collect$$libinit$$0000001F)
    __rt_lib_init_getenv_1                   0x08000253   Thumb Code     0  libinit2.o(.ARM.Collect$$libinit$$00000023)
    __rt_lib_init_lc_numeric_1               0x08000253   Thumb Code     0  libinit2.o(.ARM.Collect$$libinit$$00000017)
    __rt_lib_init_lc_time_1                  0x08000253   Thumb Code     0  libinit2.o(.ARM.Collect$$libinit$$00000019)
    __rt_lib_init_return                     0x08000253   Thumb Code     0  libinit2.o(.ARM.Collect$$libinit$$00000033)
    __rt_lib_init_signal_1                   0x08000253   Thumb Code     0  libinit2.o(.ARM.Collect$$libinit$$0000001D)
    __rt_lib_init_stdio_1                    0x08000253   Thumb Code     0  libinit2.o(.ARM.Collect$$libinit$$00000025)
    __rt_lib_shutdown                        0x08000255   Thumb Code     0  libshutdown.o(.ARM.Collect$$libshutdown$$00000000)
    __rt_lib_shutdown_fp_trap_1              0x08000257   Thumb Code     0  libshutdown2.o(.ARM.Collect$$libshutdown$$00000006)
    __rt_lib_shutdown_heap_1                 0x08000257   Thumb Code     0  libshutdown2.o(.ARM.Collect$$libshutdown$$0000000E)
    __rt_lib_shutdown_return                 0x08000257   Thumb Code     0  libshutdown2.o(.ARM.Collect$$libshutdown$$0000000F)
    __rt_lib_shutdown_signal_1               0x08000257   Thumb Code     0  libshutdown2.o(.ARM.Collect$$libshutdown$$00000009)
    __rt_lib_shutdown_stdio_1                0x08000257   Thumb Code     0  libshutdown2.o(.ARM.Collect$$libshutdown$$00000003)
    __rt_lib_shutdown_user_alloc_1           0x08000257   Thumb Code     0  libshutdown2.o(.ARM.Collect$$libshutdown$$0000000B)
    __rt_entry                               0x08000259   Thumb Code     0  __rtentry.o(.ARM.Collect$$rtentry$$00000000)
    __rt_entry_presh_1                       0x08000259   Thumb Code     0  __rtentry2.o(.ARM.Collect$$rtentry$$00000002)
    __rt_entry_sh                            0x08000259   Thumb Code     0  __rtentry4.o(.ARM.Collect$$rtentry$$00000004)
    __rt_entry_li                            0x0800025f   Thumb Code     0  __rtentry2.o(.ARM.Collect$$rtentry$$0000000A)
    __rt_entry_postsh_1                      0x0800025f   Thumb Code     0  __rtentry2.o(.ARM.Collect$$rtentry$$00000009)
    __rt_entry_main                          0x08000263   Thumb Code     0  __rtentry2.o(.ARM.Collect$$rtentry$$0000000D)
    __rt_entry_postli_1                      0x08000263   Thumb Code     0  __rtentry2.o(.ARM.Collect$$rtentry$$0000000C)
    __rt_exit                                0x0800026b   Thumb Code     0  rtexit.o(.ARM.Collect$$rtexit$$00000000)
    __rt_exit_ls                             0x0800026d   Thumb Code     0  rtexit2.o(.ARM.Collect$$rtexit$$00000003)
    __rt_exit_prels_1                        0x0800026d   Thumb Code     0  rtexit2.o(.ARM.Collect$$rtexit$$00000002)
    __rt_exit_exit                           0x08000271   Thumb Code     0  rtexit2.o(.ARM.Collect$$rtexit$$00000004)
    main                                     0x08000279   Thumb Code    66  main.o(.text)
    NMI_Handler                              0x08000301   Thumb Code     2  stm32f10x_it.o(.text)
    HardFault_Handler                        0x08000303   Thumb Code     4  stm32f10x_it.o(.text)
    MemManage_Handler                        0x08000307   Thumb Code     4  stm32f10x_it.o(.text)
    BusFault_Handler                         0x0800030b   Thumb Code     4  stm32f10x_it.o(.text)
    UsageFault_Handler                       0x0800030f   Thumb Code     4  stm32f10x_it.o(.text)
    SVC_Handler                              0x08000313   Thumb Code     2  stm32f10x_it.o(.text)
    DebugMon_Handler                         0x08000315   Thumb Code     2  stm32f10x_it.o(.text)
    PendSV_Handler                           0x08000317   Thumb Code     2  stm32f10x_it.o(.text)
    SysTick_Handler                          0x08000319   Thumb Code     2  stm32f10x_it.o(.text)
    SystemInit                               0x080003fb   Thumb Code    78  system_stm32f10x.o(.text)
    SystemCoreClockUpdate                    0x08000449   Thumb Code   142  system_stm32f10x.o(.text)
    Reset_Handler                            0x080004fd   Thumb Code     8  startup_stm32f10x_hd.o(.text)
    ADC1_2_IRQHandler                        0x08000517   Thumb Code     0  startup_stm32f10x_hd.o(.text)
    ADC3_IRQHandler                          0x08000517   Thumb Code     0  startup_stm32f10x_hd.o(.text)
    CAN1_RX1_IRQHandler                      0x08000517   Thumb Code     0  startup_stm32f10x_hd.o(.text)
    CAN1_SCE_IRQHandler                      0x08000517   Thumb Code     0  startup_stm32f10x_hd.o(.text)
    DMA1_Channel1_IRQHandler                 0x08000517   Thumb Code     0  startup_stm32f10x_hd.o(.text)
    DMA1_Channel2_IRQHandler                 0x08000517   Thumb Code     0  startup_stm32f10x_hd.o(.text)
    DMA1_Channel3_IRQHandler                 0x08000517   Thumb Code     0  startup_stm32f10x_hd.o(.text)
    DMA1_Channel4_IRQHandler                 0x08000517   Thumb Code     0  startup_stm32f10x_hd.o(.text)
    DMA1_Channel5_IRQHandler                 0x08000517   Thumb Code     0  startup_stm32f10x_hd.o(.text)
    DMA1_Channel6_IRQHandler                 0x08000517   Thumb Code     0  startup_stm32f10x_hd.o(.text)
    DMA1_Channel7_IRQHandler                 0x08000517   Thumb Code     0  startup_stm32f10x_hd.o(.text)
    DMA2_Channel1_IRQHandler                 0x08000517   Thumb Code     0  startup_stm32f10x_hd.o(.text)
    DMA2_Channel2_IRQHandler                 0x08000517   Thumb Code     0  startup_stm32f10x_hd.o(.text)
    DMA2_Channel3_IRQHandler                 0x08000517   Thumb Code     0  startup_stm32f10x_hd.o(.text)
    DMA2_Channel4_5_IRQHandler               0x08000517   Thumb Code     0  startup_stm32f10x_hd.o(.text)
    EXTI0_IRQHandler                         0x08000517   Thumb Code     0  startup_stm32f10x_hd.o(.text)
    EXTI15_10_IRQHandler                     0x08000517   Thumb Code     0  startup_stm32f10x_hd.o(.text)
    EXTI1_IRQHandler                         0x08000517   Thumb Code     0  startup_stm32f10x_hd.o(.text)
    EXTI2_IRQHandler                         0x08000517   Thumb Code     0  startup_stm32f10x_hd.o(.text)
    EXTI3_IRQHandler                         0x08000517   Thumb Code     0  startup_stm32f10x_hd.o(.text)
    EXTI4_IRQHandler                         0x08000517   Thumb Code     0  startup_stm32f10x_hd.o(.text)
    EXTI9_5_IRQHandler                       0x08000517   Thumb Code     0  startup_stm32f10x_hd.o(.text)
    FLASH_IRQHandler                         0x08000517   Thumb Code     0  startup_stm32f10x_hd.o(.text)
    FSMC_IRQHandler                          0x08000517   Thumb Code     0  startup_stm32f10x_hd.o(.text)
    I2C1_ER_IRQHandler                       0x08000517   Thumb Code     0  startup_stm32f10x_hd.o(.text)
    I2C1_EV_IRQHandler                       0x08000517   Thumb Code     0  startup_stm32f10x_hd.o(.text)
    I2C2_ER_IRQHandler                       0x08000517   Thumb Code     0  startup_stm32f10x_hd.o(.text)
    I2C2_EV_IRQHandler                       0x08000517   Thumb Code     0  startup_stm32f10x_hd.o(.text)
    PVD_IRQHandler                           0x08000517   Thumb Code     0  startup_stm32f10x_hd.o(.text)
    RCC_IRQHandler                           0x08000517   Thumb Code     0  startup_stm32f10x_hd.o(.text)
    RTCAlarm_IRQHandler                      0x08000517   Thumb Code     0  startup_stm32f10x_hd.o(.text)
    RTC_IRQHandler                           0x08000517   Thumb Code     0  startup_stm32f10x_hd.o(.text)
    SDIO_IRQHandler                          0x08000517   Thumb Code     0  startup_stm32f10x_hd.o(.text)
    SPI1_IRQHandler                          0x08000517   Thumb Code     0  startup_stm32f10x_hd.o(.text)
    SPI2_IRQHandler                          0x08000517   Thumb Code     0  startup_stm32f10x_hd.o(.text)
    SPI3_IRQHandler                          0x08000517   Thumb Code     0  startup_stm32f10x_hd.o(.text)
    TAMPER_IRQHandler                        0x08000517   Thumb Code     0  startup_stm32f10x_hd.o(.text)
    TIM1_BRK_IRQHandler                      0x08000517   Thumb Code     0  startup_stm32f10x_hd.o(.text)
    TIM1_CC_IRQHandler                       0x08000517   Thumb Code     0  startup_stm32f10x_hd.o(.text)
    TIM1_TRG_COM_IRQHandler                  0x08000517   Thumb Code     0  startup_stm32f10x_hd.o(.text)
    TIM1_UP_IRQHandler                       0x08000517   Thumb Code     0  startup_stm32f10x_hd.o(.text)
    TIM2_IRQHandler                          0x08000517   Thumb Code     0  startup_stm32f10x_hd.o(.text)
    TIM3_IRQHandler                          0x08000517   Thumb Code     0  startup_stm32f10x_hd.o(.text)
    TIM4_IRQHandler                          0x08000517   Thumb Code     0  startup_stm32f10x_hd.o(.text)
    TIM5_IRQHandler                          0x08000517   Thumb Code     0  startup_stm32f10x_hd.o(.text)
    TIM6_IRQHandler                          0x08000517   Thumb Code     0  startup_stm32f10x_hd.o(.text)
    TIM7_IRQHandler                          0x08000517   Thumb Code     0  startup_stm32f10x_hd.o(.text)
    TIM8_BRK_IRQHandler                      0x08000517   Thumb Code     0  startup_stm32f10x_hd.o(.text)
    TIM8_CC_IRQHandler                       0x08000517   Thumb Code     0  startup_stm32f10x_hd.o(.text)
    TIM8_TRG_COM_IRQHandler                  0x08000517   Thumb Code     0  startup_stm32f10x_hd.o(.text)
    TIM8_UP_IRQHandler                       0x08000517   Thumb Code     0  startup_stm32f10x_hd.o(.text)
    UART4_IRQHandler                         0x08000517   Thumb Code     0  startup_stm32f10x_hd.o(.text)
    UART5_IRQHandler                         0x08000517   Thumb Code     0  startup_stm32f10x_hd.o(.text)
    USART2_IRQHandler                        0x08000517   Thumb Code     0  startup_stm32f10x_hd.o(.text)
    USART3_IRQHandler                        0x08000517   Thumb Code     0  startup_stm32f10x_hd.o(.text)
    USBWakeUp_IRQHandler                     0x08000517   Thumb Code     0  startup_stm32f10x_hd.o(.text)
    USB_HP_CAN1_TX_IRQHandler                0x08000517   Thumb Code     0  startup_stm32f10x_hd.o(.text)
    USB_LP_CAN1_RX0_IRQHandler               0x08000517   Thumb Code     0  startup_stm32f10x_hd.o(.text)
    WWDG_IRQHandler                          0x08000517   Thumb Code     0  startup_stm32f10x_hd.o(.text)
    __user_initial_stackheap                 0x08000519   Thumb Code     0  startup_stm32f10x_hd.o(.text)
    NVIC_PriorityGroupConfig                 0x0800053d   Thumb Code    10  misc.o(.text)
    NVIC_Init                                0x08000547   Thumb Code   100  misc.o(.text)
    NVIC_SetVectorTable                      0x080005ab   Thumb Code    14  misc.o(.text)
    NVIC_SystemLPConfig                      0x080005b9   Thumb Code    34  misc.o(.text)
    SysTick_CLKSourceConfig                  0x080005db   Thumb Code    40  misc.o(.text)
    RCC_DeInit                               0x08000619   Thumb Code    64  stm32f10x_rcc.o(.text)
    RCC_HSEConfig                            0x08000659   Thumb Code    70  stm32f10x_rcc.o(.text)
    RCC_GetFlagStatus                        0x0800069f   Thumb Code    56  stm32f10x_rcc.o(.text)
    RCC_WaitForHSEStartUp                    0x080006d7   Thumb Code    56  stm32f10x_rcc.o(.text)
    RCC_AdjustHSICalibrationValue            0x0800070f   Thumb Code    20  stm32f10x_rcc.o(.text)
    RCC_HSICmd                               0x08000723   Thumb Code     6  stm32f10x_rcc.o(.text)
    RCC_PLLConfig                            0x08000729   Thumb Code    24  stm32f10x_rcc.o(.text)
    RCC_PLLCmd                               0x08000741   Thumb Code     6  stm32f10x_rcc.o(.text)
    RCC_SYSCLKConfig                         0x08000747   Thumb Code    18  stm32f10x_rcc.o(.text)
    RCC_GetSYSCLKSource                      0x08000759   Thumb Code    10  stm32f10x_rcc.o(.text)
    RCC_HCLKConfig                           0x08000763   Thumb Code    18  stm32f10x_rcc.o(.text)
    RCC_PCLK1Config                          0x08000775   Thumb Code    18  stm32f10x_rcc.o(.text)
    RCC_PCLK2Config                          0x08000787   Thumb Code    20  stm32f10x_rcc.o(.text)
    RCC_ITConfig                             0x0800079b   Thumb Code    26  stm32f10x_rcc.o(.text)
    RCC_USBCLKConfig                         0x080007b5   Thumb Code     8  stm32f10x_rcc.o(.text)
    RCC_ADCCLKConfig                         0x080007bd   Thumb Code    18  stm32f10x_rcc.o(.text)
    RCC_LSEConfig                            0x080007cf   Thumb Code    50  stm32f10x_rcc.o(.text)
    RCC_LSICmd                               0x08000801   Thumb Code     6  stm32f10x_rcc.o(.text)
    RCC_RTCCLKConfig                         0x08000807   Thumb Code    12  stm32f10x_rcc.o(.text)
    RCC_RTCCLKCmd                            0x08000813   Thumb Code     8  stm32f10x_rcc.o(.text)
    RCC_GetClocksFreq                        0x0800081b   Thumb Code   192  stm32f10x_rcc.o(.text)
    RCC_AHBPeriphClockCmd                    0x080008db   Thumb Code    26  stm32f10x_rcc.o(.text)
    RCC_APB2PeriphClockCmd                   0x080008f5   Thumb Code    26  stm32f10x_rcc.o(.text)
    RCC_APB1PeriphClockCmd                   0x0800090f   Thumb Code    26  stm32f10x_rcc.o(.text)
    RCC_APB2PeriphResetCmd                   0x08000929   Thumb Code    26  stm32f10x_rcc.o(.text)
    RCC_APB1PeriphResetCmd                   0x08000943   Thumb Code    26  stm32f10x_rcc.o(.text)
    RCC_BackupResetCmd                       0x0800095d   Thumb Code     8  stm32f10x_rcc.o(.text)
    RCC_ClockSecuritySystemCmd               0x08000965   Thumb Code     6  stm32f10x_rcc.o(.text)
    RCC_MCOConfig                            0x0800096b   Thumb Code     6  stm32f10x_rcc.o(.text)
    RCC_ClearFlag                            0x08000971   Thumb Code    14  stm32f10x_rcc.o(.text)
    RCC_GetITStatus                          0x0800097f   Thumb Code    20  stm32f10x_rcc.o(.text)
    RCC_ClearITPendingBit                    0x08000993   Thumb Code     6  stm32f10x_rcc.o(.text)
    SPI_I2S_DeInit                           0x080009bd   Thumb Code    76  stm32f10x_spi.o(.text)
    SPI_Init                                 0x08000a09   Thumb Code    60  stm32f10x_spi.o(.text)
    I2S_Init                                 0x08000a45   Thumb Code   226  stm32f10x_spi.o(.text)
    SPI_StructInit                           0x08000b27   Thumb Code    24  stm32f10x_spi.o(.text)
    I2S_StructInit                           0x08000b3f   Thumb Code    20  stm32f10x_spi.o(.text)
    SPI_Cmd                                  0x08000b53   Thumb Code    24  stm32f10x_spi.o(.text)
    I2S_Cmd                                  0x08000b6b   Thumb Code    24  stm32f10x_spi.o(.text)
    SPI_I2S_ITConfig                         0x08000b83   Thumb Code    32  stm32f10x_spi.o(.text)
    SPI_I2S_DMACmd                           0x08000ba3   Thumb Code    18  stm32f10x_spi.o(.text)
    SPI_I2S_SendData                         0x08000bb5   Thumb Code     4  stm32f10x_spi.o(.text)
    SPI_I2S_ReceiveData                      0x08000bb9   Thumb Code     6  stm32f10x_spi.o(.text)
    SPI_NSSInternalSoftwareConfig            0x08000bbf   Thumb Code    30  stm32f10x_spi.o(.text)
    SPI_SSOutputCmd                          0x08000bdd   Thumb Code    24  stm32f10x_spi.o(.text)
    SPI_DataSizeConfig                       0x08000bf5   Thumb Code    18  stm32f10x_spi.o(.text)
    SPI_TransmitCRC                          0x08000c07   Thumb Code    10  stm32f10x_spi.o(.text)
    SPI_CalculateCRC                         0x08000c11   Thumb Code    24  stm32f10x_spi.o(.text)
    SPI_GetCRC                               0x08000c29   Thumb Code    16  stm32f10x_spi.o(.text)
    SPI_GetCRCPolynomial                     0x08000c39   Thumb Code     6  stm32f10x_spi.o(.text)
    SPI_BiDirectionalLineConfig              0x08000c3f   Thumb Code    28  stm32f10x_spi.o(.text)
    SPI_I2S_GetFlagStatus                    0x08000c5b   Thumb Code    18  stm32f10x_spi.o(.text)
    SPI_I2S_ClearFlag                        0x08000c6d   Thumb Code     6  stm32f10x_spi.o(.text)
    SPI_I2S_GetITStatus                      0x08000c73   Thumb Code    52  stm32f10x_spi.o(.text)
    SPI_I2S_ClearITPendingBit                0x08000ca7   Thumb Code    20  stm32f10x_spi.o(.text)
    USART_DeInit                             0x08000cc9   Thumb Code   134  stm32f10x_usart.o(.text)
    USART_Init                               0x08000d4f   Thumb Code   210  stm32f10x_usart.o(.text)
    USART_StructInit                         0x08000e21   Thumb Code    24  stm32f10x_usart.o(.text)
    USART_ClockInit                          0x08000e39   Thumb Code    34  stm32f10x_usart.o(.text)
    USART_ClockStructInit                    0x08000e5b   Thumb Code    12  stm32f10x_usart.o(.text)
    USART_Cmd                                0x08000e67   Thumb Code    24  stm32f10x_usart.o(.text)
    USART_ITConfig                           0x08000e7f   Thumb Code    74  stm32f10x_usart.o(.text)
    USART_DMACmd                             0x08000ec9   Thumb Code    18  stm32f10x_usart.o(.text)
    USART_SetAddress                         0x08000edb   Thumb Code    18  stm32f10x_usart.o(.text)
    USART_WakeUpConfig                       0x08000eed   Thumb Code    18  stm32f10x_usart.o(.text)
    USART_ReceiverWakeUpCmd                  0x08000eff   Thumb Code    24  stm32f10x_usart.o(.text)
    USART_LINBreakDetectLengthConfig         0x08000f17   Thumb Code    18  stm32f10x_usart.o(.text)
    USART_LINCmd                             0x08000f29   Thumb Code    24  stm32f10x_usart.o(.text)
    USART_SendData                           0x08000f41   Thumb Code     8  stm32f10x_usart.o(.text)
    USART_ReceiveData                        0x08000f49   Thumb Code    10  stm32f10x_usart.o(.text)
    USART_SendBreak                          0x08000f53   Thumb Code    10  stm32f10x_usart.o(.text)
    USART_SetGuardTime                       0x08000f5d   Thumb Code    16  stm32f10x_usart.o(.text)
    USART_SetPrescaler                       0x08000f6d   Thumb Code    16  stm32f10x_usart.o(.text)
    USART_SmartCardCmd                       0x08000f7d   Thumb Code    24  stm32f10x_usart.o(.text)
    USART_SmartCardNACKCmd                   0x08000f95   Thumb Code    24  stm32f10x_usart.o(.text)
    USART_HalfDuplexCmd                      0x08000fad   Thumb Code    24  stm32f10x_usart.o(.text)
    USART_OverSampling8Cmd                   0x08000fc5   Thumb Code    22  stm32f10x_usart.o(.text)
    USART_OneBitMethodCmd                    0x08000fdb   Thumb Code    24  stm32f10x_usart.o(.text)
    USART_IrDAConfig                         0x08000ff3   Thumb Code    18  stm32f10x_usart.o(.text)
    USART_IrDACmd                            0x08001005   Thumb Code    24  stm32f10x_usart.o(.text)
    USART_GetFlagStatus                      0x0800101d   Thumb Code    26  stm32f10x_usart.o(.text)
    USART_ClearFlag                          0x08001037   Thumb Code    18  stm32f10x_usart.o(.text)
    USART_GetITStatus                        0x08001049   Thumb Code    84  stm32f10x_usart.o(.text)
    USART_ClearITPendingBit                  0x0800109d   Thumb Code    52  stm32f10x_usart.o(.text)
    GPIO_DeInit                              0x080010d1   Thumb Code   172  stm32f10x_gpio.o(.text)
    GPIO_AFIODeInit                          0x0800117d   Thumb Code    20  stm32f10x_gpio.o(.text)
    GPIO_Init                                0x08001191   Thumb Code   278  stm32f10x_gpio.o(.text)
    GPIO_StructInit                          0x080012a7   Thumb Code    16  stm32f10x_gpio.o(.text)
    GPIO_ReadInputDataBit                    0x080012b7   Thumb Code    18  stm32f10x_gpio.o(.text)
    GPIO_ReadInputData                       0x080012c9   Thumb Code     8  stm32f10x_gpio.o(.text)
    GPIO_ReadOutputDataBit                   0x080012d1   Thumb Code    18  stm32f10x_gpio.o(.text)
    GPIO_ReadOutputData                      0x080012e3   Thumb Code     8  stm32f10x_gpio.o(.text)
    GPIO_SetBits                             0x080012eb   Thumb Code     4  stm32f10x_gpio.o(.text)
    GPIO_ResetBits                           0x080012ef   Thumb Code     4  stm32f10x_gpio.o(.text)
    GPIO_WriteBit                            0x080012f3   Thumb Code    10  stm32f10x_gpio.o(.text)
    GPIO_Write                               0x080012fd   Thumb Code     4  stm32f10x_gpio.o(.text)
    GPIO_PinLockConfig                       0x08001301   Thumb Code    18  stm32f10x_gpio.o(.text)
    GPIO_EventOutputConfig                   0x08001313   Thumb Code    26  stm32f10x_gpio.o(.text)
    GPIO_EventOutputCmd                      0x0800132d   Thumb Code     6  stm32f10x_gpio.o(.text)
    GPIO_PinRemapConfig                      0x08001333   Thumb Code   138  stm32f10x_gpio.o(.text)
    GPIO_EXTILineConfig                      0x080013bd   Thumb Code    66  stm32f10x_gpio.o(.text)
    GPIO_ETH_MediaInterfaceConfig            0x080013ff   Thumb Code     8  stm32f10x_gpio.o(.text)
    TIM_DeInit                               0x0800142d   Thumb Code   424  stm32f10x_tim.o(.text)
    TIM_TimeBaseInit                         0x080015d5   Thumb Code   122  stm32f10x_tim.o(.text)
    TIM_OC1Init                              0x0800164f   Thumb Code   132  stm32f10x_tim.o(.text)
    TIM_OC2Init                              0x080016d3   Thumb Code   154  stm32f10x_tim.o(.text)
    TIM_OC3Init                              0x0800176d   Thumb Code   150  stm32f10x_tim.o(.text)
    TIM_OC4Init                              0x08001803   Thumb Code   182  stm32f10x_tim.o(.text)
    TIM_SetIC4Prescaler                      0x080018b9   Thumb Code    26  stm32f10x_tim.o(.text)
    TIM_SetIC3Prescaler                      0x08001955   Thumb Code    18  stm32f10x_tim.o(.text)
    TIM_SetIC2Prescaler                      0x080019e1   Thumb Code    26  stm32f10x_tim.o(.text)
    TIM_SetIC1Prescaler                      0x08001a7d   Thumb Code    18  stm32f10x_tim.o(.text)
    TIM_ICInit                               0x08001afb   Thumb Code   150  stm32f10x_tim.o(.text)
    TIM_PWMIConfig                           0x08001b91   Thumb Code   124  stm32f10x_tim.o(.text)
    TIM_BDTRConfig                           0x08001c0d   Thumb Code    32  stm32f10x_tim.o(.text)
    TIM_TimeBaseStructInit                   0x08001c2d   Thumb Code    18  stm32f10x_tim.o(.text)
    TIM_OCStructInit                         0x08001c3f   Thumb Code    20  stm32f10x_tim.o(.text)
    TIM_ICStructInit                         0x08001c53   Thumb Code    18  stm32f10x_tim.o(.text)
    TIM_BDTRStructInit                       0x08001c65   Thumb Code    40  stm32f10x_tim.o(.text)
    TIM_Cmd                                  0x08001c8d   Thumb Code    24  stm32f10x_tim.o(.text)
    TIM_CtrlPWMOutputs                       0x08001ca5   Thumb Code    30  stm32f10x_tim.o(.text)
    TIM_ITConfig                             0x08001cc3   Thumb Code    18  stm32f10x_tim.o(.text)
    TIM_GenerateEvent                        0x08001cd5   Thumb Code     4  stm32f10x_tim.o(.text)
    TIM_DMAConfig                            0x08001cd9   Thumb Code    10  stm32f10x_tim.o(.text)
    TIM_DMACmd                               0x08001ce3   Thumb Code    18  stm32f10x_tim.o(.text)
    TIM_InternalClockConfig                  0x08001cf5   Thumb Code    12  stm32f10x_tim.o(.text)
    TIM_SelectInputTrigger                   0x08001d01   Thumb Code    18  stm32f10x_tim.o(.text)
    TIM_ITRxExternalClockConfig              0x08001d13   Thumb Code    24  stm32f10x_tim.o(.text)
    TIM_TIxExternalClockConfig               0x08001d2b   Thumb Code    62  stm32f10x_tim.o(.text)
    TIM_ETRConfig                            0x08001d69   Thumb Code    28  stm32f10x_tim.o(.text)
    TIM_ETRClockMode1Config                  0x08001d85   Thumb Code    54  stm32f10x_tim.o(.text)
    TIM_ETRClockMode2Config                  0x08001dbb   Thumb Code    32  stm32f10x_tim.o(.text)
    TIM_PrescalerConfig                      0x08001ddb   Thumb Code     6  stm32f10x_tim.o(.text)
    TIM_CounterModeConfig                    0x08001de1   Thumb Code    18  stm32f10x_tim.o(.text)
    TIM_EncoderInterfaceConfig               0x08001df3   Thumb Code    66  stm32f10x_tim.o(.text)
    TIM_ForcedOC1Config                      0x08001e35   Thumb Code    18  stm32f10x_tim.o(.text)
    TIM_ForcedOC2Config                      0x08001e47   Thumb Code    26  stm32f10x_tim.o(.text)
    TIM_ForcedOC3Config                      0x08001e61   Thumb Code    18  stm32f10x_tim.o(.text)
    TIM_ForcedOC4Config                      0x08001e73   Thumb Code    26  stm32f10x_tim.o(.text)
    TIM_ARRPreloadConfig                     0x08001e8d   Thumb Code    24  stm32f10x_tim.o(.text)
    TIM_SelectCOM                            0x08001ea5   Thumb Code    24  stm32f10x_tim.o(.text)
    TIM_SelectCCDMA                          0x08001ebd   Thumb Code    24  stm32f10x_tim.o(.text)
    TIM_CCPreloadControl                     0x08001ed5   Thumb Code    24  stm32f10x_tim.o(.text)
    TIM_OC1PreloadConfig                     0x08001eed   Thumb Code    18  stm32f10x_tim.o(.text)
    TIM_OC2PreloadConfig                     0x08001eff   Thumb Code    26  stm32f10x_tim.o(.text)
    TIM_OC3PreloadConfig                     0x08001f19   Thumb Code    18  stm32f10x_tim.o(.text)
    TIM_OC4PreloadConfig                     0x08001f2b   Thumb Code    26  stm32f10x_tim.o(.text)
    TIM_OC1FastConfig                        0x08001f45   Thumb Code    18  stm32f10x_tim.o(.text)
    TIM_OC2FastConfig                        0x08001f57   Thumb Code    26  stm32f10x_tim.o(.text)
    TIM_OC3FastConfig                        0x08001f71   Thumb Code    18  stm32f10x_tim.o(.text)
    TIM_OC4FastConfig                        0x08001f83   Thumb Code    26  stm32f10x_tim.o(.text)
    TIM_ClearOC1Ref                          0x08001f9d   Thumb Code    18  stm32f10x_tim.o(.text)
    TIM_ClearOC2Ref                          0x08001faf   Thumb Code    24  stm32f10x_tim.o(.text)
    TIM_ClearOC3Ref                          0x08001fc7   Thumb Code    18  stm32f10x_tim.o(.text)
    TIM_ClearOC4Ref                          0x08001fd9   Thumb Code    24  stm32f10x_tim.o(.text)
    TIM_OC1PolarityConfig                    0x08001ff1   Thumb Code    18  stm32f10x_tim.o(.text)
    TIM_OC1NPolarityConfig                   0x08002003   Thumb Code    18  stm32f10x_tim.o(.text)
    TIM_OC2PolarityConfig                    0x08002015   Thumb Code    26  stm32f10x_tim.o(.text)
    TIM_OC2NPolarityConfig                   0x0800202f   Thumb Code    26  stm32f10x_tim.o(.text)
    TIM_OC3PolarityConfig                    0x08002049   Thumb Code    26  stm32f10x_tim.o(.text)
    TIM_OC3NPolarityConfig                   0x08002063   Thumb Code    26  stm32f10x_tim.o(.text)
    TIM_OC4PolarityConfig                    0x0800207d   Thumb Code    26  stm32f10x_tim.o(.text)
    TIM_CCxCmd                               0x08002097   Thumb Code    30  stm32f10x_tim.o(.text)
    TIM_CCxNCmd                              0x080020b5   Thumb Code    30  stm32f10x_tim.o(.text)
    TIM_SelectOCxM                           0x080020d3   Thumb Code    82  stm32f10x_tim.o(.text)
    TIM_UpdateDisableConfig                  0x08002125   Thumb Code    24  stm32f10x_tim.o(.text)
    TIM_UpdateRequestConfig                  0x0800213d   Thumb Code    24  stm32f10x_tim.o(.text)
    TIM_SelectHallSensor                     0x08002155   Thumb Code    24  stm32f10x_tim.o(.text)
    TIM_SelectOnePulseMode                   0x0800216d   Thumb Code    18  stm32f10x_tim.o(.text)
    TIM_SelectOutputTrigger                  0x0800217f   Thumb Code    18  stm32f10x_tim.o(.text)
    TIM_SelectSlaveMode                      0x08002191   Thumb Code    18  stm32f10x_tim.o(.text)
    TIM_SelectMasterSlaveMode                0x080021a3   Thumb Code    18  stm32f10x_tim.o(.text)
    TIM_SetCounter                           0x080021b5   Thumb Code     4  stm32f10x_tim.o(.text)
    TIM_SetAutoreload                        0x080021b9   Thumb Code     4  stm32f10x_tim.o(.text)
    TIM_SetCompare1                          0x080021bd   Thumb Code     4  stm32f10x_tim.o(.text)
    TIM_SetCompare2                          0x080021c1   Thumb Code     4  stm32f10x_tim.o(.text)
    TIM_SetCompare3                          0x080021c5   Thumb Code     4  stm32f10x_tim.o(.text)
    TIM_SetCompare4                          0x080021c9   Thumb Code     6  stm32f10x_tim.o(.text)
    TIM_SetClockDivision                     0x080021cf   Thumb Code    18  stm32f10x_tim.o(.text)
    TIM_GetCapture1                          0x080021e1   Thumb Code     6  stm32f10x_tim.o(.text)
    TIM_GetCapture2                          0x080021e7   Thumb Code     6  stm32f10x_tim.o(.text)
    TIM_GetCapture3                          0x080021ed   Thumb Code     6  stm32f10x_tim.o(.text)
    TIM_GetCapture4                          0x080021f3   Thumb Code     8  stm32f10x_tim.o(.text)
    TIM_GetCounter                           0x080021fb   Thumb Code     6  stm32f10x_tim.o(.text)
    TIM_GetPrescaler                         0x08002201   Thumb Code     6  stm32f10x_tim.o(.text)
    TIM_GetFlagStatus                        0x08002207   Thumb Code    18  stm32f10x_tim.o(.text)
    TIM_ClearFlag                            0x08002219   Thumb Code     6  stm32f10x_tim.o(.text)
    TIM_GetITStatus                          0x0800221f   Thumb Code    34  stm32f10x_tim.o(.text)
    TIM_ClearITPendingBit                    0x08002241   Thumb Code     6  stm32f10x_tim.o(.text)
    _sys_exit                                0x08002249   Thumb Code     6  usart.o(.text)
    fputc                                    0x0800224f   Thumb Code    24  usart.o(.text)
    uart_init                                0x08002267   Thumb Code   152  usart.o(.text)
    USART1_IRQHandler                        0x080022ff   Thumb Code   122  usart.o(.text)
    WIZ_SPI_Init                             0x08002389   Thumb Code   172  spi.o(.text)
    SPI2_SetSpeed                            0x08002435   Thumb Code    36  spi.o(.text)
    WIZ_CS                                   0x08002459   Thumb Code    30  spi.o(.text)
    SPI2_SendByte                            0x08002477   Thumb Code    78  spi.o(.text)
    GPIO_Configuration                       0x080024cd   Thumb Code    60  device.o(.text)
    Reset_W5500                              0x08002509   Thumb Code    34  device.o(.text)
    reboot                                   0x0800252b   Thumb Code    12  device.o(.text)
    set_network                              0x08002537   Thumb Code   134  device.o(.text)
    set_default                              0x080025bd   Thumb Code    76  device.o(.text)
    close                                    0x0800266d   Thumb Code    52  socket.o(.text)
    socket                                   0x080026a1   Thumb Code   192  socket.o(.text)
    listen                                   0x08002761   Thumb Code    62  socket.o(.text)
    connect                                  0x0800279f   Thumb Code   248  socket.o(.text)
    disconnect                               0x08002897   Thumb Code    38  socket.o(.text)
    send                                     0x080028bd   Thumb Code   216  socket.o(.text)
    recv                                     0x08002995   Thumb Code    66  socket.o(.text)
    sendto                                   0x080029d7   Thumb Code   268  socket.o(.text)
    recvfrom                                 0x08002ae3   Thumb Code   510  socket.o(.text)
    getISR                                   0x08002cf9   Thumb Code     8  w5500.o(.text)
    putISR                                   0x08002d01   Thumb Code     6  w5500.o(.text)
    getIINCHIP_RxMAX                         0x08002d07   Thumb Code    10  w5500.o(.text)
    getIINCHIP_TxMAX                         0x08002d11   Thumb Code    10  w5500.o(.text)
    IINCHIP_CSoff                            0x08002d1b   Thumb Code    10  w5500.o(.text)
    IINCHIP_CSon                             0x08002d25   Thumb Code    10  w5500.o(.text)
    IINCHIP_SpiSendData                      0x08002d2f   Thumb Code    12  w5500.o(.text)
    IINCHIP_WRITE                            0x08002d3b   Thumb Code    50  w5500.o(.text)
    IINCHIP_READ                             0x08002d6d   Thumb Code    50  w5500.o(.text)
    wiz_write_buf                            0x08002d9f   Thumb Code    80  w5500.o(.text)
    wiz_read_buf                             0x08002def   Thumb Code    78  w5500.o(.text)
    setMR                                    0x08002e3d   Thumb Code    14  w5500.o(.text)
    iinchip_init                             0x08002e4b   Thumb Code    10  w5500.o(.text)
    sysinit                                  0x08002e55   Thumb Code   302  w5500.o(.text)
    setGAR                                   0x08002f83   Thumb Code    16  w5500.o(.text)
    getGWIP                                  0x08002f93   Thumb Code    16  w5500.o(.text)
    setSUBR                                  0x08002fa3   Thumb Code    18  w5500.o(.text)
    setSHAR                                  0x08002fb5   Thumb Code    18  w5500.o(.text)
    setSIPR                                  0x08002fc7   Thumb Code    18  w5500.o(.text)
    getGAR                                   0x08002fd9   Thumb Code    16  w5500.o(.text)
    getSUBR                                  0x08002fe9   Thumb Code    18  w5500.o(.text)
    getSHAR                                  0x08002ffb   Thumb Code    18  w5500.o(.text)
    getSIPR                                  0x0800300d   Thumb Code    18  w5500.o(.text)
    getIR                                    0x0800301f   Thumb Code    12  w5500.o(.text)
    setRTR                                   0x0800302b   Thumb Code    26  w5500.o(.text)
    setRCR                                   0x08003045   Thumb Code    16  w5500.o(.text)
    clearIR                                  0x08003055   Thumb Code    26  w5500.o(.text)
    setSn_MSS                                0x0800306f   Thumb Code    36  w5500.o(.text)
    setSn_TTL                                0x08003093   Thumb Code    22  w5500.o(.text)
    getSn_IR                                 0x080030a9   Thumb Code    18  w5500.o(.text)
    getSn_SR                                 0x080030bb   Thumb Code    18  w5500.o(.text)
    getSn_TX_FSR                             0x080030cd   Thumb Code   124  w5500.o(.text)
    getSn_RX_RSR                             0x08003149   Thumb Code    84  w5500.o(.text)
    send_data_processing                     0x0800319d   Thumb Code   116  w5500.o(.text)
    recv_data_processing                     0x08003211   Thumb Code   116  w5500.o(.text)
    setSn_IR                                 0x08003285   Thumb Code    22  w5500.o(.text)
    Systick_Init                             0x080032dd   Thumb Code    56  ult.o(.text)
    Delay_ms                                 0x08003315   Thumb Code    56  ult.o(.text)
    Delay_s                                  0x0800334d   Thumb Code    22  ult.o(.text)
    Delay_us                                 0x08003363   Thumb Code    56  ult.o(.text)
    C2D                                      0x0800339b   Thumb Code    54  ult.o(.text)
    ATOI                                     0x080033d1   Thumb Code    32  ult.o(.text)
    ATOI32                                   0x080033f1   Thumb Code    32  ult.o(.text)
    itoa                                     0x08003411   Thumb Code    64  ult.o(.text)
    ValidATOI                                0x08003451   Thumb Code    72  ult.o(.text)
    replacetochar                            0x08003499   Thumb Code    26  ult.o(.text)
    swaps                                    0x080034b3   Thumb Code    14  ult.o(.text)
    swapl                                    0x080034c1   Thumb Code    28  ult.o(.text)
    mid                                      0x080034dd   Thumb Code    68  ult.o(.text)
    inet_addr_                               0x08003521   Thumb Code    90  ult.o(.text)
    inet_ntoa                                0x0800357b   Thumb Code    40  ult.o(.text)
    inet_ntoa_pad                            0x080035a3   Thumb Code    40  ult.o(.text)
    VerifyIPAddress_orig                     0x080035cb   Thumb Code   110  ult.o(.text)
    VerifyIPAddress                          0x08003639   Thumb Code   116  ult.o(.text)
    GetDestAddr                              0x080036ad   Thumb Code    92  ult.o(.text)
    GetDestPort                              0x08003709   Thumb Code    48  ult.o(.text)
    htons                                    0x08003739   Thumb Code    12  ult.o(.text)
    htonl                                    0x08003745   Thumb Code    12  ult.o(.text)
    ntohs                                    0x08003751   Thumb Code    12  ult.o(.text)
    ntohl                                    0x0800375d   Thumb Code    12  ult.o(.text)
    CheckDestInLocal                         0x08003769   Thumb Code    62  ult.o(.text)
    getSocket                                0x080037a7   Thumb Code    42  ult.o(.text)
    checksum                                 0x080037d1   Thumb Code    76  ult.o(.text)
    MQTTSerialize_connectLength              0x0800381d   Thumb Code   118  mqttconnectclient.o(.text)
    MQTTSerialize_connect                    0x08003893   Thumb Code   342  mqttconnectclient.o(.text)
    MQTTDeserialize_connack                  0x080039e9   Thumb Code   118  mqttconnectclient.o(.text)
    MQTTSerialize_zero                       0x08003a5f   Thumb Code    76  mqttconnectclient.o(.text)
    MQTTSerialize_disconnect                 0x08003aab   Thumb Code    18  mqttconnectclient.o(.text)
    MQTTSerialize_pingreq                    0x08003abd   Thumb Code    18  mqttconnectclient.o(.text)
    MQTTDeserialize_publish                  0x08003ae1   Thumb Code   208  mqttdeserializepublish.o(.text)
    MQTTDeserialize_ack                      0x08003bb1   Thumb Code   108  mqttdeserializepublish.o(.text)
    MQTTPacket_encode                        0x08003c75   Thumb Code    54  mqttpacket.o(.text)
    MQTTPacket_decode                        0x08003cab   Thumb Code    88  mqttpacket.o(.text)
    MQTTPacket_len                           0x08003d03   Thumb Code    34  mqttpacket.o(.text)
    bufchar                                  0x08003d25   Thumb Code    36  mqttpacket.o(.text)
    MQTTPacket_decodeBuf                     0x08003d49   Thumb Code    22  mqttpacket.o(.text)
    readInt                                  0x08003d5f   Thumb Code    26  mqttpacket.o(.text)
    readChar                                 0x08003d79   Thumb Code    14  mqttpacket.o(.text)
    writeChar                                0x08003d87   Thumb Code    12  mqttpacket.o(.text)
    writeInt                                 0x08003d93   Thumb Code    48  mqttpacket.o(.text)
    writeCString                             0x08003dc3   Thumb Code    40  mqttpacket.o(.text)
    getLenStringLen                          0x08003deb   Thumb Code    18  mqttpacket.o(.text)
    writeMQTTString                          0x08003dfd   Thumb Code    62  mqttpacket.o(.text)
    readMQTTLenString                        0x08003e3b   Thumb Code    68  mqttpacket.o(.text)
    MQTTstrlen                               0x08003e7f   Thumb Code    24  mqttpacket.o(.text)
    MQTTPacket_equals                        0x08003e97   Thumb Code    66  mqttpacket.o(.text)
    MQTTPacket_read                          0x08003ed9   Thumb Code    98  mqttpacket.o(.text)
    MQTTPacket_readnb                        0x08003fa1   Thumb Code   200  mqttpacket.o(.text)
    MQTTSerialize_publishLength              0x08004075   Thumb Code    34  mqttserializepublish.o(.text)
    MQTTSerialize_publish                    0x08004097   Thumb Code   176  mqttserializepublish.o(.text)
    MQTTSerialize_ack                        0x08004147   Thumb Code   114  mqttserializepublish.o(.text)
    MQTTSerialize_puback                     0x080041b9   Thumb Code    24  mqttserializepublish.o(.text)
    MQTTSerialize_pubrel                     0x080041d1   Thumb Code    26  mqttserializepublish.o(.text)
    MQTTSerialize_pubcomp                    0x080041eb   Thumb Code    24  mqttserializepublish.o(.text)
    MQTTSerialize_subscribeLength            0x08004203   Thumb Code    46  mqttsubscribeclient.o(.text)
    MQTTSerialize_subscribe                  0x08004231   Thumb Code   176  mqttsubscribeclient.o(.text)
    MQTTDeserialize_suback                   0x080042e1   Thumb Code   146  mqttsubscribeclient.o(.text)
    Subscribe_sendPacketBuffer               0x08004375   Thumb Code    18  mqtt_fun.o(.text)
    Published_sendPacketBuffer               0x08004387   Thumb Code    18  mqtt_fun.o(.text)
    Subscribe_getdata                        0x08004399   Thumb Code    18  mqtt_fun.o(.text)
    Published_getdata                        0x080043ab   Thumb Code    18  mqtt_fun.o(.text)
    Subscribe_open                           0x080043bd   Thumb Code   102  mqtt_fun.o(.text)
    Published_open                           0x08004423   Thumb Code    96  mqtt_fun.o(.text)
    Subscribe_close                          0x08004483   Thumb Code    28  mqtt_fun.o(.text)
    Published_close                          0x0800449f   Thumb Code    28  mqtt_fun.o(.text)
    make_con_msg                             0x080044bb   Thumb Code    72  mqtt_fun.o(.text)
    make_sub_msg                             0x08004503   Thumb Code    76  mqtt_fun.o(.text)
    make_pub_msg                             0x0800454f   Thumb Code    96  mqtt_fun.o(.text)
    make_ping_msg                            0x080045af   Thumb Code    18  mqtt_fun.o(.text)
    mqtt_decode_msg                          0x080045c1   Thumb Code    26  mqtt_fun.o(.text)
    replace_string                           0x08004719   Thumb Code    94  tcp_client.o(.text)
    MQTT_CON_ALI                             0x08004777   Thumb Code   936  tcp_client.o(.text)
    __use_no_semihosting                     0x08004c85   Thumb Code     2  use_no_semi_2.o(.text)
    __c89printf                              0x08004c89   Thumb Code    20  c89printf.o(.text)
    __2printf                                0x08004ca1   Thumb Code    20  __2printf.o(.text)
    __2sprintf                               0x08004cb9   Thumb Code    38  __2sprintf.o(.text)
    _printf_pre_padding                      0x08004ce5   Thumb Code    44  _printf_pad.o(.text)
    _printf_post_padding                     0x08004d11   Thumb Code    34  _printf_pad.o(.text)
    _printf_str                              0x08004d33   Thumb Code    82  _printf_str.o(.text)
    _printf_int_dec                          0x08004d85   Thumb Code   104  _printf_dec.o(.text)
    _printf_longlong_hex                     0x08004dfd   Thumb Code    86  _printf_hex_int_ll_ptr.o(.text)
    _printf_int_hex                          0x08004e53   Thumb Code    28  _printf_hex_int_ll_ptr.o(.text)
    _printf_ll_hex                           0x08004e6f   Thumb Code    12  _printf_hex_int_ll_ptr.o(.text)
    _printf_hex_ptr                          0x08004e7b   Thumb Code    18  _printf_hex_int_ll_ptr.o(.text)
    __printf                                 0x08004e91   Thumb Code   388  __printf_flags_ss_wp.o(.text)
    strtok                                   0x08005019   Thumb Code     6  strtok.o(.text)
    strstr                                   0x08005025   Thumb Code    36  strstr.o(.text)
    strcpy                                   0x08005049   Thumb Code    72  strcpy.o(.text)
    strlen                                   0x08005091   Thumb Code    62  strlen.o(.text)
    strncmp                                  0x080050cf   Thumb Code   150  strncmp.o(.text)
    strcat                                   0x08005165   Thumb Code    24  strcat.o(.text)
    __aeabi_memcpy                           0x0800517d   Thumb Code     0  rt_memcpy_v6.o(.text)
    __rt_memcpy                              0x0800517d   Thumb Code   138  rt_memcpy_v6.o(.text)
    _memcpy_lastbytes                        0x080051e3   Thumb Code     0  rt_memcpy_v6.o(.text)
    __aeabi_memcpy4                          0x08005207   Thumb Code     0  rt_memcpy_w.o(.text)
    __aeabi_memcpy8                          0x08005207   Thumb Code     0  rt_memcpy_w.o(.text)
    __rt_memcpy_w                            0x08005207   Thumb Code   100  rt_memcpy_w.o(.text)
    _memcpy_lastbytes_aligned                0x0800524f   Thumb Code     0  rt_memcpy_w.o(.text)
    __aeabi_memset                           0x0800526b   Thumb Code    16  aeabi_memset.o(.text)
    __aeabi_memclr                           0x0800527b   Thumb Code     0  rt_memclr.o(.text)
    __rt_memclr                              0x0800527b   Thumb Code    68  rt_memclr.o(.text)
    _memset                                  0x0800527f   Thumb Code     0  rt_memclr.o(.text)
    __aeabi_memclr4                          0x080052bf   Thumb Code     0  rt_memclr_w.o(.text)
    __aeabi_memclr8                          0x080052bf   Thumb Code     0  rt_memclr_w.o(.text)
    __rt_memclr_w                            0x080052bf   Thumb Code    78  rt_memclr_w.o(.text)
    _memset_w                                0x080052c3   Thumb Code     0  rt_memclr_w.o(.text)
    strncpy                                  0x0800530d   Thumb Code    86  strncpy.o(.text)
    __use_two_region_memory                  0x08005363   Thumb Code     2  heapauxi.o(.text)
    __rt_heap_escrow                         0x08005365   Thumb Code     2  heapauxi.o(.text)
    __rt_heap_expand                         0x08005367   Thumb Code     2  heapauxi.o(.text)
    __I$use$semihosting                      0x08005369   Thumb Code     0  use_no_semi.o(.text)
    __use_no_semihosting_swi                 0x08005369   Thumb Code     2  use_no_semi.o(.text)
    __rt_ctype_table                         0x0800536d   Thumb Code    16  rt_ctype_table.o(.text)
    _printf_truncate_signed                  0x0800537d   Thumb Code    18  _printf_truncate.o(.text)
    _printf_truncate_unsigned                0x0800538f   Thumb Code    18  _printf_truncate.o(.text)
    _printf_int_common                       0x080053a1   Thumb Code   178  _printf_intcommon.o(.text)
    _printf_charcount                        0x08005453   Thumb Code    40  _printf_charcount.o(.text)
    __lib_sel_fp_printf                      0x0800547b   Thumb Code     2  _printf_fp_dec.o(.text)
    _printf_fp_dec_real                      0x08005629   Thumb Code   620  _printf_fp_dec.o(.text)
    _printf_char_common                      0x0800589f   Thumb Code    32  _printf_char_common.o(.text)
    _sputc                                   0x080058c5   Thumb Code    10  _sputc.o(.text)
    _printf_cs_common                        0x080058cf   Thumb Code    20  _printf_char.o(.text)
    _printf_char                             0x080058e3   Thumb Code    16  _printf_char.o(.text)
    _printf_string                           0x080058f3   Thumb Code     8  _printf_char.o(.text)
    _printf_char_file                        0x080058fd   Thumb Code    32  _printf_char_file.o(.text)
    _printf_wctomb                           0x08005921   Thumb Code   182  _printf_wctomb.o(.text)
    _printf_longlong_dec                     0x080059dd   Thumb Code   108  _printf_longlong_dec.o(.text)
    _printf_longlong_oct                     0x08005a59   Thumb Code    68  _printf_oct_int_ll.o(.text)
    _printf_int_oct                          0x08005a9d   Thumb Code    24  _printf_oct_int_ll.o(.text)
    _printf_ll_oct                           0x08005ab5   Thumb Code    12  _printf_oct_int_ll.o(.text)
    __strtok_internal                        0x08005ac9   Thumb Code    64  strtok_int.o(.text)
    __user_libspace                          0x08005b0d   Thumb Code     8  libspace.o(.text)
    __user_perproc_libspace                  0x08005b0d   Thumb Code     0  libspace.o(.text)
    __user_perthread_libspace                0x08005b0d   Thumb Code     0  libspace.o(.text)
    __rt_locale                              0x08005b15   Thumb Code     8  rt_locale_intlibspace.o(.text)
    _ll_udiv10                               0x08005b1d   Thumb Code   138  lludiv10.o(.text)
    _printf_fp_infnan                        0x08005ba9   Thumb Code   112  _printf_fp_infnan.o(.text)
    _printf_lcs_common                       0x08005c29   Thumb Code    20  _printf_wchar.o(.text)
    _printf_wchar                            0x08005c3d   Thumb Code    16  _printf_wchar.o(.text)
    _printf_wstring                          0x08005c4d   Thumb Code     8  _printf_wchar.o(.text)
    _btod_etento                             0x08005c55   Thumb Code   216  bigflt0.o(.text)
    ferror                                   0x08005d31   Thumb Code     8  ferror.o(.text)
    _wcrtomb                                 0x08005d39   Thumb Code    64  _wcrtomb.o(.text)
    strcspn                                  0x08005d79   Thumb Code    32  strcspn.o(.text)
    strspn                                   0x08005d99   Thumb Code    28  strspn.o(.text)
    __user_setup_stackheap                   0x08005db5   Thumb Code    74  sys_stackheap_outer.o(.text)
    exit                                     0x08005dff   Thumb Code    12  exit.o(.text)
    strcmp                                   0x08005e0d   Thumb Code   128  strcmpv7m.o(.text)
    _btod_d2e                                0x08005e8d   Thumb Code    62  btod.o(CL$$btod_d2e)
    _d2e_denorm_low                          0x08005ecb   Thumb Code    70  btod.o(CL$$btod_d2e_denorm_low)
    _d2e_norm_op1                            0x08005f11   Thumb Code    96  btod.o(CL$$btod_d2e_norm_op1)
    __btod_div_common                        0x08005f71   Thumb Code   696  btod.o(CL$$btod_div_common)
    _e2e                                     0x080062a9   Thumb Code   198  btod.o(CL$$btod_e2e)
    _btod_ediv                               0x0800636f   Thumb Code    40  btod.o(CL$$btod_ediv)
    _btod_emul                               0x08006397   Thumb Code    40  btod.o(CL$$btod_emul)
    __btod_mult_common                       0x080063bf   Thumb Code   580  btod.o(CL$$btod_mult_common)
    __ARM_fpclassify                         0x08006603   Thumb Code    40  fpclassify.o(i.__ARM_fpclassify)
    _is_digit                                0x0800662b   Thumb Code    14  __printf_wp.o(i._is_digit)
    _get_lc_ctype                            0x08006639   Thumb Code    44  lc_ctype_c.o(locale$$code)
    _get_lc_numeric                          0x08006665   Thumb Code    44  lc_numeric_c.o(locale$$code)
    _printf_fp_dec                           0x08006691   Thumb Code     4  printf1.o(x$fpl$printf1)
    __I$use$fp                               0x08006694   Number         0  usenofp.o(x$fpl$usenofp)
    Region$$Table$$Base                      0x080067c4   Number         0  anon$$obj.o(Region$$Table)
    Region$$Table$$Limit                     0x080067e4   Number         0  anon$$obj.o(Region$$Table)
    __ctype                                  0x080067f1   Data           0  lc_ctype_c.o(locale$$data)
    SystemCoreClock                          0x20000000   Data           4  system_stm32f10x.o(.data)
    AHBPrescTable                            0x20000004   Data          16  system_stm32f10x.o(.data)
    __stdout                                 0x20000028   Data           4  usart.o(.data)
    USART_RX_STA                             0x2000002c   Data           2  usart.o(.data)
    txsize                                   0x2000002e   Data           8  device.o(.data)
    rxsize                                   0x20000036   Data           8  device.o(.data)
    mac                                      0x2000003e   Data           6  device.o(.data)
    lip                                      0x20000044   Data           4  device.o(.data)
    sub                                      0x20000048   Data           4  device.o(.data)
    gw                                       0x2000004c   Data           4  device.o(.data)
    dns                                      0x20000050   Data           4  device.o(.data)
    DNS_GET_IP                               0x20000064   Data           4  dns.o(.data)
    server_ip                                0x20000068   Data           4  dns.o(.data)
    MSG_ID                                   0x2000006c   Data           2  dns.o(.data)
    dns_num                                  0x2000006e   Data           1  dns.o(.data)
    mqtt_server_ip                           0x20000078   Data           4  tcp_client.o(.data)
    server_port                              0x2000007c   Data           2  tcp_client.o(.data)
    local_port                               0x2000007e   Data           2  tcp_client.o(.data)
    len                                      0x20000080   Data           2  tcp_client.o(.data)
    CONNECT_FLAG                             0x20000082   Data           1  tcp_client.o(.data)
    SUB_FLAG                                 0x20000083   Data           1  tcp_client.o(.data)
    PUB_FLAG                                 0x20000084   Data           1  tcp_client.o(.data)
    dup                                      0x20000085   Data           1  tcp_client.o(.data)
    qos                                      0x20000088   Data           4  tcp_client.o(.data)
    retained                                 0x2000008c   Data           1  tcp_client.o(.data)
    mssageid                                 0x2000008e   Data           2  tcp_client.o(.data)
    payloadlen_in                            0x20000090   Data           4  tcp_client.o(.data)
    payload_in                               0x20000094   Data           4  tcp_client.o(.data)
    topic                                    0x20000098   Data         100  tcp_client.o(.data)
    count                                    0x200000fc   Data           4  tcp_client.o(.data)
    USART_RX_BUF                             0x20000104   Data         200  usart.o(.bss)
    ConfigMsg                                0x200001cc   Data          46  device.o(.bss)
    RecvMsg                                  0x200001fa   Data          46  device.o(.bss)
    pub_buf                                  0x20000228   Data        1460  device.o(.bss)
    msgbuf                                   0x2000082c   Data        1024  tcp_client.o(.bss)
    ser_cmd                                  0x20000c2c   Data         240  tcp_client.o(.bss)
    receivedTopic                            0x20000d1c   Data          12  tcp_client.o(.bss)
    new_topic                                0x20000d28   Data         100  tcp_client.o(.bss)
    rebuf                                    0x20000d8c   Data        1024  tcp_client.o(.bss)
    __libspace_start                         0x2000118c   Data          96  libspace.o(.bss)
    __temporary_stack_top$libspace           0x200011ec   Data           0  libspace.o(.bss)



==============================================================================

Memory Map of the image

  Image Entry point : 0x08000131

  Load Region LR_IROM1 (Base: 0x08000000, Size: 0x00006a14, Max: 0x00080000, ABSOLUTE)

    Execution Region ER_IROM1 (Base: 0x08000000, Size: 0x00006910, Max: 0x00080000, ABSOLUTE)

    Base Addr    Size         Type   Attr      Idx    E Section Name        Object

    0x08000000   0x00000130   Data   RO          222    RESET               startup_stm32f10x_hd.o
    0x08000130   0x00000008   Code   RO         1015  * !!!main             c_w.l(__main.o)
    0x08000138   0x00000034   Code   RO         1435    !!!scatter          c_w.l(__scatter.o)
    0x0800016c   0x0000001a   Code   RO         1437    !!handler_copy      c_w.l(__scatter_copy.o)
    0x08000186   0x00000002   PAD
    0x08000188   0x0000001c   Code   RO         1439    !!handler_zi        c_w.l(__scatter_zi.o)
    0x080001a4   0x00000000   Code   RO          983    .ARM.Collect$$_printf_percent$$00000000  c_w.l(_printf_percent.o)
    0x080001a4   0x00000006   Code   RO         1131    .ARM.Collect$$_printf_percent$$00000001  c_w.l(_printf_n.o)
    0x080001aa   0x00000006   Code   RO         1132    .ARM.Collect$$_printf_percent$$00000002  c_w.l(_printf_p.o)
    0x080001b0   0x00000006   Code   RO          981    .ARM.Collect$$_printf_percent$$00000003  c_w.l(_printf_f.o)
    0x080001b6   0x00000006   Code   RO          982    .ARM.Collect$$_printf_percent$$00000004  c_w.l(_printf_e.o)
    0x080001bc   0x00000006   Code   RO         1136    .ARM.Collect$$_printf_percent$$00000005  c_w.l(_printf_g.o)
    0x080001c2   0x00000006   Code   RO         1137    .ARM.Collect$$_printf_percent$$00000006  c_w.l(_printf_a.o)
    0x080001c8   0x0000000a   Code   RO         1142    .ARM.Collect$$_printf_percent$$00000007  c_w.l(_printf_ll.o)
    0x080001d2   0x00000006   Code   RO         1134    .ARM.Collect$$_printf_percent$$00000008  c_w.l(_printf_i.o)
    0x080001d8   0x00000006   Code   RO          980    .ARM.Collect$$_printf_percent$$00000009  c_w.l(_printf_d.o)
    0x080001de   0x00000006   Code   RO         1135    .ARM.Collect$$_printf_percent$$0000000A  c_w.l(_printf_u.o)
    0x080001e4   0x00000006   Code   RO         1133    .ARM.Collect$$_printf_percent$$0000000B  c_w.l(_printf_o.o)
    0x080001ea   0x00000006   Code   RO          979    .ARM.Collect$$_printf_percent$$0000000C  c_w.l(_printf_x.o)
    0x080001f0   0x00000006   Code   RO         1139    .ARM.Collect$$_printf_percent$$0000000D  c_w.l(_printf_lli.o)
    0x080001f6   0x00000006   Code   RO         1140    .ARM.Collect$$_printf_percent$$0000000E  c_w.l(_printf_lld.o)
    0x080001fc   0x00000006   Code   RO         1141    .ARM.Collect$$_printf_percent$$0000000F  c_w.l(_printf_llu.o)
    0x08000202   0x00000006   Code   RO         1146    .ARM.Collect$$_printf_percent$$00000010  c_w.l(_printf_llo.o)
    0x08000208   0x00000006   Code   RO         1147    .ARM.Collect$$_printf_percent$$00000011  c_w.l(_printf_llx.o)
    0x0800020e   0x0000000a   Code   RO         1143    .ARM.Collect$$_printf_percent$$00000012  c_w.l(_printf_l.o)
    0x08000218   0x00000006   Code   RO         1130    .ARM.Collect$$_printf_percent$$00000013  c_w.l(_printf_c.o)
    0x0800021e   0x00000006   Code   RO          978    .ARM.Collect$$_printf_percent$$00000014  c_w.l(_printf_s.o)
    0x08000224   0x00000006   Code   RO         1144    .ARM.Collect$$_printf_percent$$00000015  c_w.l(_printf_lc.o)
    0x0800022a   0x00000006   Code   RO         1145    .ARM.Collect$$_printf_percent$$00000016  c_w.l(_printf_ls.o)
    0x08000230   0x00000004   Code   RO         1138    .ARM.Collect$$_printf_percent$$00000017  c_w.l(_printf_percent_end.o)
    0x08000234   0x00000002   Code   RO         1373    .ARM.Collect$$libinit$$00000000  c_w.l(libinit.o)
    0x08000236   0x00000000   Code   RO         1153    .ARM.Collect$$libinit$$00000002  c_w.l(libinit2.o)
    0x08000236   0x00000000   Code   RO         1155    .ARM.Collect$$libinit$$00000004  c_w.l(libinit2.o)
    0x08000236   0x00000000   Code   RO         1158    .ARM.Collect$$libinit$$0000000A  c_w.l(libinit2.o)
    0x08000236   0x00000000   Code   RO         1160    .ARM.Collect$$libinit$$0000000C  c_w.l(libinit2.o)
    0x08000236   0x00000000   Code   RO         1162    .ARM.Collect$$libinit$$0000000E  c_w.l(libinit2.o)
    0x08000236   0x00000006   Code   RO         1163    .ARM.Collect$$libinit$$0000000F  c_w.l(libinit2.o)
    0x0800023c   0x00000000   Code   RO         1165    .ARM.Collect$$libinit$$00000011  c_w.l(libinit2.o)
    0x0800023c   0x0000000c   Code   RO         1166    .ARM.Collect$$libinit$$00000012  c_w.l(libinit2.o)
    0x08000248   0x00000000   Code   RO         1167    .ARM.Collect$$libinit$$00000013  c_w.l(libinit2.o)
    0x08000248   0x00000000   Code   RO         1169    .ARM.Collect$$libinit$$00000015  c_w.l(libinit2.o)
    0x08000248   0x0000000a   Code   RO         1170    .ARM.Collect$$libinit$$00000016  c_w.l(libinit2.o)
    0x08000252   0x00000000   Code   RO         1171    .ARM.Collect$$libinit$$00000017  c_w.l(libinit2.o)
    0x08000252   0x00000000   Code   RO         1173    .ARM.Collect$$libinit$$00000019  c_w.l(libinit2.o)
    0x08000252   0x00000000   Code   RO         1175    .ARM.Collect$$libinit$$0000001B  c_w.l(libinit2.o)
    0x08000252   0x00000000   Code   RO         1177    .ARM.Collect$$libinit$$0000001D  c_w.l(libinit2.o)
    0x08000252   0x00000000   Code   RO         1179    .ARM.Collect$$libinit$$0000001F  c_w.l(libinit2.o)
    0x08000252   0x00000000   Code   RO         1181    .ARM.Collect$$libinit$$00000021  c_w.l(libinit2.o)
    0x08000252   0x00000000   Code   RO         1183    .ARM.Collect$$libinit$$00000023  c_w.l(libinit2.o)
    0x08000252   0x00000000   Code   RO         1185    .ARM.Collect$$libinit$$00000025  c_w.l(libinit2.o)
    0x08000252   0x00000000   Code   RO         1189    .ARM.Collect$$libinit$$0000002C  c_w.l(libinit2.o)
    0x08000252   0x00000000   Code   RO         1191    .ARM.Collect$$libinit$$0000002E  c_w.l(libinit2.o)
    0x08000252   0x00000000   Code   RO         1193    .ARM.Collect$$libinit$$00000030  c_w.l(libinit2.o)
    0x08000252   0x00000000   Code   RO         1195    .ARM.Collect$$libinit$$00000032  c_w.l(libinit2.o)
    0x08000252   0x00000002   Code   RO         1196    .ARM.Collect$$libinit$$00000033  c_w.l(libinit2.o)
    0x08000254   0x00000002   Code   RO         1432    .ARM.Collect$$libshutdown$$00000000  c_w.l(libshutdown.o)
    0x08000256   0x00000000   Code   RO         1390    .ARM.Collect$$libshutdown$$00000003  c_w.l(libshutdown2.o)
    0x08000256   0x00000000   Code   RO         1393    .ARM.Collect$$libshutdown$$00000006  c_w.l(libshutdown2.o)
    0x08000256   0x00000000   Code   RO         1396    .ARM.Collect$$libshutdown$$00000009  c_w.l(libshutdown2.o)
    0x08000256   0x00000000   Code   RO         1398    .ARM.Collect$$libshutdown$$0000000B  c_w.l(libshutdown2.o)
    0x08000256   0x00000000   Code   RO         1401    .ARM.Collect$$libshutdown$$0000000E  c_w.l(libshutdown2.o)
    0x08000256   0x00000002   Code   RO         1402    .ARM.Collect$$libshutdown$$0000000F  c_w.l(libshutdown2.o)
    0x08000258   0x00000000   Code   RO         1067    .ARM.Collect$$rtentry$$00000000  c_w.l(__rtentry.o)
    0x08000258   0x00000000   Code   RO         1245    .ARM.Collect$$rtentry$$00000002  c_w.l(__rtentry2.o)
    0x08000258   0x00000006   Code   RO         1257    .ARM.Collect$$rtentry$$00000004  c_w.l(__rtentry4.o)
    0x0800025e   0x00000000   Code   RO         1247    .ARM.Collect$$rtentry$$00000009  c_w.l(__rtentry2.o)
    0x0800025e   0x00000004   Code   RO         1248    .ARM.Collect$$rtentry$$0000000A  c_w.l(__rtentry2.o)
    0x08000262   0x00000000   Code   RO         1250    .ARM.Collect$$rtentry$$0000000C  c_w.l(__rtentry2.o)
    0x08000262   0x00000008   Code   RO         1251    .ARM.Collect$$rtentry$$0000000D  c_w.l(__rtentry2.o)
    0x0800026a   0x00000002   Code   RO         1376    .ARM.Collect$$rtexit$$00000000  c_w.l(rtexit.o)
    0x0800026c   0x00000000   Code   RO         1408    .ARM.Collect$$rtexit$$00000002  c_w.l(rtexit2.o)
    0x0800026c   0x00000004   Code   RO         1409    .ARM.Collect$$rtexit$$00000003  c_w.l(rtexit2.o)
    0x08000270   0x00000006   Code   RO         1410    .ARM.Collect$$rtexit$$00000004  c_w.l(rtexit2.o)
    0x08000276   0x00000002   PAD
    0x08000278   0x00000088   Code   RO            1    .text               main.o
    0x08000300   0x0000001a   Code   RO          150    .text               stm32f10x_it.o
    0x0800031a   0x00000002   PAD
    0x0800031c   0x000001e0   Code   RO          191    .text               system_stm32f10x.o
    0x080004fc   0x00000040   Code   RO          223    .text               startup_stm32f10x_hd.o
    0x0800053c   0x000000dc   Code   RO          227    .text               misc.o
    0x08000618   0x000003a4   Code   RO          239    .text               stm32f10x_rcc.o
    0x080009bc   0x0000030c   Code   RO          253    .text               stm32f10x_spi.o
    0x08000cc8   0x00000408   Code   RO          265    .text               stm32f10x_usart.o
    0x080010d0   0x0000035c   Code   RO          277    .text               stm32f10x_gpio.o
    0x0800142c   0x00000e1a   Code   RO          301    .text               stm32f10x_tim.o
    0x08002246   0x00000002   PAD
    0x08002248   0x00000140   Code   RO          358    .text               usart.o
    0x08002388   0x00000144   Code   RO          442    .text               spi.o
    0x080024cc   0x000001a0   Code   RO          480    .text               device.o
    0x0800266c   0x0000068c   Code   RO          503    .text               socket.o
    0x08002cf8   0x000005e4   Code   RO          518    .text               w5500.o
    0x080032dc   0x00000540   Code   RO          537    .text               ult.o
    0x0800381c   0x000002c4   Code   RO          656    .text               mqttconnectclient.o
    0x08003ae0   0x00000194   Code   RO          701    .text               mqttdeserializepublish.o
    0x08003c74   0x00000400   Code   RO          729    .text               mqttpacket.o
    0x08004074   0x0000018e   Code   RO          743    .text               mqttserializepublish.o
    0x08004202   0x00000170   Code   RO          755    .text               mqttsubscribeclient.o
    0x08004372   0x00000002   PAD
    0x08004374   0x000003a4   Code   RO          803    .text               mqtt_fun.o
    0x08004718   0x0000056c   Code   RO          823    .text               tcp_client.o
    0x08004c84   0x00000002   Code   RO          847    .text               c_w.l(use_no_semi_2.o)
    0x08004c86   0x00000002   PAD
    0x08004c88   0x00000018   Code   RO          915    .text               c_w.l(c89printf.o)
    0x08004ca0   0x00000018   Code   RO          917    .text               c_w.l(__2printf.o)
    0x08004cb8   0x0000002c   Code   RO          919    .text               c_w.l(__2sprintf.o)
    0x08004ce4   0x0000004e   Code   RO          931    .text               c_w.l(_printf_pad.o)
    0x08004d32   0x00000052   Code   RO          933    .text               c_w.l(_printf_str.o)
    0x08004d84   0x00000078   Code   RO          935    .text               c_w.l(_printf_dec.o)
    0x08004dfc   0x00000094   Code   RO          955    .text               c_w.l(_printf_hex_int_ll_ptr.o)
    0x08004e90   0x00000188   Code   RO          975    .text               c_w.l(__printf_flags_ss_wp.o)
    0x08005018   0x0000000c   Code   RO          984    .text               c_w.l(strtok.o)
    0x08005024   0x00000024   Code   RO          989    .text               c_w.l(strstr.o)
    0x08005048   0x00000048   Code   RO          993    .text               c_w.l(strcpy.o)
    0x08005090   0x0000003e   Code   RO          995    .text               c_w.l(strlen.o)
    0x080050ce   0x00000096   Code   RO          997    .text               c_w.l(strncmp.o)
    0x08005164   0x00000018   Code   RO          999    .text               c_w.l(strcat.o)
    0x0800517c   0x0000008a   Code   RO         1001    .text               c_w.l(rt_memcpy_v6.o)
    0x08005206   0x00000064   Code   RO         1003    .text               c_w.l(rt_memcpy_w.o)
    0x0800526a   0x00000010   Code   RO         1005    .text               c_w.l(aeabi_memset.o)
    0x0800527a   0x00000044   Code   RO         1007    .text               c_w.l(rt_memclr.o)
    0x080052be   0x0000004e   Code   RO         1009    .text               c_w.l(rt_memclr_w.o)
    0x0800530c   0x00000056   Code   RO         1011    .text               c_w.l(strncpy.o)
    0x08005362   0x00000006   Code   RO         1013    .text               c_w.l(heapauxi.o)
    0x08005368   0x00000002   Code   RO         1063    .text               c_w.l(use_no_semi.o)
    0x0800536a   0x00000002   PAD
    0x0800536c   0x00000010   Code   RO         1068    .text               c_w.l(rt_ctype_table.o)
    0x0800537c   0x00000024   Code   RO         1101    .text               c_w.l(_printf_truncate.o)
    0x080053a0   0x000000b2   Code   RO         1103    .text               c_w.l(_printf_intcommon.o)
    0x08005452   0x00000028   Code   RO         1105    .text               c_w.l(_printf_charcount.o)
    0x0800547a   0x0000041a   Code   RO         1107    .text               c_w.l(_printf_fp_dec.o)
    0x08005894   0x00000030   Code   RO         1109    .text               c_w.l(_printf_char_common.o)
    0x080058c4   0x0000000a   Code   RO         1111    .text               c_w.l(_sputc.o)
    0x080058ce   0x0000002c   Code   RO         1115    .text               c_w.l(_printf_char.o)
    0x080058fa   0x00000002   PAD
    0x080058fc   0x00000024   Code   RO         1117    .text               c_w.l(_printf_char_file.o)
    0x08005920   0x000000bc   Code   RO         1119    .text               c_w.l(_printf_wctomb.o)
    0x080059dc   0x0000007c   Code   RO         1122    .text               c_w.l(_printf_longlong_dec.o)
    0x08005a58   0x00000070   Code   RO         1128    .text               c_w.l(_printf_oct_int_ll.o)
    0x08005ac8   0x00000044   Code   RO         1148    .text               c_w.l(strtok_int.o)
    0x08005b0c   0x00000008   Code   RO         1241    .text               c_w.l(libspace.o)
    0x08005b14   0x00000008   Code   RO         1264    .text               c_w.l(rt_locale_intlibspace.o)
    0x08005b1c   0x0000008a   Code   RO         1279    .text               c_w.l(lludiv10.o)
    0x08005ba6   0x00000002   PAD
    0x08005ba8   0x00000080   Code   RO         1281    .text               c_w.l(_printf_fp_infnan.o)
    0x08005c28   0x0000002c   Code   RO         1285    .text               c_w.l(_printf_wchar.o)
    0x08005c54   0x000000dc   Code   RO         1287    .text               c_w.l(bigflt0.o)
    0x08005d30   0x00000008   Code   RO         1312    .text               c_w.l(ferror.o)
    0x08005d38   0x00000040   Code   RO         1316    .text               c_w.l(_wcrtomb.o)
    0x08005d78   0x00000020   Code   RO         1328    .text               c_w.l(strcspn.o)
    0x08005d98   0x0000001c   Code   RO         1330    .text               c_w.l(strspn.o)
    0x08005db4   0x0000004a   Code   RO         1346    .text               c_w.l(sys_stackheap_outer.o)
    0x08005dfe   0x0000000c   Code   RO         1352    .text               c_w.l(exit.o)
    0x08005e0a   0x00000002   PAD
    0x08005e0c   0x00000080   Code   RO         1362    .text               c_w.l(strcmpv7m.o)
    0x08005e8c   0x0000003e   Code   RO         1290    CL$$btod_d2e        c_w.l(btod.o)
    0x08005eca   0x00000046   Code   RO         1292    CL$$btod_d2e_denorm_low  c_w.l(btod.o)
    0x08005f10   0x00000060   Code   RO         1291    CL$$btod_d2e_norm_op1  c_w.l(btod.o)
    0x08005f70   0x00000338   Code   RO         1300    CL$$btod_div_common  c_w.l(btod.o)
    0x080062a8   0x000000c6   Code   RO         1297    CL$$btod_e2e        c_w.l(btod.o)
    0x0800636e   0x00000028   Code   RO         1294    CL$$btod_ediv       c_w.l(btod.o)
    0x08006396   0x00000028   Code   RO         1293    CL$$btod_emul       c_w.l(btod.o)
    0x080063be   0x00000244   Code   RO         1299    CL$$btod_mult_common  c_w.l(btod.o)
    0x08006602   0x00000028   Code   RO         1226    i.__ARM_fpclassify  m_ws.l(fpclassify.o)
    0x0800662a   0x0000000e   Code   RO          968    i._is_digit         c_w.l(__printf_wp.o)
    0x08006638   0x0000002c   Code   RO         1319    locale$$code        c_w.l(lc_ctype_c.o)
    0x08006664   0x0000002c   Code   RO         1322    locale$$code        c_w.l(lc_numeric_c.o)
    0x08006690   0x00000004   Code   RO         1047    x$fpl$printf1       fz_ws.l(printf1.o)
    0x08006694   0x00000000   Code   RO         1211    x$fpl$usenofp       fz_ws.l(usenofp.o)
    0x08006694   0x00000058   Data   RO          804    .constdata          mqtt_fun.o
    0x080066ec   0x00000028   Data   RO          956    .constdata          c_w.l(_printf_hex_int_ll_ptr.o)
    0x08006714   0x00000011   Data   RO          976    .constdata          c_w.l(__printf_flags_ss_wp.o)
    0x08006725   0x00000003   PAD
    0x08006728   0x00000008   Data   RO         1120    .constdata          c_w.l(_printf_wctomb.o)
    0x08006730   0x00000094   Data   RO         1288    .constdata          c_w.l(bigflt0.o)
    0x080067c4   0x00000020   Data   RO         1433    Region$$Table       anon$$obj.o
    0x080067e4   0x00000110   Data   RO         1318    locale$$data        c_w.l(lc_ctype_c.o)
    0x080068f4   0x0000001c   Data   RO         1321    locale$$data        c_w.l(lc_numeric_c.o)


    Execution Region RW_IRAM1 (Base: 0x20000000, Size: 0x000017f0, Max: 0x00010000, ABSOLUTE)

    Base Addr    Size         Type   Attr      Idx    E Section Name        Object

    0x20000000   0x00000014   Data   RW          192    .data               system_stm32f10x.o
    0x20000014   0x00000014   Data   RW          240    .data               stm32f10x_rcc.o
    0x20000028   0x00000006   Data   RW          360    .data               usart.o
    0x2000002e   0x00000026   Data   RW          482    .data               device.o
    0x20000054   0x00000002   Data   RW          504    .data               socket.o
    0x20000056   0x00000008   Data   RW          520    .data               w5500.o
    0x2000005e   0x00000004   Data   RW          539    .data               ult.o
    0x20000062   0x00000002   PAD
    0x20000064   0x00000010   Data   RW          560    .data               dns.o
    0x20000074   0x00000004   Data   RW          730    .data               mqttpacket.o
    0x20000078   0x00000088   Data   RW          825    .data               tcp_client.o
    0x20000100   0x00000004   Data   RW          985    .data               c_w.l(strtok.o)
    0x20000104   0x000000c8   Zero   RW          359    .bss                usart.o
    0x200001cc   0x00000610   Zero   RW          481    .bss                device.o
    0x200007dc   0x00000020   Zero   RW          519    .bss                w5500.o
    0x200007fc   0x00000030   Zero   RW          538    .bss                ult.o
    0x2000082c   0x00000960   Zero   RW          824    .bss                tcp_client.o
    0x2000118c   0x00000060   Zero   RW         1242    .bss                c_w.l(libspace.o)
    0x200011ec   0x00000004   PAD
    0x200011f0   0x00000200   Zero   RW          221    HEAP                startup_stm32f10x_hd.o
    0x200013f0   0x00000400   Zero   RW          220    STACK               startup_stm32f10x_hd.o


==============================================================================

Image component sizes


      Code (inc. data)   RO Data    RW Data    ZI Data      Debug   Object Name

         0          0          0          0          0         32   core_cm3.o
       416        100          0         38       1552       4439   device.o
         0          0          0         16          0       5756   dns.o
       136         70          0          0          0     262739   main.o
       220         22          0          0          0       1893   misc.o
       932        318         88          0          0       3699   mqtt_fun.o
       708         18          0          0          0       5394   mqttconnectclient.o
       404         88          0          0          0       2082   mqttdeserializepublish.o
      1024         12          0          4          0       5984   mqttpacket.o
       398          0          0          0          0       2634   mqttserializepublish.o
       368          0          0          0          0       2339   mqttsubscribeclient.o
         0          0          0          0          0        940   ntp.o
      1676         48          0          2          0       4278   socket.o
       324          8          0          0          0       2238   spi.o
        64         26        304          0       1536        820   startup_stm32f10x_hd.o
       860         38          0          0          0       5741   stm32f10x_gpio.o
        26          0          0          0          0       1214   stm32f10x_it.o
       932         36          0         20          0       8952   stm32f10x_rcc.o
       780         14          0          0          0       6622   stm32f10x_spi.o
      3610         88          0          0          0      22228   stm32f10x_tim.o
      1032         22          0          0          0       8464   stm32f10x_usart.o
       480         38          0         20          0       1839   system_stm32f10x.o
      1388        358          0        136       2400       3109   tcp_client.o
      1344         52          0          4         48       7890   ult.o
       320         16          0          6        200       3242   usart.o
      1508        104          0          8         32       8019   w5500.o

    ----------------------------------------------------------------------
     18956       1476        424        256       5768     382587   Object Totals
         0          0         32          0          0          0   (incl. Generated)
         6          0          0          2          0          0   (incl. Padding)

    ----------------------------------------------------------------------

      Code (inc. data)   RO Data    RW Data    ZI Data      Debug   Library Member Name

        24          4          0          0          0         84   __2printf.o
        44          6          0          0          0         84   __2sprintf.o
         8          0          0          0          0         68   __main.o
       392          4         17          0          0         92   __printf_flags_ss_wp.o
        14          0          0          0          0         68   __printf_wp.o
         0          0          0          0          0          0   __rtentry.o
        12          0          0          0          0          0   __rtentry2.o
         6          0          0          0          0          0   __rtentry4.o
        52          8          0          0          0          0   __scatter.o
        26          0          0          0          0          0   __scatter_copy.o
        28          0          0          0          0          0   __scatter_zi.o
         6          0          0          0          0          0   _printf_a.o
         6          0          0          0          0          0   _printf_c.o
        44          0          0          0          0        108   _printf_char.o
        48          6          0          0          0         96   _printf_char_common.o
        36          4          0          0          0         80   _printf_char_file.o
        40          0          0          0          0         68   _printf_charcount.o
         6          0          0          0          0          0   _printf_d.o
       120         16          0          0          0         92   _printf_dec.o
         6          0          0          0          0          0   _printf_e.o
         6          0          0          0          0          0   _printf_f.o
      1050          0          0          0          0        216   _printf_fp_dec.o
       128         16          0          0          0         84   _printf_fp_infnan.o
         6          0          0          0          0          0   _printf_g.o
       148          4         40          0          0        160   _printf_hex_int_ll_ptr.o
         6          0          0          0          0          0   _printf_i.o
       178          0          0          0          0         88   _printf_intcommon.o
        10          0          0          0          0          0   _printf_l.o
         6          0          0          0          0          0   _printf_lc.o
        10          0          0          0          0          0   _printf_ll.o
         6          0          0          0          0          0   _printf_lld.o
         6          0          0          0          0          0   _printf_lli.o
         6          0          0          0          0          0   _printf_llo.o
         6          0          0          0          0          0   _printf_llu.o
         6          0          0          0          0          0   _printf_llx.o
       124         16          0          0          0         92   _printf_longlong_dec.o
         6          0          0          0          0          0   _printf_ls.o
         6          0          0          0          0          0   _printf_n.o
         6          0          0          0          0          0   _printf_o.o
       112          8          0          0          0        124   _printf_oct_int_ll.o
         6          0          0          0          0          0   _printf_p.o
        78          0          0          0          0        108   _printf_pad.o
         0          0          0          0          0          0   _printf_percent.o
         4          0          0          0          0          0   _printf_percent_end.o
         6          0          0          0          0          0   _printf_s.o
        82          0          0          0          0         80   _printf_str.o
        36          0          0          0          0         84   _printf_truncate.o
         6          0          0          0          0          0   _printf_u.o
        44          0          0          0          0        108   _printf_wchar.o
       188          6          8          0          0         92   _printf_wctomb.o
         6          0          0          0          0          0   _printf_x.o
        10          0          0          0          0         68   _sputc.o
        64          0          0          0          0         92   _wcrtomb.o
        16          0          0          0          0         68   aeabi_memset.o
       220          4        148          0          0         96   bigflt0.o
      1910        128          0          0          0        672   btod.o
        24          4          0          0          0         84   c89printf.o
        12          0          0          0          0         72   exit.o
         8          0          0          0          0         68   ferror.o
         6          0          0          0          0        152   heapauxi.o
        44         10        272          0          0         76   lc_ctype_c.o
        44         10         28          0          0         76   lc_numeric_c.o
         2          0          0          0          0          0   libinit.o
        30          0          0          0          0          0   libinit2.o
         2          0          0          0          0          0   libshutdown.o
         2          0          0          0          0          0   libshutdown2.o
         8          4          0          0         96         68   libspace.o
       138          0          0          0          0         80   lludiv10.o
        16          4          0          0          0         76   rt_ctype_table.o
         8          4          0          0          0         68   rt_locale_intlibspace.o
        68          0          0          0          0         68   rt_memclr.o
        78          0          0          0          0         80   rt_memclr_w.o
       138          0          0          0          0         68   rt_memcpy_v6.o
       100          0          0          0          0         80   rt_memcpy_w.o
         2          0          0          0          0          0   rtexit.o
        10          0          0          0          0          0   rtexit2.o
        24          0          0          0          0         68   strcat.o
       128          0          0          0          0         68   strcmpv7m.o
        72          0          0          0          0         80   strcpy.o
        32          0          0          0          0         80   strcspn.o
        62          0          0          0          0         76   strlen.o
       150          0          0          0          0         80   strncmp.o
        86          0          0          0          0         76   strncpy.o
        28          0          0          0          0         80   strspn.o
        36          0          0          0          0         80   strstr.o
        12          6          0          4          0         68   strtok.o
        68          4          0          0          0         84   strtok_int.o
        74          0          0          0          0         80   sys_stackheap_outer.o
         2          0          0          0          0         68   use_no_semi.o
         2          0          0          0          0         68   use_no_semi_2.o
         4          0          0          0          0         68   printf1.o
         0          0          0          0          0          0   usenofp.o
        40          0          0          0          0         68   fpclassify.o

    ----------------------------------------------------------------------
      7000        276        516          4        100       5380   Library Totals
        14          0          3          0          4          0   (incl. Padding)

    ----------------------------------------------------------------------

      Code (inc. data)   RO Data    RW Data    ZI Data      Debug   Library Name

      6942        276        513          4         96       5244   c_w.l
         4          0          0          0          0         68   fz_ws.l
        40          0          0          0          0         68   m_ws.l

    ----------------------------------------------------------------------
      7000        276        516          4        100       5380   Library Totals

    ----------------------------------------------------------------------

==============================================================================


      Code (inc. data)   RO Data    RW Data    ZI Data      Debug   

     25956       1752        940        260       5868     382919   Grand Totals
     25956       1752        940        260       5868     382919   ELF Image Totals
     25956       1752        940        260          0          0   ROM Totals

==============================================================================

    Total RO  Size (Code + RO Data)                26896 (  26.27kB)
    Total RW  Size (RW Data + ZI Data)              6128 (   5.98kB)
    Total ROM Size (Code + RO Data + RW Data)      27156 (  26.52kB)

==============================================================================

