Component: ARM Compiler 5.05 update 1 (build 106) Tool: armlink [4d0efa]

==============================================================================

Section Cross References

    main.o(i.led0_task) refers to stm32f1xx_hal_gpio.o(i.HAL_GPIO_WritePin) for HAL_GPIO_WritePin
    main.o(i.led0_task) refers to delay.o(i.delay_ms) for delay_ms
    main.o(i.main) refers to stm32f1xx_hal.o(i.HAL_Init) for HAL_Init
    main.o(i.main) refers to sys.o(i.Stm32_Clock_Init) for Stm32_Clock_Init
    main.o(i.main) refers to delay.o(i.delay_init) for delay_init
    main.o(i.main) refers to usart.o(i.uart_init) for uart_init
    main.o(i.main) refers to led.o(i.LED_Init) for LED_Init
    main.o(i.main) refers to tasks.o(i.xTaskCreate) for xTaskCreate
    main.o(i.main) refers to tasks.o(i.vTaskStartScheduler) for vTaskStartScheduler
    main.o(i.main) refers to main.o(.data) for .data
    main.o(i.main) refers to main.o(i.start_task) for start_task
    main.o(i.start_task) refers to port.o(i.vPortEnterCritical) for vPortEnterCritical
    main.o(i.start_task) refers to tasks.o(i.xTaskCreate) for xTaskCreate
    main.o(i.start_task) refers to tasks.o(i.vTaskDelete) for vTaskDelete
    main.o(i.start_task) refers to port.o(i.vPortExitCritical) for vPortExitCritical
    main.o(i.start_task) refers to main.o(.data) for .data
    main.o(i.start_task) refers to main.o(i.led0_task) for led0_task
    main.o(i.start_task) refers to main.o(i.w5500_task) for w5500_task
    main.o(i.w5500_task) refers to _printf_percent.o(.ARM.Collect$$_printf_percent$$00000000) for _printf_percent
    main.o(i.w5500_task) refers to _printf_d.o(.ARM.Collect$$_printf_percent$$00000009) for _printf_d
    main.o(i.w5500_task) refers to _printf_dec.o(.text) for _printf_int_dec
    main.o(i.w5500_task) refers to _printf_s.o(.ARM.Collect$$_printf_percent$$00000014) for _printf_s
    main.o(i.w5500_task) refers to _printf_str.o(.text) for _printf_str
    main.o(i.w5500_task) refers to device.o(i.GPIO_Configuration) for GPIO_Configuration
    main.o(i.w5500_task) refers to spi.o(i.WIZ_SPI_Init) for WIZ_SPI_Init
    main.o(i.w5500_task) refers to device.o(i.Reset_W5500) for Reset_W5500
    main.o(i.w5500_task) refers to device.o(i.set_default) for set_default
    main.o(i.w5500_task) refers to device.o(i.set_network) for set_network
    main.o(i.w5500_task) refers to __2printf.o(.text) for __2printf
    main.o(i.w5500_task) refers to w5500.o(i.getSn_SR) for getSn_SR
    main.o(i.w5500_task) refers to socket.o(i.close) for close
    main.o(i.w5500_task) refers to socket.o(i.connect) for connect
    main.o(i.w5500_task) refers to w5500.o(i.getSn_IR) for getSn_IR
    main.o(i.w5500_task) refers to w5500.o(i.setSn_IR) for setSn_IR
    main.o(i.w5500_task) refers to w5500.o(i.getSn_RX_RSR) for getSn_RX_RSR
    main.o(i.w5500_task) refers to socket.o(i.recv) for recv
    main.o(i.w5500_task) refers to socket.o(i.send) for send
    main.o(i.w5500_task) refers to rt_memclr.o(.text) for __aeabi_memclr
    main.o(i.w5500_task) refers to socket.o(i.socket) for socket
    main.o(i.w5500_task) refers to usart.o(.data) for USART_RX_STA
    main.o(i.w5500_task) refers to main.o(.bss) for .bss
    main.o(i.w5500_task) refers to usart.o(.bss) for USART_RX_BUF
    stm32f1xx_it.o(i.SysTick_Handler) refers to stm32f1xx_hal.o(i.HAL_IncTick) for HAL_IncTick
    system_stm32f1xx.o(i.SystemCoreClockUpdate) refers to system_stm32f1xx.o(.data) for .data
    system_stm32f1xx.o(i.SystemCoreClockUpdate) refers to system_stm32f1xx.o(.constdata) for .constdata
    led.o(i.LED_Init) refers to stm32f1xx_hal_gpio.o(i.HAL_GPIO_Init) for HAL_GPIO_Init
    led.o(i.LED_Init) refers to stm32f1xx_hal_gpio.o(i.HAL_GPIO_WritePin) for HAL_GPIO_WritePin
    device.o(i.GPIO_Configuration) refers to stm32f1xx_hal_gpio.o(i.HAL_GPIO_Init) for HAL_GPIO_Init
    device.o(i.Reset_W5500) refers to stm32f1xx_hal_gpio.o(i.HAL_GPIO_WritePin) for HAL_GPIO_WritePin
    device.o(i.Reset_W5500) refers to ult.o(i.Delay_us) for Delay_us
    device.o(i.Reset_W5500) refers to ult.o(i.Delay_ms) for Delay_ms
    device.o(i.set_default) refers to device.o(.bss) for .bss
    device.o(i.set_default) refers to device.o(.data) for .data
    device.o(i.set_network) refers to _printf_percent.o(.ARM.Collect$$_printf_percent$$00000000) for _printf_percent
    device.o(i.set_network) refers to _printf_d.o(.ARM.Collect$$_printf_percent$$00000009) for _printf_d
    device.o(i.set_network) refers to _printf_dec.o(.text) for _printf_int_dec
    device.o(i.set_network) refers to w5500.o(i.setSHAR) for setSHAR
    device.o(i.set_network) refers to w5500.o(i.setSUBR) for setSUBR
    device.o(i.set_network) refers to w5500.o(i.setGAR) for setGAR
    device.o(i.set_network) refers to w5500.o(i.setSIPR) for setSIPR
    device.o(i.set_network) refers to w5500.o(i.sysinit) for sysinit
    device.o(i.set_network) refers to w5500.o(i.setRTR) for setRTR
[...]
    i.HAL_SYSTICK_CLKSourceConfig            0x0800149a   Section        0  stm32f1xx_hal_cortex.o(i.HAL_SYSTICK_CLKSourceConfig)
    i.HAL_SYSTICK_Config                     0x080014b2   Section        0  stm32f1xx_hal_cortex.o(i.HAL_SYSTICK_Config)
    i.HAL_UART_ErrorCallback                 0x080014da   Section        0  stm32f1xx_hal_uart.o(i.HAL_UART_ErrorCallback)
    i.HAL_UART_GetState                      0x080014dc   Section        0  stm32f1xx_hal_uart.o(i.HAL_UART_GetState)
    i.HAL_UART_IRQHandler                    0x080014e8   Section        0  stm32f1xx_hal_uart.o(i.HAL_UART_IRQHandler)
    i.HAL_UART_Init                          0x080015f8   Section        0  stm32f1xx_hal_uart.o(i.HAL_UART_Init)
    i.HAL_UART_MspInit                       0x0800165c   Section        0  usart.o(i.HAL_UART_MspInit)
    i.HAL_UART_Receive_IT                    0x080016e8   Section        0  stm32f1xx_hal_uart.o(i.HAL_UART_Receive_IT)
    i.HAL_UART_RxCpltCallback                0x0800173c   Section        0  usart.o(i.HAL_UART_RxCpltCallback)
    i.HAL_UART_TxCpltCallback                0x08001794   Section        0  stm32f1xx_hal_uart.o(i.HAL_UART_TxCpltCallback)
    i.HardFault_Handler                      0x08001796   Section        0  stm32f1xx_it.o(i.HardFault_Handler)
    i.IINCHIP_READ                           0x08001798   Section        0  w5500.o(i.IINCHIP_READ)
    i.IINCHIP_SpiSendData                    0x080017cc   Section        0  w5500.o(i.IINCHIP_SpiSendData)
    i.IINCHIP_WRITE                          0x080017d0   Section        0  w5500.o(i.IINCHIP_WRITE)
    i.LED_Init                               0x08001808   Section        0  led.o(i.LED_Init)
    i.MemManage_Handler                      0x08001878   Section        0  stm32f1xx_it.o(i.MemManage_Handler)
    i.NMI_Handler                            0x0800187a   Section        0  stm32f1xx_it.o(i.NMI_Handler)
    i.Reset_W5500                            0x0800187c   Section        0  device.o(i.Reset_W5500)
    i.SPI2_SendByte                          0x080018ac   Section        0  spi.o(i.SPI2_SendByte)
    i.SPI_EndRxTxTransaction                 0x080018cc   Section        0  stm32f1xx_hal_spi.o(i.SPI_EndRxTxTransaction)
    SPI_EndRxTxTransaction                   0x080018cd   Thumb Code    32  stm32f1xx_hal_spi.o(i.SPI_EndRxTxTransaction)
    i.SPI_WaitFlagStateUntilTimeout          0x080018ec   Section        0  stm32f1xx_hal_spi.o(i.SPI_WaitFlagStateUntilTimeout)
    SPI_WaitFlagStateUntilTimeout            0x080018ed   Thumb Code   148  stm32f1xx_hal_spi.o(i.SPI_WaitFlagStateUntilTimeout)
    i.Stm32_Clock_Init                       0x08001980   Section        0  sys.o(i.Stm32_Clock_Init)
    i.SysTick_Handler                        0x080019c4   Section        0  stm32f1xx_it.o(i.SysTick_Handler)
    i.SystemInit                             0x080019c8   Section        0  system_stm32f1xx.o(i.SystemInit)
    i.UART_DMAAbortOnError                   0x08001a10   Section        0  stm32f1xx_hal_uart.o(i.UART_DMAAbortOnError)
    UART_DMAAbortOnError                     0x08001a11   Thumb Code    16  stm32f1xx_hal_uart.o(i.UART_DMAAbortOnError)
    i.UART_EndRxTransfer                     0x08001a20   Section        0  stm32f1xx_hal_uart.o(i.UART_EndRxTransfer)
    UART_EndRxTransfer                       0x08001a21   Thumb Code    28  stm32f1xx_hal_uart.o(i.UART_EndRxTransfer)
    i.UART_Receive_IT                        0x08001a3c   Section        0  stm32f1xx_hal_uart.o(i.UART_Receive_IT)
    UART_Receive_IT                          0x08001a3d   Thumb Code   150  stm32f1xx_hal_uart.o(i.UART_Receive_IT)
    i.UART_SetConfig                         0x08001ad4   Section        0  stm32f1xx_hal_uart.o(i.UART_SetConfig)
    UART_SetConfig                           0x08001ad5   Thumb Code   178  stm32f1xx_hal_uart.o(i.UART_SetConfig)
    i.UART_Transmit_IT                       0x08001b8c   Section        0  stm32f1xx_hal_uart.o(i.UART_Transmit_IT)
    UART_Transmit_IT                         0x08001b8d   Thumb Code    98  stm32f1xx_hal_uart.o(i.UART_Transmit_IT)
    i.USART1_IRQHandler                      0x08001bf0   Section        0  usart.o(i.USART1_IRQHandler)
    i.UsageFault_Handler                     0x08001c1c   Section        0  stm32f1xx_it.o(i.UsageFault_Handler)
    i.WIZ_CS                                 0x08001c20   Section        0  spi.o(i.WIZ_CS)
    i.WIZ_SPI_Init                           0x08001c38   Section        0  spi.o(i.WIZ_SPI_Init)
    i.__NVIC_SetPriority                     0x08001c78   Section        0  stm32f1xx_hal_cortex.o(i.__NVIC_SetPriority)
    __NVIC_SetPriority                       0x08001c79   Thumb Code    32  stm32f1xx_hal_cortex.o(i.__NVIC_SetPriority)
    i._is_digit                              0x08001c98   Section        0  __printf_wp.o(i._is_digit)
    i._sys_exit                              0x08001ca6   Section        0  usart.o(i._sys_exit)
    i.close                                  0x08001ca8   Section        0  socket.o(i.close)
    i.connect                                0x08001cd8   Section        0  socket.o(i.connect)
    i.delay_init                             0x08001dbc   Section        0  delay.o(i.delay_init)
    i.delay_ms                               0x08001dd0   Section        0  delay.o(i.delay_ms)
    i.delay_us                               0x08001dec   Section        0  delay.o(i.delay_us)
    i.fputc                                  0x08001e20   Section        0  usart.o(i.fputc)
    i.getGAR                                 0x08001e38   Section        0  w5500.o(i.getGAR)
    i.getIINCHIP_TxMAX                       0x08001e44   Section        0  w5500.o(i.getIINCHIP_TxMAX)
    i.getSIPR                                0x08001e50   Section        0  w5500.o(i.getSIPR)
    i.getSUBR                                0x08001e5c   Section        0  w5500.o(i.getSUBR)
    i.getSn_IR                               0x08001e68   Section        0  w5500.o(i.getSn_IR)
    i.getSn_RX_RSR                           0x08001e74   Section        0  w5500.o(i.getSn_RX_RSR)
    i.getSn_SR                               0x08001ec0   Section        0  w5500.o(i.getSn_SR)
    i.getSn_TX_FSR                           0x08001ecc   Section        0  w5500.o(i.getSn_TX_FSR)
    i.led0_task                              0x08001f18   Section        0  main.o(i.led0_task)
    i.main                                   0x08001f60   Section        0  main.o(i.main)
    i.prvAddCurrentTaskToDelayedList         0x08001fb0   Section        0  tasks.o(i.prvAddCurrentTaskToDelayedList)
    prvAddCurrentTaskToDelayedList           0x08001fb1   Thumb Code   102  tasks.o(i.prvAddCurrentTaskToDelayedList)
    i.prvAddNewTaskToReadyList               0x08002020   Section        0  tasks.o(i.prvAddNewTaskToReadyList)
    prvAddNewTaskToReadyList                 0x08002021   Thumb Code   192  tasks.o(i.prvAddNewTaskToReadyList)
    i.prvCheckForValidListAndQueue           0x080020f0   Section        0  timers.o(i.prvCheckForValidListAndQueue)
    prvCheckForValidListAndQueue             0x080020f1   Thumb Code    62  timers.o(i.prvCheckForValidListAndQueue)
    i.prvCheckTasksWaitingTermination        0x08002140   Section        0  tasks.o(i.prvCheckTasksWaitingTermination)
    prvCheckTasksWaitingTermination          0x08002141   Thumb Code    74  tasks.o(i.prvCheckTasksWaitingTermination)
    i.prvCopyDataFromQueue                   0x08002194   Section        0  queue.o(i.prvCopyDataFromQueue)
    prvCopyDataFromQueue                     0x08002195   Thumb Code    38  queue.o(i.prvCopyDataFromQueue)
    i.prvCopyDataToQueue                     0x080021ba   Section        0  queue.o(i.prvCopyDataToQueue)
    prvCopyDataToQueue                       0x080021bb   Thumb Code   108  queue.o(i.prvCopyDataToQueue)
    i.prvDeleteTCB                           0x08002226   Section        0  tasks.o(i.prvDeleteTCB)
    prvDeleteTCB                             0x08002227   Thumb Code    20  tasks.o(i.prvDeleteTCB)
    i.prvHeapInit                            0x0800223c   Section        0  heap_4.o(i.prvHeapInit)
    prvHeapInit                              0x0800223d   Thumb Code    66  heap_4.o(i.prvHeapInit)
    i.prvIdleTask                            0x08002288   Section        0  tasks.o(i.prvIdleTask)
    prvIdleTask                              0x08002289   Thumb Code    30  tasks.o(i.prvIdleTask)
    i.prvInitialiseNewTask                   0x080022b0   Section        0  tasks.o(i.prvInitialiseNewTask)
    prvInitialiseNewTask                     0x080022b1   Thumb Code   154  tasks.o(i.prvInitialiseNewTask)
    i.prvInsertBlockIntoFreeList             0x08002370   Section        0  heap_4.o(i.prvInsertBlockIntoFreeList)
    prvInsertBlockIntoFreeList               0x08002371   Thumb Code    72  heap_4.o(i.prvInsertBlockIntoFreeList)
    i.prvInsertTimerInActiveList             0x080023bc   Section        0  timers.o(i.prvInsertTimerInActiveList)
    prvInsertTimerInActiveList               0x080023bd   Thumb Code    52  timers.o(i.prvInsertTimerInActiveList)
    i.prvIsQueueEmpty                        0x080023f4   Section        0  queue.o(i.prvIsQueueEmpty)
    prvIsQueueEmpty                          0x080023f5   Thumb Code    26  queue.o(i.prvIsQueueEmpty)
    i.prvNotifyQueueSetContainer             0x08002410   Section        0  queue.o(i.prvNotifyQueueSetContainer)
    prvNotifyQueueSetContainer               0x08002411   Thumb Code   108  queue.o(i.prvNotifyQueueSetContainer)
    i.prvProcessExpiredTimer                 0x080024a0   Section        0  timers.o(i.prvProcessExpiredTimer)
    prvProcessExpiredTimer                   0x080024a1   Thumb Code    86  timers.o(i.prvProcessExpiredTimer)
    i.prvProcessReceivedCommands             0x08002500   Section        0  timers.o(i.prvProcessReceivedCommands)
    prvProcessReceivedCommands               0x08002501   Thumb Code   196  timers.o(i.prvProcessReceivedCommands)
    i.prvProcessTimerOrBlockTask             0x080025f0   Section        0  timers.o(i.prvProcessTimerOrBlockTask)
    prvProcessTimerOrBlockTask               0x080025f1   Thumb Code    98  timers.o(i.prvProcessTimerOrBlockTask)
    i.prvResetNextTaskUnblockTime            0x0800265c   Section        0  tasks.o(i.prvResetNextTaskUnblockTime)
    prvResetNextTaskUnblockTime              0x0800265d   Thumb Code    26  tasks.o(i.prvResetNextTaskUnblockTime)
    i.prvSampleTimeNow                       0x0800267c   Section        0  timers.o(i.prvSampleTimeNow)
    prvSampleTimeNow                         0x0800267d   Thumb Code    36  timers.o(i.prvSampleTimeNow)
    i.prvSwitchTimerLists                    0x080026a4   Section        0  timers.o(i.prvSwitchTimerLists)
    prvSwitchTimerLists                      0x080026a5   Thumb Code   100  timers.o(i.prvSwitchTimerLists)
    i.prvTaskExitError                       0x08002710   Section        0  port.o(i.prvTaskExitError)
    prvTaskExitError                         0x08002711   Thumb Code    34  port.o(i.prvTaskExitError)
    i.prvTimerTask                           0x08002774   Section        0  timers.o(i.prvTimerTask)
    prvTimerTask                             0x08002775   Thumb Code    34  timers.o(i.prvTimerTask)
    i.prvUnlockQueue                         0x0800279c   Section        0  queue.o(i.prvUnlockQueue)
    prvUnlockQueue                           0x0800279d   Thumb Code   120  queue.o(i.prvUnlockQueue)
    i.pvPortMalloc                           0x08002814   Section        0  heap_4.o(i.pvPortMalloc)
    i.pvTaskIncrementMutexHeldCount          0x08002928   Section        0  tasks.o(i.pvTaskIncrementMutexHeldCount)
    i.pxPortInitialiseStack                  0x08002940   Section        0  port.o(i.pxPortInitialiseStack)
    i.recv                                   0x08002964   Section        0  socket.o(i.recv)
    i.recv_data_processing                   0x08002994   Section        0  w5500.o(i.recv_data_processing)
    i.send                                   0x08002a1c   Section        0  socket.o(i.send)
    i.send_data_processing                   0x08002adc   Section        0  w5500.o(i.send_data_processing)
    i.setGAR                                 0x08002b64   Section        0  w5500.o(i.setGAR)
    i.setRCR                                 0x08002b6e   Section        0  w5500.o(i.setRCR)
    i.setRTR                                 0x08002b78   Section        0  w5500.o(i.setRTR)
    i.setSHAR                                0x08002b94   Section        0  w5500.o(i.setSHAR)
    i.setSIPR                                0x08002ba0   Section        0  w5500.o(i.setSIPR)
    i.setSUBR                                0x08002bac   Section        0  w5500.o(i.setSUBR)
    i.setSn_IR                               0x08002bb8   Section        0  w5500.o(i.setSn_IR)
    i.set_default                            0x08002bc4   Section        0  device.o(i.set_default)
    i.set_network                            0x08002c00   Section        0  device.o(i.set_network)
    i.socket                                 0x08002cd4   Section        0  socket.o(i.socket)
    i.start_task                             0x08002d68   Section        0  main.o(i.start_task)
    i.sysinit                                0x08002dd0   Section        0  w5500.o(i.sysinit)
    i.uart_init                              0x08002ebc   Section        0  usart.o(i.uart_init)
    i.uxListRemove                           0x08002ef4   Section        0  list.o(i.uxListRemove)
    i.vListInitialise                        0x08002f18   Section        0  list.o(i.vListInitialise)
    i.vListInitialiseItem                    0x08002f2e   Section        0  list.o(i.vListInitialiseItem)
    i.vListInsert                            0x08002f34   Section        0  list.o(i.vListInsert)
    i.vListInsertEnd                         0x08002f64   Section        0  list.o(i.vListInsertEnd)
    i.vPortEnterCritical                     0x08002f7c   Section        0  port.o(i.vPortEnterCritical)
    i.vPortExitCritical                      0x08002ff4   Section        0  port.o(i.vPortExitCritical)
    i.vPortFree                              0x08003058   Section        0  heap_4.o(i.vPortFree)
    i.vPortSetupTimerInterrupt               0x080030f4   Section        0  port.o(i.vPortSetupTimerInterrupt)
    i.vPortValidateInterruptPriority         0x08003114   Section        0  port.o(i.vPortValidateInterruptPriority)
    i.vQueueAddToRegistry                    0x080031a0   Section        0  queue.o(i.vQueueAddToRegistry)
    i.vQueueWaitForMessageRestricted         0x080031c4   Section        0  queue.o(i.vQueueWaitForMessageRestricted)
    i.vTaskDelete                            0x08003208   Section        0  tasks.o(i.vTaskDelete)
    i.vTaskMissedYield                       0x080032d4   Section        0  tasks.o(i.vTaskMissedYield)
    i.vTaskPlaceOnEventList                  0x080032e0   Section        0  tasks.o(i.vTaskPlaceOnEventList)
    i.vTaskPlaceOnEventListRestricted        0x08003334   Section        0  tasks.o(i.vTaskPlaceOnEventListRestricted)
    i.vTaskPriorityInherit                   0x08003390   Section        0  tasks.o(i.vTaskPriorityInherit)
    i.vTaskSetTimeOutState                   0x08003414   Section        0  tasks.o(i.vTaskSetTimeOutState)
    i.vTaskStartScheduler                    0x0800345c   Section        0  tasks.o(i.vTaskStartScheduler)
    i.vTaskSuspendAll                        0x080034f0   Section        0  tasks.o(i.vTaskSuspendAll)
    i.vTaskSwitchContext                     0x08003500   Section        0  tasks.o(i.vTaskSwitchContext)
    i.w5500_task                             0x0800357c   Section        0  main.o(i.w5500_task)
    i.wiz_read_buf                           0x080036e4   Section        0  w5500.o(i.wiz_read_buf)
    i.wiz_write_buf                          0x08003750   Section        0  w5500.o(i.wiz_write_buf)
    i.xPortStartScheduler                    0x080037bc   Section        0  port.o(i.xPortStartScheduler)
    i.xQueueGenericCreate                    0x08003834   Section        0  queue.o(i.xQueueGenericCreate)
    i.xQueueGenericReceive                   0x080038ac   Section        0  queue.o(i.xQueueGenericReceive)
    i.xQueueGenericReset                     0x08003a30   Section        0  queue.o(i.xQueueGenericReset)
    i.xQueueGenericSend                      0x08003ad8   Section        0  queue.o(i.xQueueGenericSend)
    i.xQueueGenericSendFromISR               0x08003c60   Section        0  queue.o(i.xQueueGenericSendFromISR)
    i.xTaskCheckForTimeOut                   0x08003d40   Section        0  tasks.o(i.xTaskCheckForTimeOut)
    i.xTaskCreate                            0x08003dc8   Section        0  tasks.o(i.xTaskCreate)
    i.xTaskGetSchedulerState                 0x08003e20   Section        0  tasks.o(i.xTaskGetSchedulerState)
    i.xTaskGetTickCount                      0x08003e3c   Section        0  tasks.o(i.xTaskGetTickCount)
    i.xTaskIncrementTick                     0x08003e48   Section        0  tasks.o(i.xTaskIncrementTick)
    i.xTaskPriorityDisinherit                0x08003f30   Section        0  tasks.o(i.xTaskPriorityDisinherit)
    i.xTaskRemoveFromEventList               0x08003fe4   Section        0  tasks.o(i.xTaskRemoveFromEventList)
    i.xTaskResumeAll                         0x0800407c   Section        0  tasks.o(i.xTaskResumeAll)
    i.xTimerCreate                           0x08004160   Section        0  timers.o(i.xTimerCreate)
    i.xTimerCreateTimerTask                  0x080041d4   Section        0  timers.o(i.xTimerCreateTimerTask)
    i.xTimerGenericCommand                   0x08004248   Section        0  timers.o(i.xTimerGenericCommand)
    .constdata                               0x080042d8   Section       16  system_stm32f1xx.o(.constdata)
    .constdata                               0x080042e8   Section        8  system_stm32f1xx.o(.constdata)
    .constdata                               0x080042f0   Section       17  __printf_flags_ss_wp.o(.constdata)
    maptable                                 0x080042f0   Data          17  __printf_flags_ss_wp.o(.constdata)
    .data                                    0x20000000   Section       12  main.o(.data)
    .data                                    0x2000000c   Section        4  system_stm32f1xx.o(.data)
    .data                                    0x20000010   Section       38  device.o(.data)
    .data                                    0x20000036   Section        2  socket.o(.data)
    local_port                               0x20000036   Data           2  socket.o(.data)
    .data                                    0x20000038   Section        4  ult.o(.data)
    fac_us                                   0x20000038   Data           1  ult.o(.data)
    fac_ms                                   0x2000003a   Data           2  ult.o(.data)
    .data                                    0x2000003c   Section       60  tasks.o(.data)
    uxDeletedTasksWaitingCleanUp             0x20000040   Data           4  tasks.o(.data)
    uxCurrentNumberOfTasks                   0x20000044   Data           4  tasks.o(.data)
    xTickCount                               0x20000048   Data           4  tasks.o(.data)
    uxTopReadyPriority                       0x2000004c   Data           4  tasks.o(.data)
    xSchedulerRunning                        0x20000050   Data           4  tasks.o(.data)
    uxPendedTicks                            0x20000054   Data           4  tasks.o(.data)
    xYieldPending                            0x20000058   Data           4  tasks.o(.data)
    xNumOfOverflows                          0x2000005c   Data           4  tasks.o(.data)
    uxTaskNumber                             0x20000060   Data           4  tasks.o(.data)
    xNextTaskUnblockTime                     0x20000064   Data           4  tasks.o(.data)
    xIdleTaskHandle                          0x20000068   Data           4  tasks.o(.data)
    uxSchedulerSuspended                     0x2000006c   Data           4  tasks.o(.data)
    pxDelayedTaskList                        0x20000070   Data           4  tasks.o(.data)
    pxOverflowDelayedTaskList                0x20000074   Data           4  tasks.o(.data)
    .data                                    0x20000078   Section       20  timers.o(.data)
    xTimerQueue                              0x20000078   Data           4  timers.o(.data)
    xTimerTaskHandle                         0x2000007c   Data           4  timers.o(.data)
    xLastTime                                0x20000080   Data           4  timers.o(.data)
    pxCurrentTimerList                       0x20000084   Data           4  timers.o(.data)
    pxOverflowTimerList                      0x20000088   Data           4  timers.o(.data)
    .data                                    0x2000008c   Section       24  heap_4.o(.data)
    pxEnd                                    0x2000008c   Data           4  heap_4.o(.data)
    xFreeBytesRemaining                      0x20000090   Data           4  heap_4.o(.data)
    xMinimumEverFreeBytesRemaining           0x20000094   Data           4  heap_4.o(.data)
    xBlockAllocatedBit                       0x20000098   Data           4  heap_4.o(.data)
    xStart                                   0x2000009c   Data           8  heap_4.o(.data)
    .data                                    0x200000a4   Section       12  port.o(.data)
    ucMaxSysCallPriority                     0x200000a4   Data           1  port.o(.data)
    uxCriticalNesting                        0x200000a8   Data           4  port.o(.data)
    ulMaxPRIGROUPValue                       0x200000ac   Data           4  port.o(.data)
    .data                                    0x200000b0   Section       12  stm32f1xx_hal.o(.data)
    .data                                    0x200000bc   Section        4  delay.o(.data)
    fac_us                                   0x200000bc   Data           4  delay.o(.data)
    .data                                    0x200000c0   Section        4  usart.o(.data)
    .data                                    0x200000c4   Section        4  usart.o(.data)
    .bss                                     0x200000c8   Section     2048  main.o(.bss)
    .bss                                     0x200008c8   Section       46  device.o(.bss)
    .bss                                     0x200008f6   Section       32  w5500.o(.bss)
    SSIZE                                    0x200008f6   Data          16  w5500.o(.bss)
    RSIZE                                    0x20000906   Data          16  w5500.o(.bss)
    .bss                                     0x20000918   Section       88  spi.o(.bss)
    .bss                                     0x20000970   Section       64  queue.o(.bss)
    .bss                                     0x200009b0   Section      740  tasks.o(.bss)
    pxReadyTasksLists                        0x200009b0   Data         640  tasks.o(.bss)
    xDelayedTaskList1                        0x20000c30   Data          20  tasks.o(.bss)
    xDelayedTaskList2                        0x20000c44   Data          20  tasks.o(.bss)
    xPendingReadyList                        0x20000c58   Data          20  tasks.o(.bss)
    xTasksWaitingTermination                 0x20000c6c   Data          20  tasks.o(.bss)
    xSuspendedTaskList                       0x20000c80   Data          20  tasks.o(.bss)
    .bss                                     0x20000c94   Section       40  timers.o(.bss)
    xActiveTimerList1                        0x20000c94   Data          20  timers.o(.bss)
    xActiveTimerList2                        0x20000ca8   Data          20  timers.o(.bss)
    .bss                                     0x20000cbc   Section    20480  heap_4.o(.bss)
    ucHeap                                   0x20000cbc   Data       20480  heap_4.o(.bss)
    .bss                                     0x20005cbc   Section      264  usart.o(.bss)
    .bss                                     0x20005dc4   Section       96  libspace.o(.bss)
    HEAP                                     0x20005e28   Section      512  startup_stm32f103xe.o(HEAP)
    Heap_Mem                                 0x20005e28   Data         512  startup_stm32f103xe.o(HEAP)
    STACK                                    0x20006028   Section     1024  startup_stm32f103xe.o(STACK)
    Stack_Mem                                0x20006028   Data        1024  startup_stm32f103xe.o(STACK)
    __initial_sp                             0x20006428   Data           0  startup_stm32f103xe.o(STACK)

    Global Symbols

    Symbol Name                              Value     Ov Type        Size  Object(Section)

    BuildAttributes$$THM_ISAv4$P$D$K$B$S$PE$A:L22UL41UL21$X:L11$S22US41US21$IEEE1$IW$USESV6$~STKCKD$USESV7$~SHL$OTIME$ROPI$IEEEJ$EBA8$UX$STANDARDLIB$REQ8$PRES8$EABIv2 0x00000000   Number         0  anon$$obj.o ABSOLUTE
    __ARM_use_no_argv                        0x00000000   Number         0  main.o ABSOLUTE
    _printf_flags                            0x00000000   Number         0  printf_stubs.o ABSOLUTE
    _printf_return_value                     0x00000000   Number         0  printf_stubs.o ABSOLUTE
    _printf_sizespec                         0x00000000   Number         0  printf_stubs.o ABSOLUTE
    _printf_widthprec                        0x00000000   Number         0  printf_stubs.o ABSOLUTE
    __ARM_exceptions_init                     - Undefined Weak Reference
    __alloca_initialize                       - Undefined Weak Reference
    __arm_preinit_                            - Undefined Weak Reference
    __cpp_initialize__aeabi_                  - Undefined Weak Reference
    __cxa_finalize                            - Undefined Weak Reference
    __sigvec_lookup                           - Undefined Weak Reference
    _atexit_init                              - Undefined Weak Reference
    _call_atexit_fns                          - Undefined Weak Reference
    _clock_init                               - Undefined Weak Reference
    _fp_trap_init                             - Undefined Weak Reference
    _fp_trap_shutdown                         - Undefined Weak Reference
    _get_lc_collate                           - Undefined Weak Reference
    _get_lc_monetary                          - Undefined Weak Reference
    _get_lc_time                              - Undefined Weak Reference
    _getenv_init                              - Undefined Weak Reference
    _handle_redirection                       - Undefined Weak Reference
    _init_alloc                               - Undefined Weak Reference
    _init_user_alloc                          - Undefined Weak Reference
    _initio                                   - Undefined Weak Reference
    _mutex_acquire                            - Undefined Weak Reference
    _mutex_release                            - Undefined Weak Reference
    _printf_fp_hex                            - Undefined Weak Reference
    _printf_mbtowc                            - Undefined Weak Reference
    _printf_wc                                - Undefined Weak Reference
    _rand_init                                - Undefined Weak Reference
    _signal_finish                            - Undefined Weak Reference
    _signal_init                              - Undefined Weak Reference
    _terminate_alloc                          - Undefined Weak Reference
    _terminate_user_alloc                     - Undefined Weak Reference
    _terminateio                              - Undefined Weak Reference
    __Vectors_Size                           0x00000130   Number         0  startup_stm32f103xe.o ABSOLUTE
    __Vectors                                0x08000000   Data           4  startup_stm32f103xe.o(RESET)
    __Vectors_End                            0x08000130   Data           0  startup_stm32f103xe.o(RESET)
    __main                                   0x08000131   Thumb Code     8  __main.o(!!!main)
    __scatterload                            0x08000139   Thumb Code     0  __scatter.o(!!!scatter)
    __scatterload_rt2                        0x08000139   Thumb Code    44  __scatter.o(!!!scatter)
    __scatterload_rt2_thumb_only             0x08000139   Thumb Code     0  __scatter.o(!!!scatter)
    __scatterload_null                       0x08000147   Thumb Code     0  __scatter.o(!!!scatter)
    __scatterload_copy                       0x0800016d   Thumb Code    26  __scatter_copy.o(!!handler_copy)
    __scatterload_zeroinit                   0x08000189   Thumb Code    28  __scatter_zi.o(!!handler_zi)
    _printf_d                                0x080001a5   Thumb Code     0  _printf_d.o(.ARM.Collect$$_printf_percent$$00000009)
    _printf_percent                          0x080001a5   Thumb Code     0  _printf_percent.o(.ARM.Collect$$_printf_percent$$00000000)
    _printf_s                                0x080001ab   Thumb Code     0  _printf_s.o(.ARM.Collect$$_printf_percent$$00000014)
    _printf_percent_end                      0x080001b1   Thumb Code     0  _printf_percent_end.o(.ARM.Collect$$_printf_percent$$00000017)
    __rt_lib_init                            0x080001b5   Thumb Code     0  libinit.o(.ARM.Collect$$libinit$$00000000)
    __rt_lib_init_alloca_1                   0x080001b7   Thumb Code     0  libinit2.o(.ARM.Collect$$libinit$$0000002E)
    __rt_lib_init_argv_1                     0x080001b7   Thumb Code     0  libinit2.o(.ARM.Collect$$libinit$$0000002C)
    __rt_lib_init_atexit_1                   0x080001b7   Thumb Code     0  libinit2.o(.ARM.Collect$$libinit$$0000001B)
    __rt_lib_init_clock_1                    0x080001b7   Thumb Code     0  libinit2.o(.ARM.Collect$$libinit$$00000021)
    __rt_lib_init_cpp_1                      0x080001b7   Thumb Code     0  libinit2.o(.ARM.Collect$$libinit$$00000032)
    __rt_lib_init_exceptions_1               0x080001b7   Thumb Code     0  libinit2.o(.ARM.Collect$$libinit$$00000030)
    __rt_lib_init_fp_1                       0x080001b7   Thumb Code     0  libinit2.o(.ARM.Collect$$libinit$$00000002)
    __rt_lib_init_fp_trap_1                  0x080001b7   Thumb Code     0  libinit2.o(.ARM.Collect$$libinit$$0000001F)
    __rt_lib_init_getenv_1                   0x080001b7   Thumb Code     0  libinit2.o(.ARM.Collect$$libinit$$00000023)
    __rt_lib_init_heap_1                     0x080001b7   Thumb Code     0  libinit2.o(.ARM.Collect$$libinit$$0000000A)
    __rt_lib_init_lc_collate_1               0x080001b7   Thumb Code     0  libinit2.o(.ARM.Collect$$libinit$$00000011)
    __rt_lib_init_lc_ctype_1                 0x080001b7   Thumb Code     0  libinit2.o(.ARM.Collect$$libinit$$00000013)
    __rt_lib_init_lc_monetary_1              0x080001b7   Thumb Code     0  libinit2.o(.ARM.Collect$$libinit$$00000015)
    __rt_lib_init_lc_numeric_1               0x080001b7   Thumb Code     0  libinit2.o(.ARM.Collect$$libinit$$00000017)
    __rt_lib_init_lc_time_1                  0x080001b7   Thumb Code     0  libinit2.o(.ARM.Collect$$libinit$$00000019)
    __rt_lib_init_preinit_1                  0x080001b7   Thumb Code     0  libinit2.o(.ARM.Collect$$libinit$$00000004)
    __rt_lib_init_rand_1                     0x080001b7   Thumb Code     0  libinit2.o(.ARM.Collect$$libinit$$0000000E)
    __rt_lib_init_return                     0x080001b7   Thumb Code     0  libinit2.o(.ARM.Collect$$libinit$$00000033)
    __rt_lib_init_signal_1                   0x080001b7   Thumb Code     0  libinit2.o(.ARM.Collect$$libinit$$0000001D)
    __rt_lib_init_stdio_1                    0x080001b7   Thumb Code     0  libinit2.o(.ARM.Collect$$libinit$$00000025)
    __rt_lib_init_user_alloc_1               0x080001b7   Thumb Code     0  libinit2.o(.ARM.Collect$$libinit$$0000000C)
    __rt_lib_shutdown                        0x080001b9   Thumb Code     0  libshutdown.o(.ARM.Collect$$libshutdown$$00000000)
    __rt_lib_shutdown_fp_trap_1              0x080001bb   Thumb Code     0  libshutdown2.o(.ARM.Collect$$libshutdown$$00000006)
    __rt_lib_shutdown_heap_1                 0x080001bb   Thumb Code     0  libshutdown2.o(.ARM.Collect$$libshutdown$$0000000E)
    __rt_lib_shutdown_return                 0x080001bb   Thumb Code     0  libshutdown2.o(.ARM.Collect$$libshutdown$$0000000F)
    __rt_lib_shutdown_signal_1               0x080001bb   Thumb Code     0  libshutdown2.o(.ARM.Collect$$libshutdown$$00000009)
    __rt_lib_shutdown_stdio_1                0x080001bb   Thumb Code     0  libshutdown2.o(.ARM.Collect$$libshutdown$$00000003)
    __rt_lib_shutdown_user_alloc_1           0x080001bb   Thumb Code     0  libshutdown2.o(.ARM.Collect$$libshutdown$$0000000B)
    __rt_entry                               0x080001bd   Thumb Code     0  __rtentry.o(.ARM.Collect$$rtentry$$00000000)
    __rt_entry_presh_1                       0x080001bd   Thumb Code     0  __rtentry2.o(.ARM.Collect$$rtentry$$00000002)
    __rt_entry_sh                            0x080001bd   Thumb Code     0  __rtentry4.o(.ARM.Collect$$rtentry$$00000004)
    __rt_entry_li                            0x080001c3   Thumb Code     0  __rtentry2.o(.ARM.Collect$$rtentry$$0000000A)
    __rt_entry_postsh_1                      0x080001c3   Thumb Code     0  __rtentry2.o(.ARM.Collect$$rtentry$$00000009)
    __rt_entry_main                          0x080001c7   Thumb Code     0  __rtentry2.o(.ARM.Collect$$rtentry$$0000000D)
    __rt_entry_postli_1                      0x080001c7   Thumb Code     0  __rtentry2.o(.ARM.Collect$$rtentry$$0000000C)
    __rt_exit                                0x080001cf   Thumb Code     0  rtexit.o(.ARM.Collect$$rtexit$$00000000)
    __rt_exit_ls                             0x080001d1   Thumb Code     0  rtexit2.o(.ARM.Collect$$rtexit$$00000003)
    __rt_exit_prels_1                        0x080001d1   Thumb Code     0  rtexit2.o(.ARM.Collect$$rtexit$$00000002)
    __rt_exit_exit                           0x080001d5   Thumb Code     0  rtexit2.o(.ARM.Collect$$rtexit$$00000004)
    SVC_Handler                              0x080001dd   Thumb Code    32  port.o(.emb_text)
    __asm___6_port_c_39a90d8d__prvStartFirstTask 0x08000201   Thumb Code    28  port.o(.emb_text)
    PendSV_Handler                           0x08000221   Thumb Code    72  port.o(.emb_text)
    vPortGetIPSR                             0x0800026d   Thumb Code     6  port.o(.emb_text)
    Reset_Handler                            0x08000275   Thumb Code     8  startup_stm32f103xe.o(.text)
    ADC1_2_IRQHandler                        0x0800028f   Thumb Code     0  startup_stm32f103xe.o(.text)
    ADC3_IRQHandler                          0x0800028f   Thumb Code     0  startup_stm32f103xe.o(.text)
    CAN1_RX1_IRQHandler                      0x0800028f   Thumb Code     0  startup_stm32f103xe.o(.text)
    CAN1_SCE_IRQHandler                      0x0800028f   Thumb Code     0  startup_stm32f103xe.o(.text)
    DMA1_Channel1_IRQHandler                 0x0800028f   Thumb Code     0  startup_stm32f103xe.o(.text)
    DMA1_Channel2_IRQHandler                 0x0800028f   Thumb Code     0  startup_stm32f103xe.o(.text)
    DMA1_Channel3_IRQHandler                 0x0800028f   Thumb Code     0  startup_stm32f103xe.o(.text)
    DMA1_Channel4_IRQHandler                 0x0800028f   Thumb Code     0  startup_stm32f103xe.o(.text)
    DMA1_Channel5_IRQHandler                 0x0800028f   Thumb Code     0  startup_stm32f103xe.o(.text)
    DMA1_Channel6_IRQHandler                 0x0800028f   Thumb Code     0  startup_stm32f103xe.o(.text)
    DMA1_Channel7_IRQHandler                 0x0800028f   Thumb Code     0  startup_stm32f103xe.o(.text)
    DMA2_Channel1_IRQHandler                 0x0800028f   Thumb Code     0  startup_stm32f103xe.o(.text)
    DMA2_Channel2_IRQHandler                 0x0800028f   Thumb Code     0  startup_stm32f103xe.o(.text)
    DMA2_Channel3_IRQHandler                 0x0800028f   Thumb Code     0  startup_stm32f103xe.o(.text)
    DMA2_Channel4_5_IRQHandler               0x0800028f   Thumb Code     0  startup_stm32f103xe.o(.text)
    EXTI0_IRQHandler                         0x0800028f   Thumb Code     0  startup_stm32f103xe.o(.text)
    EXTI15_10_IRQHandler                     0x0800028f   Thumb Code     0  startup_stm32f103xe.o(.text)
    EXTI1_IRQHandler                         0x0800028f   Thumb Code     0  startup_stm32f103xe.o(.text)
    EXTI2_IRQHandler                         0x0800028f   Thumb Code     0  startup_stm32f103xe.o(.text)
    EXTI3_IRQHandler                         0x0800028f   Thumb Code     0  startup_stm32f103xe.o(.text)
    EXTI4_IRQHandler                         0x0800028f   Thumb Code     0  startup_stm32f103xe.o(.text)
    EXTI9_5_IRQHandler                       0x0800028f   Thumb Code     0  startup_stm32f103xe.o(.text)
    FLASH_IRQHandler                         0x0800028f   Thumb Code     0  startup_stm32f103xe.o(.text)
    FSMC_IRQHandler                          0x0800028f   Thumb Code     0  startup_stm32f103xe.o(.text)
    I2C1_ER_IRQHandler                       0x0800028f   Thumb Code     0  startup_stm32f103xe.o(.text)
    I2C1_EV_IRQHandler                       0x0800028f   Thumb Code     0  startup_stm32f103xe.o(.text)
    I2C2_ER_IRQHandler                       0x0800028f   Thumb Code     0  startup_stm32f103xe.o(.text)
    I2C2_EV_IRQHandler                       0x0800028f   Thumb Code     0  startup_stm32f103xe.o(.text)
    PVD_IRQHandler                           0x0800028f   Thumb Code     0  startup_stm32f103xe.o(.text)
    RCC_IRQHandler                           0x0800028f   Thumb Code     0  startup_stm32f103xe.o(.text)
    RTC_Alarm_IRQHandler                     0x0800028f   Thumb Code     0  startup_stm32f103xe.o(.text)
    RTC_IRQHandler                           0x0800028f   Thumb Code     0  startup_stm32f103xe.o(.text)
    SDIO_IRQHandler                          0x0800028f   Thumb Code     0  startup_stm32f103xe.o(.text)
    SPI1_IRQHandler                          0x0800028f   Thumb Code     0  startup_stm32f103xe.o(.text)
    SPI2_IRQHandler                          0x0800028f   Thumb Code     0  startup_stm32f103xe.o(.text)
    SPI3_IRQHandler                          0x0800028f   Thumb Code     0  startup_stm32f103xe.o(.text)
    TAMPER_IRQHandler                        0x0800028f   Thumb Code     0  startup_stm32f103xe.o(.text)
    TIM1_BRK_IRQHandler                      0x0800028f   Thumb Code     0  startup_stm32f103xe.o(.text)
    TIM1_CC_IRQHandler                       0x0800028f   Thumb Code     0  startup_stm32f103xe.o(.text)
    TIM1_TRG_COM_IRQHandler                  0x0800028f   Thumb Code     0  startup_stm32f103xe.o(.text)
    TIM1_UP_IRQHandler                       0x0800028f   Thumb Code     0  startup_stm32f103xe.o(.text)
    TIM2_IRQHandler                          0x0800028f   Thumb Code     0  startup_stm32f103xe.o(.text)
    TIM3_IRQHandler                          0x0800028f   Thumb Code     0  startup_stm32f103xe.o(.text)
    TIM4_IRQHandler                          0x0800028f   Thumb Code     0  startup_stm32f103xe.o(.text)
    TIM5_IRQHandler                          0x0800028f   Thumb Code     0  startup_stm32f103xe.o(.text)
    TIM6_IRQHandler                          0x0800028f   Thumb Code     0  startup_stm32f103xe.o(.text)
    TIM7_IRQHandler                          0x0800028f   Thumb Code     0  startup_stm32f103xe.o(.text)
    TIM8_BRK_IRQHandler                      0x0800028f   Thumb Code     0  startup_stm32f103xe.o(.text)
    TIM8_CC_IRQHandler                       0x0800028f   Thumb Code     0  startup_stm32f103xe.o(.text)
    TIM8_TRG_COM_IRQHandler                  0x0800028f   Thumb Code     0  startup_stm32f103xe.o(.text)
    TIM8_UP_IRQHandler                       0x0800028f   Thumb Code     0  startup_stm32f103xe.o(.text)
    UART4_IRQHandler                         0x0800028f   Thumb Code     0  startup_stm32f103xe.o(.text)
    UART5_IRQHandler                         0x0800028f   Thumb Code     0  startup_stm32f103xe.o(.text)
    USART2_IRQHandler                        0x0800028f   Thumb Code     0  startup_stm32f103xe.o(.text)
    USART3_IRQHandler                        0x0800028f   Thumb Code     0  startup_stm32f103xe.o(.text)
    USBWakeUp_IRQHandler                     0x0800028f   Thumb Code     0  startup_stm32f103xe.o(.text)
    USB_HP_CAN1_TX_IRQHandler                0x0800028f   Thumb Code     0  startup_stm32f103xe.o(.text)
    USB_LP_CAN1_RX0_IRQHandler               0x0800028f   Thumb Code     0  startup_stm32f103xe.o(.text)
    WWDG_IRQHandler                          0x0800028f   Thumb Code     0  startup_stm32f103xe.o(.text)
    __user_initial_stackheap                 0x08000291   Thumb Code     0  startup_stm32f103xe.o(.text)
    __use_no_semihosting                     0x080002b5   Thumb Code     2  use_no_semi_2.o(.text)
    __2printf                                0x080002b9   Thumb Code    20  __2printf.o(.text)
    _printf_str                              0x080002d1   Thumb Code    82  _printf_str.o(.text)
    _printf_int_dec                          0x08000325   Thumb Code   104  _printf_dec.o(.text)
    __printf                                 0x0800039d   Thumb Code   388  __printf_flags_ss_wp.o(.text)
    __aeabi_memcpy                           0x08000525   Thumb Code     0  rt_memcpy_v6.o(.text)
    __rt_memcpy                              0x08000525   Thumb Code   138  rt_memcpy_v6.o(.text)
    _memcpy_lastbytes                        0x0800058b   Thumb Code     0  rt_memcpy_v6.o(.text)
    __aeabi_memcpy4                          0x080005af   Thumb Code     0  rt_memcpy_w.o(.text)
    __aeabi_memcpy8                          0x080005af   Thumb Code     0  rt_memcpy_w.o(.text)
    __rt_memcpy_w                            0x080005af   Thumb Code   100  rt_memcpy_w.o(.text)
    _memcpy_lastbytes_aligned                0x080005f7   Thumb Code     0  rt_memcpy_w.o(.text)
    __aeabi_memset                           0x08000613   Thumb Code    16  aeabi_memset.o(.text)
    __aeabi_memclr                           0x08000623   Thumb Code     0  rt_memclr.o(.text)
    __rt_memclr                              0x08000623   Thumb Code    68  rt_memclr.o(.text)
    _memset                                  0x08000627   Thumb Code     0  rt_memclr.o(.text)
    __use_two_region_memory                  0x08000667   Thumb Code     2  heapauxi.o(.text)
    __rt_heap_escrow$2region                 0x08000669   Thumb Code     2  heapauxi.o(.text)
    __rt_heap_expand$2region                 0x0800066b   Thumb Code     2  heapauxi.o(.text)
    __I$use$semihosting                      0x0800066d   Thumb Code     0  use_no_semi.o(.text)
    __use_no_semihosting_swi                 0x0800066d   Thumb Code     2  use_no_semi.o(.text)
    _printf_int_common                       0x0800066f   Thumb Code   178  _printf_intcommon.o(.text)
    _printf_char_common                      0x0800072b   Thumb Code    32  _printf_char_common.o(.text)
    _printf_cs_common                        0x08000751   Thumb Code    20  _printf_char.o(.text)
    _printf_char                             0x08000765   Thumb Code    16  _printf_char.o(.text)
    _printf_string                           0x08000775   Thumb Code     8  _printf_char.o(.text)
    _printf_char_file                        0x0800077d   Thumb Code    32  _printf_char_file.o(.text)
    __aeabi_memclr4                          0x080007a1   Thumb Code     0  rt_memclr_w.o(.text)
    __aeabi_memclr8                          0x080007a1   Thumb Code     0  rt_memclr_w.o(.text)
    __rt_memclr_w                            0x080007a1   Thumb Code    78  rt_memclr_w.o(.text)
    _memset_w                                0x080007a5   Thumb Code     0  rt_memclr_w.o(.text)
    ferror                                   0x080007ef   Thumb Code     8  ferror.o(.text)
    __user_setup_stackheap                   0x080007f7   Thumb Code    74  sys_stackheap_outer.o(.text)
    exit                                     0x08000841   Thumb Code    12  exit.o(.text)
    __user_libspace                          0x0800084d   Thumb Code     8  libspace.o(.text)
    __user_perproc_libspace                  0x0800084d   Thumb Code     0  libspace.o(.text)
    __user_perthread_libspace                0x0800084d   Thumb Code     0  libspace.o(.text)
    BusFault_Handler                         0x08000855   Thumb Code     2  stm32f1xx_it.o(i.BusFault_Handler)
    DebugMon_Handler                         0x08000857   Thumb Code     2  stm32f1xx_it.o(i.DebugMon_Handler)
    Delay_ms                                 0x08000859   Thumb Code    36  ult.o(i.Delay_ms)
    Delay_us                                 0x08000881   Thumb Code    36  ult.o(i.Delay_us)
    GPIO_Configuration                       0x080008a9   Thumb Code    76  device.o(i.GPIO_Configuration)
    HAL_DMA_Abort_IT                         0x08000901   Thumb Code   296  stm32f1xx_hal_dma.o(i.HAL_DMA_Abort_IT)
    HAL_GPIO_Init                            0x08000a31   Thumb Code   454  stm32f1xx_hal_gpio.o(i.HAL_GPIO_Init)
    HAL_GPIO_WritePin                        0x08000c21   Thumb Code    10  stm32f1xx_hal_gpio.o(i.HAL_GPIO_WritePin)
    HAL_GetTick                              0x08000c2d   Thumb Code     6  stm32f1xx_hal.o(i.HAL_GetTick)
    HAL_IncTick                              0x08000c39   Thumb Code    12  stm32f1xx_hal.o(i.HAL_IncTick)
    HAL_Init                                 0x08000c49   Thumb Code    32  stm32f1xx_hal.o(i.HAL_Init)
    HAL_InitTick                             0x08000c6d   Thumb Code    54  stm32f1xx_hal.o(i.HAL_InitTick)
    HAL_MspInit                              0x08000cad   Thumb Code     2  stm32f1xx_hal_msp.o(i.HAL_MspInit)
    HAL_NVIC_EnableIRQ                       0x08000caf   Thumb Code    26  stm32f1xx_hal_cortex.o(i.HAL_NVIC_EnableIRQ)
    HAL_NVIC_SetPriority                     0x08000cc9   Thumb Code    60  stm32f1xx_hal_cortex.o(i.HAL_NVIC_SetPriority)
    HAL_NVIC_SetPriorityGrouping             0x08000d09   Thumb Code    26  stm32f1xx_hal_cortex.o(i.HAL_NVIC_SetPriorityGrouping)
    HAL_RCC_ClockConfig                      0x08000d2d   Thumb Code   292  stm32f1xx_hal_rcc.o(i.HAL_RCC_ClockConfig)
    HAL_RCC_GetPCLK1Freq                     0x08000e65   Thumb Code    20  stm32f1xx_hal_rcc.o(i.HAL_RCC_GetPCLK1Freq)
    HAL_RCC_GetPCLK2Freq                     0x08000e85   Thumb Code    20  stm32f1xx_hal_rcc.o(i.HAL_RCC_GetPCLK2Freq)
    HAL_RCC_GetSysClockFreq                  0x08000ea5   Thumb Code    74  stm32f1xx_hal_rcc.o(i.HAL_RCC_GetSysClockFreq)
    HAL_RCC_OscConfig                        0x08000f11   Thumb Code   770  stm32f1xx_hal_rcc.o(i.HAL_RCC_OscConfig)
    HAL_SPI_TransmitReceive                  0x08001229   Thumb Code   626  stm32f1xx_hal_spi.o(i.HAL_SPI_TransmitReceive)
    HAL_SYSTICK_CLKSourceConfig              0x0800149b   Thumb Code    24  stm32f1xx_hal_cortex.o(i.HAL_SYSTICK_CLKSourceConfig)
    HAL_SYSTICK_Config                       0x080014b3   Thumb Code    40  stm32f1xx_hal_cortex.o(i.HAL_SYSTICK_Config)
    HAL_UART_ErrorCallback                   0x080014db   Thumb Code     2  stm32f1xx_hal_uart.o(i.HAL_UART_ErrorCallback)
    HAL_UART_GetState                        0x080014dd   Thumb Code    10  stm32f1xx_hal_uart.o(i.HAL_UART_GetState)
    HAL_UART_IRQHandler                      0x080014e9   Thumb Code   266  stm32f1xx_hal_uart.o(i.HAL_UART_IRQHandler)
    HAL_UART_Init                            0x080015f9   Thumb Code    98  stm32f1xx_hal_uart.o(i.HAL_UART_Init)
    HAL_UART_MspInit                         0x0800165d   Thumb Code   126  usart.o(i.HAL_UART_MspInit)
    HAL_UART_Receive_IT                      0x080016e9   Thumb Code    82  stm32f1xx_hal_uart.o(i.HAL_UART_Receive_IT)
    HAL_UART_RxCpltCallback                  0x0800173d   Thumb Code    76  usart.o(i.HAL_UART_RxCpltCallback)
    HAL_UART_TxCpltCallback                  0x08001795   Thumb Code     2  stm32f1xx_hal_uart.o(i.HAL_UART_TxCpltCallback)
    HardFault_Handler                        0x08001797   Thumb Code     2  stm32f1xx_it.o(i.HardFault_Handler)
    IINCHIP_READ                             0x08001799   Thumb Code    52  w5500.o(i.IINCHIP_READ)
    IINCHIP_SpiSendData                      0x080017cd   Thumb Code     4  w5500.o(i.IINCHIP_SpiSendData)
    IINCHIP_WRITE                            0x080017d1   Thumb Code    56  w5500.o(i.IINCHIP_WRITE)
    LED_Init                                 0x08001809   Thumb Code    98  led.o(i.LED_Init)
    MemManage_Handler                        0x08001879   Thumb Code     2  stm32f1xx_it.o(i.MemManage_Handler)
    NMI_Handler                              0x0800187b   Thumb Code     2  stm32f1xx_it.o(i.NMI_Handler)
    Reset_W5500                              0x0800187d   Thumb Code    42  device.o(i.Reset_W5500)
    SPI2_SendByte                            0x080018ad   Thumb Code    28  spi.o(i.SPI2_SendByte)
    Stm32_Clock_Init                         0x08001981   Thumb Code    68  sys.o(i.Stm32_Clock_Init)
    SysTick_Handler                          0x080019c5   Thumb Code     4  stm32f1xx_it.o(i.SysTick_Handler)
    SystemInit                               0x080019c9   Thumb Code    56  system_stm32f1xx.o(i.SystemInit)
    USART1_IRQHandler                        0x08001bf1   Thumb Code    34  usart.o(i.USART1_IRQHandler)
    UsageFault_Handler                       0x08001c1d   Thumb Code     2  stm32f1xx_it.o(i.UsageFault_Handler)
    WIZ_CS                                   0x08001c21   Thumb Code    20  spi.o(i.WIZ_CS)
    WIZ_SPI_Init                             0x08001c39   Thumb Code    54  spi.o(i.WIZ_SPI_Init)
    _is_digit                                0x08001c99   Thumb Code    14  __printf_wp.o(i._is_digit)
    _sys_exit                                0x08001ca7   Thumb Code     2  usart.o(i._sys_exit)
    close                                    0x08001ca9   Thumb Code    48  socket.o(i.close)
    connect                                  0x08001cd9   Thumb Code   228  socket.o(i.connect)
    delay_init                               0x08001dbd   Thumb Code    16  delay.o(i.delay_init)
    delay_ms                                 0x08001dd1   Thumb Code    26  delay.o(i.delay_ms)
    delay_us                                 0x08001ded   Thumb Code    48  delay.o(i.delay_us)
    fputc                                    0x08001e21   Thumb Code    18  usart.o(i.fputc)
    getGAR                                   0x08001e39   Thumb Code    10  w5500.o(i.getGAR)
    getIINCHIP_TxMAX                         0x08001e45   Thumb Code     8  w5500.o(i.getIINCHIP_TxMAX)
    getSIPR                                  0x08001e51   Thumb Code    12  w5500.o(i.getSIPR)
    getSUBR                                  0x08001e5d   Thumb Code    12  w5500.o(i.getSUBR)
    getSn_IR                                 0x08001e69   Thumb Code    12  w5500.o(i.getSn_IR)
    getSn_RX_RSR                             0x08001e75   Thumb Code    76  w5500.o(i.getSn_RX_RSR)
    getSn_SR                                 0x08001ec1   Thumb Code    12  w5500.o(i.getSn_SR)
    getSn_TX_FSR                             0x08001ecd   Thumb Code    76  w5500.o(i.getSn_TX_FSR)
    led0_task                                0x08001f19   Thumb Code    62  main.o(i.led0_task)
    main                                     0x08001f61   Thumb Code    60  main.o(i.main)
    pvPortMalloc                             0x08002815   Thumb Code   214  heap_4.o(i.pvPortMalloc)
    pvTaskIncrementMutexHeldCount            0x08002929   Thumb Code    18  tasks.o(i.pvTaskIncrementMutexHeldCount)
    pxPortInitialiseStack                    0x08002941   Thumb Code    32  port.o(i.pxPortInitialiseStack)
    recv                                     0x08002965   Thumb Code    48  socket.o(i.recv)
    recv_data_processing                     0x08002995   Thumb Code   104  w5500.o(i.recv_data_processing)
    send                                     0x08002a1d   Thumb Code   170  socket.o(i.send)
    send_data_processing                     0x08002add   Thumb Code   104  w5500.o(i.send_data_processing)
    setGAR                                   0x08002b65   Thumb Code    10  w5500.o(i.setGAR)
    setRCR                                   0x08002b6f   Thumb Code    10  w5500.o(i.setRCR)
    setRTR                                   0x08002b79   Thumb Code    28  w5500.o(i.setRTR)
    setSHAR                                  0x08002b95   Thumb Code    12  w5500.o(i.setSHAR)
    setSIPR                                  0x08002ba1   Thumb Code    12  w5500.o(i.setSIPR)
    setSUBR                                  0x08002bad   Thumb Code    12  w5500.o(i.setSUBR)
    setSn_IR                                 0x08002bb9   Thumb Code    12  w5500.o(i.setSn_IR)
    set_default                              0x08002bc5   Thumb Code    50  device.o(i.set_default)
    set_network                              0x08002c01   Thumb Code   142  device.o(i.set_network)
    socket                                   0x08002cd5   Thumb Code   144  socket.o(i.socket)
    start_task                               0x08002d69   Thumb Code    68  main.o(i.start_task)
    sysinit                                  0x08002dd1   Thumb Code   230  w5500.o(i.sysinit)
    uart_init                                0x08002ebd   Thumb Code    44  usart.o(i.uart_init)
    uxListRemove                             0x08002ef5   Thumb Code    36  list.o(i.uxListRemove)
    vListInitialise                          0x08002f19   Thumb Code    22  list.o(i.vListInitialise)
    vListInitialiseItem                      0x08002f2f   Thumb Code     6  list.o(i.vListInitialiseItem)
    vListInsert                              0x08002f35   Thumb Code    48  list.o(i.vListInsert)
    vListInsertEnd                           0x08002f65   Thumb Code    24  list.o(i.vListInsertEnd)
    vPortEnterCritical                       0x08002f7d   Thumb Code    50  port.o(i.vPortEnterCritical)
    vPortExitCritical                        0x08002ff5   Thumb Code    34  port.o(i.vPortExitCritical)
    vPortFree                                0x08003059   Thumb Code    94  heap_4.o(i.vPortFree)
    vPortSetupTimerInterrupt                 0x080030f5   Thumb Code    26  port.o(i.vPortSetupTimerInterrupt)
    vPortValidateInterruptPriority           0x08003115   Thumb Code    70  port.o(i.vPortValidateInterruptPriority)
    vQueueAddToRegistry                      0x080031a1   Thumb Code    32  queue.o(i.vQueueAddToRegistry)
    vQueueWaitForMessageRestricted           0x080031c5   Thumb Code    68  queue.o(i.vQueueWaitForMessageRestricted)
    vTaskDelete                              0x08003209   Thumb Code   152  tasks.o(i.vTaskDelete)
    vTaskMissedYield                         0x080032d5   Thumb Code     8  tasks.o(i.vTaskMissedYield)
    vTaskPlaceOnEventList                    0x080032e1   Thumb Code    44  tasks.o(i.vTaskPlaceOnEventList)
    vTaskPlaceOnEventListRestricted          0x08003335   Thumb Code    52  tasks.o(i.vTaskPlaceOnEventListRestricted)
    vTaskPriorityInherit                     0x08003391   Thumb Code   124  tasks.o(i.vTaskPriorityInherit)
    vTaskSetTimeOutState                     0x08003415   Thumb Code    30  tasks.o(i.vTaskSetTimeOutState)
    vTaskStartScheduler                      0x0800345d   Thumb Code    96  tasks.o(i.vTaskStartScheduler)
    vTaskSuspendAll                          0x080034f1   Thumb Code    10  tasks.o(i.vTaskSuspendAll)
    vTaskSwitchContext                       0x08003501   Thumb Code    80  tasks.o(i.vTaskSwitchContext)
    w5500_task                               0x0800357d   Thumb Code   228  main.o(i.w5500_task)
    wiz_read_buf                             0x080036e5   Thumb Code    82  w5500.o(i.wiz_read_buf)
    wiz_write_buf                            0x08003751   Thumb Code    84  w5500.o(i.wiz_write_buf)
    xPortStartScheduler                      0x080037bd   Thumb Code   108  port.o(i.xPortStartScheduler)
    xQueueGenericCreate                      0x08003835   Thumb Code    82  queue.o(i.xQueueGenericCreate)
    xQueueGenericReceive                     0x080038ad   Thumb Code   348  queue.o(i.xQueueGenericReceive)
    xQueueGenericReset                       0x08003a31   Thumb Code   128  queue.o(i.xQueueGenericReset)
    xQueueGenericSend                        0x08003ad9   Thumb Code   350  queue.o(i.xQueueGenericSend)
    xQueueGenericSendFromISR                 0x08003c61   Thumb Code   188  queue.o(i.xQueueGenericSendFromISR)
    xTaskCheckForTimeOut                     0x08003d41   Thumb Code    94  tasks.o(i.xTaskCheckForTimeOut)
    xTaskCreate                              0x08003dc9   Thumb Code    86  tasks.o(i.xTaskCreate)
    xTaskGetSchedulerState                   0x08003e21   Thumb Code    22  tasks.o(i.xTaskGetSchedulerState)
    xTaskGetTickCount                        0x08003e3d   Thumb Code     6  tasks.o(i.xTaskGetTickCount)
    xTaskIncrementTick                       0x08003e49   Thumb Code   188  tasks.o(i.xTaskIncrementTick)
    xTaskPriorityDisinherit                  0x08003f31   Thumb Code   136  tasks.o(i.xTaskPriorityDisinherit)
    xTaskRemoveFromEventList                 0x08003fe5   Thumb Code   102  tasks.o(i.xTaskRemoveFromEventList)
    xTaskResumeAll                           0x0800407d   Thumb Code   180  tasks.o(i.xTaskResumeAll)
    xTimerCreate                             0x08004161   Thumb Code    74  timers.o(i.xTimerCreate)
    xTimerCreateTimerTask                    0x080041d5   Thumb Code    58  timers.o(i.xTimerCreateTimerTask)
    xTimerGenericCommand                     0x08004249   Thumb Code    98  timers.o(i.xTimerGenericCommand)
    AHBPrescTable                            0x080042d8   Data          16  system_stm32f1xx.o(.constdata)
    APBPrescTable                            0x080042e8   Data           8  system_stm32f1xx.o(.constdata)
    Region$$Table$$Base                      0x08004304   Number         0  anon$$obj.o(Region$$Table)
    Region$$Table$$Limit                     0x08004324   Number         0  anon$$obj.o(Region$$Table)
    StartTask_Handler                        0x20000000   Data           4  main.o(.data)
    LED0Task_Handler                         0x20000004   Data           4  main.o(.data)
    W5500Task_Handler                        0x20000008   Data           4  main.o(.data)
    SystemCoreClock                          0x2000000c   Data           4  system_stm32f1xx.o(.data)
    lip                                      0x20000010   Data           4  device.o(.data)
    sub                                      0x20000014   Data           4  device.o(.data)
    gw                                       0x20000018   Data           4  device.o(.data)
    dns                                      0x2000001c   Data           4  device.o(.data)
    mac                                      0x20000020   Data           6  device.o(.data)
    txsize                                   0x20000026   Data           8  device.o(.data)
    rxsize                                   0x2000002e   Data           8  device.o(.data)
    pxCurrentTCB                             0x2000003c   Data           4  tasks.o(.data)
    uwTickFreq                               0x200000b0   Data           1  stm32f1xx_hal.o(.data)
    uwTickPrio                               0x200000b4   Data           4  stm32f1xx_hal.o(.data)
    uwTick                                   0x200000b8   Data           4  stm32f1xx_hal.o(.data)
    aRxBuffer                                0x200000c0   Data           1  usart.o(.data)
    USART_RX_STA                             0x200000c2   Data           2  usart.o(.data)
    __stdout                                 0x200000c4   Data           4  usart.o(.data)
    buffer                                   0x200000c8   Data        2048  main.o(.bss)
    ConfigMsg                                0x200008c8   Data          46  device.o(.bss)
    SPI2_Handler                             0x20000918   Data          88  spi.o(.bss)
    xQueueRegistry                           0x20000970   Data          64  queue.o(.bss)
    USART_RX_BUF                             0x20005cbc   Data         200  usart.o(.bss)
    UART1_Handler                            0x20005d84   Data          64  usart.o(.bss)
    __libspace_start                         0x20005dc4   Data          96  libspace.o(.bss)
    __temporary_stack_top$libspace           0x20005e24   Data           0  libspace.o(.bss)



==============================================================================

Memory Map of the image

  Image Entry point : 0x08000275

  Load Region LR_1 (Base: 0x08000000, Size: 0x000043ec, Max: 0xffffffff, ABSOLUTE)

    Execution Region ER_RO (Base: 0x08000000, Size: 0x00004324, Max: 0xffffffff, ABSOLUTE)

    Base Addr    Size         Type   Attr      Idx    E Section Name        Object

    0x08000000   0x00000130   Data   RO         1164    RESET               startup_stm32f103xe.o
    0x08000130   0x00000008   Code   RO         9554  * !!!main             c_w.l(__main.o)
    0x08000138   0x00000034   Code   RO         9846    !!!scatter          c_w.l(__scatter.o)
    0x0800016c   0x0000001a   Code   RO         9848    !!handler_copy      c_w.l(__scatter_copy.o)
    0x08000186   0x00000002   PAD
    0x08000188   0x0000001c   Code   RO         9850    !!handler_zi        c_w.l(__scatter_zi.o)
    0x080001a4   0x00000000   Code   RO         9532    .ARM.Collect$$_printf_percent$$00000000  c_w.l(_printf_percent.o)
    0x080001a4   0x00000006   Code   RO         9530    .ARM.Collect$$_printf_percent$$00000009  c_w.l(_printf_d.o)
    0x080001aa   0x00000006   Code   RO         9529    .ARM.Collect$$_printf_percent$$00000014  c_w.l(_printf_s.o)
    0x080001b0   0x00000004   Code   RO         9616    .ARM.Collect$$_printf_percent$$00000017  c_w.l(_printf_percent_end.o)
    0x080001b4   0x00000002   Code   RO         9711    .ARM.Collect$$libinit$$00000000  c_w.l(libinit.o)
    0x080001b6   0x00000000   Code   RO         9728    .ARM.Collect$$libinit$$00000002  c_w.l(libinit2.o)
    0x080001b6   0x00000000   Code   RO         9730    .ARM.Collect$$libinit$$00000004  c_w.l(libinit2.o)
    0x080001b6   0x00000000   Code   RO         9733    .ARM.Collect$$libinit$$0000000A  c_w.l(libinit2.o)
    0x080001b6   0x00000000   Code   RO         9735    .ARM.Collect$$libinit$$0000000C  c_w.l(libinit2.o)
    0x080001b6   0x00000000   Code   RO         9737    .ARM.Collect$$libinit$$0000000E  c_w.l(libinit2.o)
    0x080001b6   0x00000000   Code   RO         9740    .ARM.Collect$$libinit$$00000011  c_w.l(libinit2.o)
    0x080001b6   0x00000000   Code   RO         9742    .ARM.Collect$$libinit$$00000013  c_w.l(libinit2.o)
    0x080001b6   0x00000000   Code   RO         9744    .ARM.Collect$$libinit$$00000015  c_w.l(libinit2.o)
    0x080001b6   0x00000000   Code   RO         9746    .ARM.Collect$$libinit$$00000017  c_w.l(libinit2.o)
    0x080001b6   0x00000000   Code   RO         9748    .ARM.Collect$$libinit$$00000019  c_w.l(libinit2.o)
    0x080001b6   0x00000000   Code   RO         9750    .ARM.Collect$$libinit$$0000001B  c_w.l(libinit2.o)
    0x080001b6   0x00000000   Code   RO         9752    .ARM.Collect$$libinit$$0000001D  c_w.l(libinit2.o)
    0x080001b6   0x00000000   Code   RO         9754    .ARM.Collect$$libinit$$0000001F  c_w.l(libinit2.o)
    0x080001b6   0x00000000   Code   RO         9756    .ARM.Collect$$libinit$$00000021  c_w.l(libinit2.o)
    0x080001b6   0x00000000   Code   RO         9758    .ARM.Collect$$libinit$$00000023  c_w.l(libinit2.o)
    0x080001b6   0x00000000   Code   RO         9760    .ARM.Collect$$libinit$$00000025  c_w.l(libinit2.o)
    0x080001b6   0x00000000   Code   RO         9764    .ARM.Collect$$libinit$$0000002C  c_w.l(libinit2.o)
    0x080001b6   0x00000000   Code   RO         9766    .ARM.Collect$$libinit$$0000002E  c_w.l(libinit2.o)
    0x080001b6   0x00000000   Code   RO         9768    .ARM.Collect$$libinit$$00000030  c_w.l(libinit2.o)
    0x080001b6   0x00000000   Code   RO         9770    .ARM.Collect$$libinit$$00000032  c_w.l(libinit2.o)
    0x080001b6   0x00000002   Code   RO         9771    .ARM.Collect$$libinit$$00000033  c_w.l(libinit2.o)
    0x080001b8   0x00000002   Code   RO         9789    .ARM.Collect$$libshutdown$$00000000  c_w.l(libshutdown.o)
    0x080001ba   0x00000000   Code   RO         9800    .ARM.Collect$$libshutdown$$00000003  c_w.l(libshutdown2.o)
    0x080001ba   0x00000000   Code   RO         9803    .ARM.Collect$$libshutdown$$00000006  c_w.l(libshutdown2.o)
    0x080001ba   0x00000000   Code   RO         9806    .ARM.Collect$$libshutdown$$00000009  c_w.l(libshutdown2.o)
    0x080001ba   0x00000000   Code   RO         9808    .ARM.Collect$$libshutdown$$0000000B  c_w.l(libshutdown2.o)
    0x080001ba   0x00000000   Code   RO         9811    .ARM.Collect$$libshutdown$$0000000E  c_w.l(libshutdown2.o)
    0x080001ba   0x00000002   Code   RO         9812    .ARM.Collect$$libshutdown$$0000000F  c_w.l(libshutdown2.o)
    0x080001bc   0x00000000   Code   RO         9558    .ARM.Collect$$rtentry$$00000000  c_w.l(__rtentry.o)
    0x080001bc   0x00000000   Code   RO         9633    .ARM.Collect$$rtentry$$00000002  c_w.l(__rtentry2.o)
    0x080001bc   0x00000006   Code   RO         9645    .ARM.Collect$$rtentry$$00000004  c_w.l(__rtentry4.o)
    0x080001c2   0x00000000   Code   RO         9635    .ARM.Collect$$rtentry$$00000009  c_w.l(__rtentry2.o)
    0x080001c2   0x00000004   Code   RO         9636    .ARM.Collect$$rtentry$$0000000A  c_w.l(__rtentry2.o)
    0x080001c6   0x00000000   Code   RO         9638    .ARM.Collect$$rtentry$$0000000C  c_w.l(__rtentry2.o)
    0x080001c6   0x00000008   Code   RO         9639    .ARM.Collect$$rtentry$$0000000D  c_w.l(__rtentry2.o)
    0x080001ce   0x00000002   Code   RO         9720    .ARM.Collect$$rtexit$$00000000  c_w.l(rtexit.o)
    0x080001d0   0x00000000   Code   RO         9773    .ARM.Collect$$rtexit$$00000002  c_w.l(rtexit2.o)
    0x080001d0   0x00000004   Code   RO         9774    .ARM.Collect$$rtexit$$00000003  c_w.l(rtexit2.o)
    0x080001d4   0x00000006   Code   RO         9775    .ARM.Collect$$rtexit$$00000004  c_w.l(rtexit2.o)
    0x080001da   0x00000002   PAD
    0x080001dc   0x00000096   Code   RO         2151    .emb_text           port.o
    0x08000272   0x00000002   PAD
    0x08000274   0x00000040   Code   RO         1165  * .text               startup_stm32f103xe.o
    0x080002b4   0x00000002   Code   RO         9488    .text               c_w.l(use_no_semi_2.o)
    0x080002b6   0x00000002   PAD
    0x080002b8   0x00000018   Code   RO         9494    .text               c_w.l(__2printf.o)
    0x080002d0   0x00000052   Code   RO         9504    .text               c_w.l(_printf_str.o)
    0x08000322   0x00000002   PAD
    0x08000324   0x00000078   Code   RO         9506    .text               c_w.l(_printf_dec.o)
    0x0800039c   0x00000188   Code   RO         9525    .text               c_w.l(__printf_flags_ss_wp.o)
    0x08000524   0x0000008a   Code   RO         9542    .text               c_w.l(rt_memcpy_v6.o)
    0x080005ae   0x00000064   Code   RO         9544    .text               c_w.l(rt_memcpy_w.o)
    0x08000612   0x00000010   Code   RO         9546    .text               c_w.l(aeabi_memset.o)
    0x08000622   0x00000044   Code   RO         9548    .text               c_w.l(rt_memclr.o)
    0x08000666   0x00000006   Code   RO         9552    .text               c_w.l(heapauxi.o)
    0x0800066c   0x00000002   Code   RO         9556    .text               c_w.l(use_no_semi.o)
    0x0800066e   0x000000b2   Code   RO         9563    .text               c_w.l(_printf_intcommon.o)
    0x08000720   0x00000030   Code   RO         9567    .text               c_w.l(_printf_char_common.o)
    0x08000750   0x0000002c   Code   RO         9571    .text               c_w.l(_printf_char.o)
    0x0800077c   0x00000024   Code   RO         9573    .text               c_w.l(_printf_char_file.o)
    0x080007a0   0x0000004e   Code   RO         9628    .text               c_w.l(rt_memclr_w.o)
    0x080007ee   0x00000008   Code   RO         9655    .text               c_w.l(ferror.o)
    0x080007f6   0x0000004a   Code   RO         9665    .text               c_w.l(sys_stackheap_outer.o)
    0x08000840   0x0000000c   Code   RO         9704    .text               c_w.l(exit.o)
    0x0800084c   0x00000008   Code   RO         9717    .text               c_w.l(libspace.o)
    0x08000854   0x00000002   Code   RO          316    i.BusFault_Handler  stm32f1xx_it.o
    0x08000856   0x00000002   Code   RO          317    i.DebugMon_Handler  stm32f1xx_it.o
    0x08000858   0x00000028   Code   RO          976    i.Delay_ms          ult.o
    0x08000880   0x00000028   Code   RO          978    i.Delay_us          ult.o
    0x080008a8   0x00000058   Code   RO          523    i.GPIO_Configuration  device.o
    0x08000900   0x00000130   Code   RO         3349    i.HAL_DMA_Abort_IT  stm32f1xx_hal_dma.o
    0x08000a30   0x000001f0   Code   RO         3723    i.HAL_GPIO_Init     stm32f1xx_hal_gpio.o
    0x08000c20   0x0000000a   Code   RO         3727    i.HAL_GPIO_WritePin  stm32f1xx_hal_gpio.o
    0x08000c2a   0x00000002   PAD
    0x08000c2c   0x0000000c   Code   RO         2251    i.HAL_GetTick       stm32f1xx_hal.o
    0x08000c38   0x00000010   Code   RO         2257    i.HAL_IncTick       stm32f1xx_hal.o
    0x08000c48   0x00000024   Code   RO         2258    i.HAL_Init          stm32f1xx_hal.o
    0x08000c6c   0x00000040   Code   RO         2259    i.HAL_InitTick      stm32f1xx_hal.o
    0x08000cac   0x00000002   Code   RO          284    i.HAL_MspInit       stm32f1xx_hal_msp.o
    0x08000cae   0x0000001a   Code   RO         2944    i.HAL_NVIC_EnableIRQ  stm32f1xx_hal_cortex.o
    0x08000cc8   0x00000040   Code   RO         2950    i.HAL_NVIC_SetPriority  stm32f1xx_hal_cortex.o
    0x08000d08   0x00000024   Code   RO         2951    i.HAL_NVIC_SetPriorityGrouping  stm32f1xx_hal_cortex.o
    0x08000d2c   0x00000138   Code   RO         5723    i.HAL_RCC_ClockConfig  stm32f1xx_hal_rcc.o
    0x08000e64   0x00000020   Code   RO         5730    i.HAL_RCC_GetPCLK1Freq  stm32f1xx_hal_rcc.o
    0x08000e84   0x00000020   Code   RO         5731    i.HAL_RCC_GetPCLK2Freq  stm32f1xx_hal_rcc.o
    0x08000ea4   0x0000006c   Code   RO         5732    i.HAL_RCC_GetSysClockFreq  stm32f1xx_hal_rcc.o
    0x08000f10   0x00000318   Code   RO         5735    i.HAL_RCC_OscConfig  stm32f1xx_hal_rcc.o
    0x08001228   0x00000272   Code   RO         6605    i.HAL_SPI_TransmitReceive  stm32f1xx_hal_spi.o
    0x0800149a   0x00000018   Code   RO         2953    i.HAL_SYSTICK_CLKSourceConfig  stm32f1xx_hal_cortex.o
    0x080014b2   0x00000028   Code   RO         2955    i.HAL_SYSTICK_Config  stm32f1xx_hal_cortex.o
    0x080014da   0x00000002   Code   RO         8017    i.HAL_UART_ErrorCallback  stm32f1xx_hal_uart.o
    0x080014dc   0x0000000a   Code   RO         8019    i.HAL_UART_GetState  stm32f1xx_hal_uart.o
    0x080014e6   0x00000002   PAD
    0x080014e8   0x00000110   Code   RO         8020    i.HAL_UART_IRQHandler  stm32f1xx_hal_uart.o
    0x080015f8   0x00000062   Code   RO         8021    i.HAL_UART_Init     stm32f1xx_hal_uart.o
    0x0800165a   0x00000002   PAD
    0x0800165c   0x0000008c   Code   RO         9423    i.HAL_UART_MspInit  usart.o
    0x080016e8   0x00000052   Code   RO         8026    i.HAL_UART_Receive_IT  stm32f1xx_hal_uart.o
    0x0800173a   0x00000002   PAD
    0x0800173c   0x00000058   Code   RO         9424    i.HAL_UART_RxCpltCallback  usart.o
    0x08001794   0x00000002   Code   RO         8032    i.HAL_UART_TxCpltCallback  stm32f1xx_hal_uart.o
    0x08001796   0x00000002   Code   RO          318    i.HardFault_Handler  stm32f1xx_it.o
    0x08001798   0x00000034   Code   RO          580    i.IINCHIP_READ      w5500.o
    0x080017cc   0x00000004   Code   RO          581    i.IINCHIP_SpiSendData  w5500.o
    0x080017d0   0x00000038   Code   RO          582    i.IINCHIP_WRITE     w5500.o
    0x08001808   0x00000070   Code   RO          499    i.LED_Init          led.o
    0x08001878   0x00000002   Code   RO          319    i.MemManage_Handler  stm32f1xx_it.o
    0x0800187a   0x00000002   Code   RO          320    i.NMI_Handler       stm32f1xx_it.o
    0x0800187c   0x00000030   Code   RO          524    i.Reset_W5500       device.o
    0x080018ac   0x00000020   Code   RO          918    i.SPI2_SendByte     spi.o
    0x080018cc   0x00000020   Code   RO         6636    i.SPI_EndRxTxTransaction  stm32f1xx_hal_spi.o
    0x080018ec   0x00000094   Code   RO         6644    i.SPI_WaitFlagStateUntilTimeout  stm32f1xx_hal_spi.o
    0x08001980   0x00000044   Code   RO         9380    i.Stm32_Clock_Init  sys.o
    0x080019c4   0x00000004   Code   RO          321    i.SysTick_Handler   stm32f1xx_it.o
    0x080019c8   0x00000048   Code   RO          380    i.SystemInit        system_stm32f1xx.o
    0x08001a10   0x00000010   Code   RO         8034    i.UART_DMAAbortOnError  stm32f1xx_hal_uart.o
    0x08001a20   0x0000001c   Code   RO         8044    i.UART_EndRxTransfer  stm32f1xx_hal_uart.o
    0x08001a3c   0x00000096   Code   RO         8046    i.UART_Receive_IT   stm32f1xx_hal_uart.o
    0x08001ad2   0x00000002   PAD
    0x08001ad4   0x000000b8   Code   RO         8047    i.UART_SetConfig    stm32f1xx_hal_uart.o
    0x08001b8c   0x00000062   Code   RO         8048    i.UART_Transmit_IT  stm32f1xx_hal_uart.o
    0x08001bee   0x00000002   PAD
    0x08001bf0   0x0000002c   Code   RO         9425    i.USART1_IRQHandler  usart.o
    0x08001c1c   0x00000002   Code   RO          322    i.UsageFault_Handler  stm32f1xx_it.o
    0x08001c1e   0x00000002   PAD
    0x08001c20   0x00000018   Code   RO          920    i.WIZ_CS            spi.o
    0x08001c38   0x00000040   Code   RO          921    i.WIZ_SPI_Init      spi.o
    0x08001c78   0x00000020   Code   RO         2957    i.__NVIC_SetPriority  stm32f1xx_hal_cortex.o
    0x08001c98   0x0000000e   Code   RO         9518    i._is_digit         c_w.l(__printf_wp.o)
    0x08001ca6   0x00000002   Code   RO         9426    i._sys_exit         usart.o
    0x08001ca8   0x00000030   Code   RO          828    i.close             socket.o
    0x08001cd8   0x000000e4   Code   RO          829    i.connect           socket.o
    0x08001dbc   0x00000014   Code   RO         9339    i.delay_init        delay.o
    0x08001dd0   0x0000001a   Code   RO         9340    i.delay_ms          delay.o
    0x08001dea   0x00000002   PAD
    0x08001dec   0x00000034   Code   RO         9341    i.delay_us          delay.o
    0x08001e20   0x00000018   Code   RO         9427    i.fputc             usart.o
    0x08001e38   0x0000000a   Code   RO          584    i.getGAR            w5500.o
    0x08001e42   0x00000002   PAD
    0x08001e44   0x0000000c   Code   RO          587    i.getIINCHIP_TxMAX  w5500.o
    0x08001e50   0x0000000c   Code   RO          591    i.getSIPR           w5500.o
    0x08001e5c   0x0000000c   Code   RO          592    i.getSUBR           w5500.o
    0x08001e68   0x0000000c   Code   RO          593    i.getSn_IR          w5500.o
    0x08001e74   0x0000004c   Code   RO          594    i.getSn_RX_RSR      w5500.o
    0x08001ec0   0x0000000c   Code   RO          595    i.getSn_SR          w5500.o
    0x08001ecc   0x0000004c   Code   RO          596    i.getSn_TX_FSR      w5500.o
    0x08001f18   0x00000048   Code   RO            4    i.led0_task         main.o
    0x08001f60   0x00000050   Code   RO            5    i.main              main.o
    0x08001fb0   0x00000070   Code   RO         1601    i.prvAddCurrentTaskToDelayedList  tasks.o
    0x08002020   0x000000d0   Code   RO         1602    i.prvAddNewTaskToReadyList  tasks.o
    0x080020f0   0x00000050   Code   RO         1958    i.prvCheckForValidListAndQueue  timers.o
    0x08002140   0x00000054   Code   RO         1603    i.prvCheckTasksWaitingTermination  tasks.o
    0x08002194   0x00000026   Code   RO         1368    i.prvCopyDataFromQueue  queue.o
    0x080021ba   0x0000006c   Code   RO         1369    i.prvCopyDataToQueue  queue.o
    0x08002226   0x00000014   Code   RO         1604    i.prvDeleteTCB      tasks.o
    0x0800223a   0x00000002   PAD
    0x0800223c   0x0000004c   Code   RO         2090    i.prvHeapInit       heap_4.o
    0x08002288   0x00000028   Code   RO         1605    i.prvIdleTask       tasks.o
    0x080022b0   0x000000c0   Code   RO         1606    i.prvInitialiseNewTask  tasks.o
    0x08002370   0x0000004c   Code   RO         2091    i.prvInsertBlockIntoFreeList  heap_4.o
    0x080023bc   0x00000038   Code   RO         1959    i.prvInsertTimerInActiveList  timers.o
    0x080023f4   0x0000001a   Code   RO         1370    i.prvIsQueueEmpty   queue.o
    0x0800240e   0x00000002   PAD
    0x08002410   0x00000090   Code   RO         1371    i.prvNotifyQueueSetContainer  queue.o
    0x080024a0   0x00000060   Code   RO         1960    i.prvProcessExpiredTimer  timers.o
    0x08002500   0x000000f0   Code   RO         1961    i.prvProcessReceivedCommands  timers.o
    0x080025f0   0x0000006c   Code   RO         1962    i.prvProcessTimerOrBlockTask  timers.o
    0x0800265c   0x00000020   Code   RO         1608    i.prvResetNextTaskUnblockTime  tasks.o
    0x0800267c   0x00000028   Code   RO         1963    i.prvSampleTimeNow  timers.o
    0x080026a4   0x0000006c   Code   RO         1964    i.prvSwitchTimerLists  timers.o
    0x08002710   0x00000064   Code   RO         2152    i.prvTaskExitError  port.o
    0x08002774   0x00000028   Code   RO         1965    i.prvTimerTask      timers.o
    0x0800279c   0x00000078   Code   RO         1372    i.prvUnlockQueue    queue.o
    0x08002814   0x00000114   Code   RO         2092    i.pvPortMalloc      heap_4.o
    0x08002928   0x00000018   Code   RO         1610    i.pvTaskIncrementMutexHeldCount  tasks.o
    0x08002940   0x00000024   Code   RO         2153    i.pxPortInitialiseStack  port.o
    0x08002964   0x00000030   Code   RO          832    i.recv              socket.o
    0x08002994   0x00000088   Code   RO          599    i.recv_data_processing  w5500.o
    0x08002a1c   0x000000c0   Code   RO          834    i.send              socket.o
    0x08002adc   0x00000088   Code   RO          600    i.send_data_processing  w5500.o
    0x08002b64   0x0000000a   Code   RO          601    i.setGAR            w5500.o
    0x08002b6e   0x0000000a   Code   RO          603    i.setRCR            w5500.o
    0x08002b78   0x0000001c   Code   RO          604    i.setRTR            w5500.o
    0x08002b94   0x0000000c   Code   RO          605    i.setSHAR           w5500.o
    0x08002ba0   0x0000000c   Code   RO          606    i.setSIPR           w5500.o
    0x08002bac   0x0000000c   Code   RO          607    i.setSUBR           w5500.o
    0x08002bb8   0x0000000c   Code   RO          608    i.setSn_IR          w5500.o
    0x08002bc4   0x0000003c   Code   RO          525    i.set_default       device.o
    0x08002c00   0x000000d4   Code   RO          526    i.set_network       device.o
    0x08002cd4   0x00000094   Code   RO          836    i.socket            socket.o
    0x08002d68   0x00000068   Code   RO            6    i.start_task        main.o
    0x08002dd0   0x000000ec   Code   RO          611    i.sysinit           w5500.o
    0x08002ebc   0x00000038   Code   RO         9428    i.uart_init         usart.o
    0x08002ef4   0x00000024   Code   RO         1319    i.uxListRemove      list.o
    0x08002f18   0x00000016   Code   RO         1320    i.vListInitialise   list.o
    0x08002f2e   0x00000006   Code   RO         1321    i.vListInitialiseItem  list.o
    0x08002f34   0x00000030   Code   RO         1322    i.vListInsert       list.o
    0x08002f64   0x00000018   Code   RO         1323    i.vListInsertEnd    list.o
    0x08002f7c   0x00000078   Code   RO         2155    i.vPortEnterCritical  port.o
    0x08002ff4   0x00000064   Code   RO         2156    i.vPortExitCritical  port.o
    0x08003058   0x0000009c   Code   RO         2093    i.vPortFree         heap_4.o
    0x080030f4   0x00000020   Code   RO         2157    i.vPortSetupTimerInterrupt  port.o
    0x08003114   0x0000008c   Code   RO         2158    i.vPortValidateInterruptPriority  port.o
    0x080031a0   0x00000024   Code   RO         1378    i.vQueueAddToRegistry  queue.o
    0x080031c4   0x00000044   Code   RO         1382    i.vQueueWaitForMessageRestricted  queue.o
    0x08003208   0x000000cc   Code   RO         1620    i.vTaskDelete       tasks.o
    0x080032d4   0x0000000c   Code   RO         1624    i.vTaskMissedYield  tasks.o
    0x080032e0   0x00000054   Code   RO         1626    i.vTaskPlaceOnEventList  tasks.o
    0x08003334   0x0000005c   Code   RO         1627    i.vTaskPlaceOnEventListRestricted  tasks.o
    0x08003390   0x00000084   Code   RO         1629    i.vTaskPriorityInherit  tasks.o
    0x08003414   0x00000048   Code   RO         1633    i.vTaskSetTimeOutState  tasks.o
    0x0800345c   0x00000094   Code   RO         1634    i.vTaskStartScheduler  tasks.o
    0x080034f0   0x00000010   Code   RO         1636    i.vTaskSuspendAll   tasks.o
    0x08003500   0x0000007c   Code   RO         1637    i.vTaskSwitchContext  tasks.o
    0x0800357c   0x00000168   Code   RO            7    i.w5500_task        main.o
    0x080036e4   0x0000006c   Code   RO          612    i.wiz_read_buf      w5500.o
    0x08003750   0x0000006c   Code   RO          613    i.wiz_write_buf     w5500.o
    0x080037bc   0x00000078   Code   RO         2159    i.xPortStartScheduler  port.o
    0x08003834   0x00000078   Code   RO         1387    i.xQueueGenericCreate  queue.o
    0x080038ac   0x00000184   Code   RO         1388    i.xQueueGenericReceive  queue.o
    0x08003a30   0x000000a8   Code   RO         1389    i.xQueueGenericReset  queue.o
    0x08003ad8   0x00000188   Code   RO         1390    i.xQueueGenericSend  queue.o
    0x08003c60   0x000000e0   Code   RO         1391    i.xQueueGenericSendFromISR  queue.o
    0x08003d40   0x00000088   Code   RO         1638    i.xTaskCheckForTimeOut  tasks.o
    0x08003dc8   0x00000056   Code   RO         1639    i.xTaskCreate       tasks.o
    0x08003e1e   0x00000002   PAD
    0x08003e20   0x0000001c   Code   RO         1643    i.xTaskGetSchedulerState  tasks.o
    0x08003e3c   0x0000000c   Code   RO         1644    i.xTaskGetTickCount  tasks.o
    0x08003e48   0x000000e8   Code   RO         1646    i.xTaskIncrementTick  tasks.o
    0x08003f30   0x000000b4   Code   RO         1649    i.xTaskPriorityDisinherit  tasks.o
    0x08003fe4   0x00000098   Code   RO         1650    i.xTaskRemoveFromEventList  tasks.o
    0x0800407c   0x000000e4   Code   RO         1652    i.xTaskResumeAll    tasks.o
    0x08004160   0x00000074   Code   RO         1968    i.xTimerCreate      timers.o
    0x080041d4   0x00000074   Code   RO         1969    i.xTimerCreateTimerTask  timers.o
    0x08004248   0x00000090   Code   RO         1970    i.xTimerGenericCommand  timers.o
    0x080042d8   0x00000010   Data   RO          381    .constdata          system_stm32f1xx.o
    0x080042e8   0x00000008   Data   RO          382    .constdata          system_stm32f1xx.o
    0x080042f0   0x00000011   Data   RO         9526    .constdata          c_w.l(__printf_flags_ss_wp.o)
    0x08004301   0x00000003   PAD
    0x08004304   0x00000020   Data   RO         9844    Region$$Table       anon$$obj.o


    Execution Region ER_RW (Base: 0x20000000, Size: 0x000000c8, Max: 0xffffffff, ABSOLUTE)

    Base Addr    Size         Type   Attr      Idx    E Section Name        Object

    0x20000000   0x0000000c   Data   RW            9    .data               main.o
    0x2000000c   0x00000004   Data   RW          383    .data               system_stm32f1xx.o
    0x20000010   0x00000026   Data   RW          530    .data               device.o
    0x20000036   0x00000002   Data   RW          837    .data               socket.o
    0x20000038   0x00000004   Data   RW         1000    .data               ult.o
    0x2000003c   0x0000003c   Data   RW         1655    .data               tasks.o
    0x20000078   0x00000014   Data   RW         1978    .data               timers.o
    0x2000008c   0x00000018   Data   RW         2098    .data               heap_4.o
    0x200000a4   0x0000000c   Data   RW         2161    .data               port.o
    0x200000b0   0x0000000c   Data   RW         2265    .data               stm32f1xx_hal.o
    0x200000bc   0x00000004   Data   RW         9342    .data               delay.o
    0x200000c0   0x00000004   Data   RW         9430    .data               usart.o
    0x200000c4   0x00000004   Data   RW         9431    .data               usart.o


    Execution Region ER_ZI (Base: 0x200000c8, Size: 0x00006360, Max: 0xffffffff, ABSOLUTE)

    Base Addr    Size         Type   Attr      Idx    E Section Name        Object

    0x200000c8   0x00000800   Zero   RW            8    .bss                main.o
    0x200008c8   0x0000002e   Zero   RW          527    .bss                device.o
    0x200008f6   0x00000020   Zero   RW          614    .bss                w5500.o
    0x20000916   0x00000002   PAD
    0x20000918   0x00000058   Zero   RW          922    .bss                spi.o
    0x20000970   0x00000040   Zero   RW         1402    .bss                queue.o
    0x200009b0   0x000002e4   Zero   RW         1654    .bss                tasks.o
    0x20000c94   0x00000028   Zero   RW         1977    .bss                timers.o
    0x20000cbc   0x00005000   Zero   RW         2097    .bss                heap_4.o
    0x20005cbc   0x00000108   Zero   RW         9429    .bss                usart.o
    0x20005dc4   0x00000060   Zero   RW         9718    .bss                c_w.l(libspace.o)
    0x20005e24   0x00000004   PAD
    0x20005e28   0x00000200   Zero   RW         1163    HEAP                startup_stm32f103xe.o
    0x20006028   0x00000400   Zero   RW         1162    STACK               startup_stm32f103xe.o


==============================================================================

Image component sizes


      Code (inc. data)   RO Data    RW Data    ZI Data      Debug   Object Name

        98          8          0          4          0       1795   delay.o
       408         98          0         38         46       4398   device.o
         0          0          0          0          0      11856   event_groups.o
       584        138          0         24      20480       3767   heap_4.o
       112         14          0          0          0        935   led.o
       136          0          0          0          0       2934   list.o
       616        198          0         12       2048     474767   main.o
       798        306          0         12          0       9575   port.o
      1832        236          0          0         64      13777   queue.o
       664         26          0          2          0       4812   socket.o
       120         18          0          0         88       1719   spi.o
        64         26        304          0       1536        800   startup_stm32f103xe.o
       128         24          0         12          0       5913   stm32f1xx_hal.o
       222         14          0          0          0      29073   stm32f1xx_hal_cortex.o
       304          8          0          0          0       1103   stm32f1xx_hal_dma.o
       506         42          0          0          0       2584   stm32f1xx_hal_gpio.o
         2          0          0          0          0        430   stm32f1xx_hal_msp.o
      1276        100          0          0          0       4976   stm32f1xx_hal_rcc.o
       806          0          0          0          0       3276   stm32f1xx_hal_spi.o
       942         12          0          0          0       7479   stm32f1xx_hal_uart.o
        16          0          0          0          0       3007   stm32f1xx_it.o
        68          0          0          0          0        631   sys.o
        72         16         24          4          0       1131   system_stm32f1xx.o
      2650        624          0         60        740      27422   tasks.o
      1144        260          0         20         40       8790   timers.o
        80          8          0          4          0       2154   ult.o
       354         54          0          8        264       5277   usart.o
      1154        124          0          0         32      14619   w5500.o

    ----------------------------------------------------------------------
     15182       2354        360        200      25340     649000   Object Totals
         0          0         32          0          0          0   (incl. Generated)
        26          0          0          0          2          0   (incl. Padding)

    ----------------------------------------------------------------------

      Code (inc. data)   RO Data    RW Data    ZI Data      Debug   Library Member Name

        24          4          0          0          0         84   __2printf.o
         8          0          0          0          0         68   __main.o
       392          4         17          0          0         92   __printf_flags_ss_wp.o
        14          0          0          0          0         68   __printf_wp.o
         0          0          0          0          0          0   __rtentry.o
        12          0          0          0          0          0   __rtentry2.o
         6          0          0          0          0          0   __rtentry4.o
        52          8          0          0          0          0   __scatter.o
        26          0          0          0          0          0   __scatter_copy.o
        28          0          0          0          0          0   __scatter_zi.o
        44          0          0          0          0        108   _printf_char.o
        48          6          0          0          0         96   _printf_char_common.o
        36          4          0          0          0         80   _printf_char_file.o
         6          0          0          0          0          0   _printf_d.o
       120         16          0          0          0         92   _printf_dec.o
       178          0          0          0          0         88   _printf_intcommon.o
         0          0          0          0          0          0   _printf_percent.o
         4          0          0          0          0          0   _printf_percent_end.o
         6          0          0          0          0          0   _printf_s.o
        82          0          0          0          0         80   _printf_str.o
        16          0          0          0          0         68   aeabi_memset.o
        12          0          0          0          0         72   exit.o
         8          0          0          0          0         68   ferror.o
         6          0          0          0          0        152   heapauxi.o
         2          0          0          0          0          0   libinit.o
         2          0          0          0          0          0   libinit2.o
         2          0          0          0          0          0   libshutdown.o
         2          0          0          0          0          0   libshutdown2.o
         8          4          0          0         96         68   libspace.o
        68          0          0          0          0         68   rt_memclr.o
        78          0          0          0          0         80   rt_memclr_w.o
       138          0          0          0          0         68   rt_memcpy_v6.o
       100          0          0          0          0         80   rt_memcpy_w.o
         2          0          0          0          0          0   rtexit.o
        10          0          0          0          0          0   rtexit2.o
        74          0          0          0          0         80   sys_stackheap_outer.o
         2          0          0          0          0         68   use_no_semi.o
         2          0          0          0          0         68   use_no_semi_2.o

    ----------------------------------------------------------------------
      1626         46         20          0        100       1796   Library Totals
         8          0          3          0          4          0   (incl. Padding)

    ----------------------------------------------------------------------

      Code (inc. data)   RO Data    RW Data    ZI Data      Debug   Library Name

      1618         46         17          0         96       1796   c_w.l

    ----------------------------------------------------------------------
      1626         46         20          0        100       1796   Library Totals

    ----------------------------------------------------------------------

==============================================================================


      Code (inc. data)   RO Data    RW Data    ZI Data      Debug   

     16808       2400        380        200      25440     641900   Grand Totals
     16808       2400        380        200      25440     641900   ELF Image Totals
     16808       2400        380        200          0          0   ROM Totals

==============================================================================

    Total RO  Size (Code + RO Data)                17188 (  16.79kB)
    Total RW  Size (RW Data + ZI Data)             25640 (  25.04kB)
    Total ROM Size (Code + RO Data + RW Data)      17388 (  16.98kB)

==============================================================================

