<html>
<body>
<pre>
<h1>µVision Build Log</h1>
<h2>Tool Versions:</h2>
IDE-Version: ¦ÌVision V5.15
Copyright (C) 2015 ARM Ltd and ARM Germany GmbH. All rights reserved.
License Information:  ,  , LIC=W96Y8-3G5NI-NREXL-0GNJX-PD1A4-BPKSS
 
Tool Versions:
Toolchain:       MDK-ARM Professional  Version: 5.15.0
Toolchain Path:  C:\Keil_v5\ARM\ARMCC\Bin
C Compiler:      Armcc.exe V5.05 update 2 (build 169)
Assembler:       Armasm.exe V5.05 update 2 (build 169)
Linker/Locator:  ArmLink.exe V5.05 update 2 (build 169)
Library Manager: ArmAr.exe V5.05 update 2 (build 169)
Hex Converter:   FromElf.exe V5.05 update 2 (build 169)
CPU DLL:         SARMCM3.DLL V5.15.0
Dialog DLL:      DCM.DLL V1.13.2.0
Target DLL:      STLink\ST-LINKIII-KEIL_SWO.dll V2.0.15.0_KEIL
Dialog DLL:      TCM.DLL V1.14.5.0
 
<h2>Project:</h2>
C:\Users\FangJiJun\Documents\STM32\STM32F10x_Rtos\Preject\Empty_Project.uvprojx
Project File Date:  11/13/2018

<h2>Output:</h2>
*** Using Compiler 'V5.05 update 2 (build 169)', folder: 'C:\Keil_v5\ARM\ARMCC\Bin'
Build target 'Empty'
compiling user_mqtt.c...
..\word\user_mqtt\user_mqtt.c(168): warning:  #111-D: statement is unreachable
                        vTaskDelay(1000);
..\word\user_mqtt\user_mqtt.c(142): warning:  #177-D: variable "ret" was declared but never referenced
        uint8_t ret;
..\word\user_mqtt\user_mqtt.c(145): warning:  #550-D: variable "rc" was set but never used
        int qos,rc,payloadlen_in;
..\word\user_mqtt\user_mqtt.c(227): warning:  #187-D: use of "=" where "==" may have been intended
                                        if(rc = 0)
..\word\user_mqtt\user_mqtt.c(238): warning:  #1293-D: assignment in condition
                                        if(ret = (uint32_t)connect(
QTT_SOCKET, mqtt_remote_ip, 
QTT_PORT) != 
OCK_OK){
..\word\user_mqtt\user_mqtt.c(186): warning:  #177-D: variable "mqtt_state" was declared but never referenced
        uint8_t mqtt_state=1;
..\word\user_mqtt\user_mqtt.c(187): warning:  #550-D: variable "rc" was set but never used
        int32_t ret,rc;
..\word\user_mqtt\user_mqtt.c(188): warning:  #550-D: variable "phy" was set but never used
        uint8_t phy=0;
..\word\user_mqtt\user_mqtt.c: 8 warnings, 0 errors
linking...
Program Size: Code=16524 RO-data=336 RW-data=200 ZI-data=19448  
".\Objects\Empty_Project.axf" - 0 Error(s), 8 Warning(s).

<h2>Collection of Component include folders:</h2>
  C:\Users\FangJiJun\Documents\STM32\STM32F10x_Rtos\Preject\RTE
  C:\Keil_v5\ARM\PACK\Keil\STM32F1xx_DFP\2.2.0\Device\Include

<h2>Collection of Component Files used:</h2>
</pre>
</body>
</html>
