Component: ARM Compiler 5.05 update 2 (build 169) Tool: armlink [4d0f33]

==============================================================================

Section Cross References

    startup_stm32f10x_hd.o(RESET) refers to startup_stm32f10x_hd.o(STACK) for __initial_sp
    startup_stm32f10x_hd.o(RESET) refers to startup_stm32f10x_hd.o(.text) for Reset_Handler
    startup_stm32f10x_hd.o(RESET) refers to port.o(.emb_text) for vPortSVCHandler
    startup_stm32f10x_hd.o(RESET) refers to port.o(i.xPortSysTickHandler) for xPortSysTickHandler
    startup_stm32f10x_hd.o(.text) refers to system_stm32f10x.o(i.SystemInit) for SystemInit
    startup_stm32f10x_hd.o(.text) refers to entry.o(.ARM.Collect$$$$00000000) for __main
    system_stm32f10x.o(i.SetSysClock) refers to system_stm32f10x.o(i.SetSysClockTo72) for SetSysClockTo72
    system_stm32f10x.o(i.SystemCoreClockUpdate) refers to system_stm32f10x.o(.data) for SystemCoreClock
    system_stm32f10x.o(i.SystemInit) refers to system_stm32f10x.o(i.SetSysClock) for SetSysClock
    stm32f10x_adc.o(i.ADC_DeInit) refers to stm32f10x_rcc.o(i.RCC_APB2PeriphResetCmd) for RCC_APB2PeriphResetCmd
    stm32f10x_bkp.o(i.BKP_DeInit) refers to stm32f10x_rcc.o(i.RCC_BackupResetCmd) for RCC_BackupResetCmd
    stm32f10x_can.o(i.CAN_DeInit) refers to stm32f10x_rcc.o(i.RCC_APB1PeriphResetCmd) for RCC_APB1PeriphResetCmd
    stm32f10x_can.o(i.CAN_GetITStatus) refers to stm32f10x_can.o(i.CheckITStatus) for CheckITStatus
    stm32f10x_cec.o(i.CEC_DeInit) refers to stm32f10x_rcc.o(i.RCC_APB1PeriphResetCmd) for RCC_APB1PeriphResetCmd
    stm32f10x_dac.o(i.DAC_DeInit) refers to stm32f10x_rcc.o(i.RCC_APB1PeriphResetCmd) for RCC_APB1PeriphResetCmd
    stm32f10x_flash.o(i.FLASH_EnableWriteProtection) refers to stm32f10x_flash.o(i.FLASH_WaitForLastOperation) for FLASH_WaitForLastOperation
    stm32f10x_flash.o(i.FLASH_EraseAllBank1Pages) refers to stm32f10x_flash.o(i.FLASH_WaitForLastBank1Operation) for FLASH_WaitForLastBank1Operation
    stm32f10x_flash.o(i.FLASH_EraseAllPages) refers to stm32f10x_flash.o(i.FLASH_WaitForLastOperation) for FLASH_WaitForLastOperation
    stm32f10x_flash.o(i.FLASH_EraseOptionBytes) refers to stm32f10x_flash.o(i.FLASH_GetReadOutProtectionStatus) for FLASH_GetReadOutProtectionStatus
    stm32f10x_flash.o(i.FLASH_EraseOptionBytes) refers to stm32f10x_flash.o(i.FLASH_WaitForLastOperation) for FLASH_WaitForLastOperation
    stm32f10x_flash.o(i.FLASH_ErasePage) refers to stm32f10x_flash.o(i.FLASH_WaitForLastOperation) for FLASH_WaitForLastOperation
    stm32f10x_flash.o(i.FLASH_ProgramHalfWord) refers to stm32f10x_flash.o(i.FLASH_WaitForLastOperation) for FLASH_WaitForLastOperation
    stm32f10x_flash.o(i.FLASH_ProgramOptionByteData) refers to stm32f10x_flash.o(i.FLASH_WaitForLastOperation) for FLASH_WaitForLastOperation
    stm32f10x_flash.o(i.FLASH_ProgramWord) refers to stm32f10x_flash.o(i.FLASH_WaitForLastOperation) for FLASH_WaitForLastOperation
    stm32f10x_flash.o(i.FLASH_ReadOutProtection) refers to stm32f10x_flash.o(i.FLASH_WaitForLastOperation) for FLASH_WaitForLastOperation
    stm32f10x_flash.o(i.FLASH_UserOptionByteConfig) refers to stm32f10x_flash.o(i.FLASH_WaitForLastOperation) for FLASH_WaitForLastOperation
    stm32f10x_flash.o(i.FLASH_WaitForLastBank1Operation) refers to stm32f10x_flash.o(i.FLASH_GetBank1Status) for FLASH_GetBank1Status
    stm32f10x_flash.o(i.FLASH_WaitForLastOperation) refers to stm32f10x_flash.o(i.FLASH_GetBank1Status) for FLASH_GetBank1Status
    stm32f10x_gpio.o(i.GPIO_AFIODeInit) refers to stm32f10x_rcc.o(i.RCC_APB2PeriphResetCmd) for RCC_APB2PeriphResetCmd
    stm32f10x_gpio.o(i.GPIO_DeInit) refers to stm32f10x_rcc.o(i.RCC_APB2PeriphResetCmd) for RCC_APB2PeriphResetCmd
    stm32f10x_i2c.o(i.I2C_DeInit) refers to stm32f10x_rcc.o(i.RCC_APB1PeriphResetCmd) for RCC_APB1PeriphResetCmd
    stm32f10x_i2c.o(i.I2C_Init) refers to stm32f10x_rcc.o(i.RCC_GetClocksFreq) for RCC_GetClocksFreq
    stm32f10x_pwr.o(i.PWR_DeInit) refers to stm32f10x_rcc.o(i.RCC_APB1PeriphResetCmd) for RCC_APB1PeriphResetCmd
    stm32f10x_rcc.o(i.RCC_GetClocksFreq) refers to stm32f10x_rcc.o(.data) for APBAHBPrescTable
    stm32f10x_rcc.o(i.RCC_WaitForHSEStartUp) refers to stm32f10x_rcc.o(i.RCC_GetFlagStatus) for RCC_GetFlagStatus
    stm32f10x_rtc.o(i.RTC_SetAlarm) refers to stm32f10x_rtc.o(i.RTC_EnterConfigMode) for RTC_EnterConfigMode
    stm32f10x_rtc.o(i.RTC_SetAlarm) refers to stm32f10x_rtc.o(i.RTC_ExitConfigMode) for RTC_ExitConfigMode
    stm32f10x_rtc.o(i.RTC_SetCounter) refers to stm32f10x_rtc.o(i.RTC_EnterConfigMode) for RTC_EnterConfigMode
    stm32f10x_rtc.o(i.RTC_SetCounter) refers to stm32f10x_rtc.o(i.RTC_ExitConfigMode) for RTC_ExitConfigMode
    stm32f10x_rtc.o(i.RTC_SetPrescaler) refers to stm32f10x_rtc.o(i.RTC_EnterConfigMode) for RTC_EnterConfigMode
    stm32f10x_rtc.o(i.RTC_SetPrescaler) refers to stm32f10x_rtc.o(i.RTC_ExitConfigMode) for RTC_ExitConfigMode
[...]
    Removing event_groups.o(i.xEventGroupSync), (168 bytes).
    Removing event_groups.o(i.xEventGroupWaitBits), (204 bytes).
    Removing heap_2.o(i.vPortInitialiseBlocks), (2 bytes).
    Removing heap_2.o(i.xPortGetFreeHeapSize), (12 bytes).
    Removing port.o(i.vPortEndScheduler), (2 bytes).
    Removing queue.o(i.prvCopyDataFromQueue), (42 bytes).
    Removing queue.o(i.prvCopyDataToQueue), (106 bytes).
    Removing queue.o(i.prvInitialiseNewQueue), (38 bytes).
    Removing queue.o(i.prvIsQueueEmpty), (26 bytes).
    Removing queue.o(i.prvIsQueueFull), (30 bytes).
    Removing queue.o(i.prvUnlockQueue), (126 bytes).
    Removing queue.o(i.uxQueueMessagesWaiting), (18 bytes).
    Removing queue.o(i.uxQueueMessagesWaitingFromISR), (8 bytes).
    Removing queue.o(i.uxQueueSpacesAvailable), (24 bytes).
    Removing queue.o(i.vQueueDelete), (14 bytes).
    Removing queue.o(i.xQueueGenericCreate), (58 bytes).
    Removing queue.o(i.xQueueGenericReset), (128 bytes).
    Removing queue.o(i.xQueueGenericSend), (280 bytes).
    Removing queue.o(i.xQueueGenericSendFromISR), (134 bytes).
    Removing queue.o(i.xQueueGiveFromISR), (120 bytes).
    Removing queue.o(i.xQueueIsQueueEmptyFromISR), (16 bytes).
    Removing queue.o(i.xQueueIsQueueFullFromISR), (22 bytes).
    Removing queue.o(i.xQueuePeek), (268 bytes).
    Removing queue.o(i.xQueuePeekFromISR), (74 bytes).
    Removing queue.o(i.xQueueReceive), (260 bytes).
    Removing queue.o(i.xQueueReceiveFromISR), (130 bytes).
    Removing queue.o(i.xQueueSemaphoreTake), (240 bytes).
    Removing stream_buffer.o(i.prvBytesInBuffer), (24 bytes).
    Removing stream_buffer.o(i.prvInitialiseNewStreamBuffer), (38 bytes).
    Removing stream_buffer.o(i.prvReadBytesFromBuffer), (94 bytes).
    Removing stream_buffer.o(i.prvReadMessageFromBuffer), (72 bytes).
    Removing stream_buffer.o(i.prvWriteBytesToBuffer), (78 bytes).
    Removing stream_buffer.o(i.prvWriteMessageToBuffer), (92 bytes).
    Removing stream_buffer.o(i.vStreamBufferDelete), (32 bytes).
    Removing stream_buffer.o(i.xStreamBufferBytesAvailable), (18 bytes).
    Removing stream_buffer.o(i.xStreamBufferGenericCreate), (62 bytes).
    Removing stream_buffer.o(i.xStreamBufferIsEmpty), (22 bytes).
    Removing stream_buffer.o(i.xStreamBufferIsFull), (40 bytes).
    Removing stream_buffer.o(i.xStreamBufferNextMessageLengthBytes), (64 bytes).
    Removing stream_buffer.o(i.xStreamBufferReceive), (168 bytes).
    Removing stream_buffer.o(i.xStreamBufferReceiveCompletedFromISR), (78 bytes).
    Removing stream_buffer.o(i.xStreamBufferReceiveFromISR), (132 bytes).
    Removing stream_buffer.o(i.xStreamBufferReset), (46 bytes).
    Removing stream_buffer.o(i.xStreamBufferSend), (190 bytes).
    Removing stream_buffer.o(i.xStreamBufferSendCompletedFromISR), (78 bytes).
    Removing stream_buffer.o(i.xStreamBufferSendFromISR), (132 bytes).
    Removing stream_buffer.o(i.xStreamBufferSetTriggerLevel), (26 bytes).
    Removing stream_buffer.o(i.xStreamBufferSpacesAvailable), (30 bytes).
    Removing tasks.o(i.pcTaskGetName), (24 bytes).
    Removing tasks.o(i.prvTaskIsTaskSuspended), (64 bytes).
    Removing tasks.o(i.ulTaskNotifyTake), (116 bytes).
    Removing tasks.o(i.uxTaskGetNumberOfTasks), (12 bytes).
    Removing tasks.o(i.uxTaskPriorityGet), (36 bytes).
    Removing tasks.o(i.uxTaskPriorityGetFromISR), (56 bytes).
    Removing tasks.o(i.uxTaskResetEventItemValue), (28 bytes).
    Removing tasks.o(i.vTaskDelayUntil), (116 bytes).
    Removing tasks.o(i.vTaskEndScheduler), (36 bytes).
    Removing tasks.o(i.vTaskInternalSetTimeOutState), (24 bytes).
    Removing tasks.o(i.vTaskMissedYield), (12 bytes).
    Removing tasks.o(i.vTaskNotifyGiveFromISR), (176 bytes).
    Removing tasks.o(i.vTaskPlaceOnEventList), (32 bytes).
    Removing tasks.o(i.vTaskPlaceOnUnorderedEventList), (44 bytes).
    Removing tasks.o(i.vTaskPrioritySet), (232 bytes).
    Removing tasks.o(i.vTaskRemoveFromUnorderedEventList), (100 bytes).
    Removing tasks.o(i.vTaskResume), (120 bytes).
    Removing tasks.o(i.vTaskSetTimeOutState), (36 bytes).
    Removing tasks.o(i.vTaskSuspend), (204 bytes).
    Removing tasks.o(i.xTaskCheckForTimeOut), (92 bytes).
    Removing tasks.o(i.xTaskGenericNotify), (196 bytes).
    Removing tasks.o(i.xTaskGenericNotifyFromISR), (252 bytes).
    Removing tasks.o(i.xTaskGetCurrentTaskHandle), (12 bytes).
    Removing tasks.o(i.xTaskGetTickCount), (12 bytes).
    Removing tasks.o(i.xTaskGetTickCountFromISR), (12 bytes).
    Removing tasks.o(i.xTaskNotifyStateClear), (52 bytes).
    Removing tasks.o(i.xTaskNotifyWait), (160 bytes).
    Removing tasks.o(i.xTaskRemoveFromEventList), (128 bytes).
    Removing tasks.o(i.xTaskResumeFromISR), (152 bytes).
    Removing user_usart.o(.bss), (2048 bytes).
    Removing user_usart.o(.data), (4 bytes).
    Removing socket.o(i.ctlsocket), (300 bytes).
    Removing socket.o(i.disconnect), (188 bytes).
    Removing socket.o(i.getsockopt), (408 bytes).
    Removing socket.o(i.listen), (158 bytes).
    Removing socket.o(i.setsockopt), (398 bytes).
    Removing dns.o(i.DNS_run), (472 bytes).
    Removing dns.o(i.DNS_time_handler), (16 bytes).
    Removing dns.o(i.check_DNS_timeout), (60 bytes).
    Removing wizchip_conf.o(i.ctlnetwork), (80 bytes).
    Removing wizchip_conf.o(i.ctlwizchip), (280 bytes).
    Removing wizchip_conf.o(i.reg_wizchip_bus_cbfunc), (52 bytes).
    Removing wizchip_conf.o(i.reg_wizchip_cris_cbfunc), (40 bytes).
    Removing wizchip_conf.o(i.reg_wizchip_cs_cbfunc), (40 bytes).
    Removing wizchip_conf.o(i.reg_wizchip_spi_cbfunc), (52 bytes).
    Removing wizchip_conf.o(i.reg_wizchip_spiburst_cbfunc), (52 bytes).
    Removing wizchip_conf.o(i.wizchip_bus_readdata), (6 bytes).
    Removing wizchip_conf.o(i.wizchip_bus_writedata), (4 bytes).
    Removing wizchip_conf.o(i.wizchip_clrinterrupt), (32 bytes).
    Removing wizchip_conf.o(i.wizchip_getinterrupt), (42 bytes).
    Removing wizchip_conf.o(i.wizchip_getinterruptmask), (40 bytes).
    Removing wizchip_conf.o(i.wizchip_getnetinfo), (92 bytes).
    Removing wizchip_conf.o(i.wizchip_getnetmode), (10 bytes).
    Removing wizchip_conf.o(i.wizchip_gettimeout), (40 bytes).
    Removing wizchip_conf.o(i.wizchip_setinterruptmask), (30 bytes).
    Removing wizchip_conf.o(i.wizchip_setnetinfo), (88 bytes).
    Removing wizchip_conf.o(i.wizchip_setnetmode), (38 bytes).
    Removing wizchip_conf.o(i.wizchip_settimeout), (38 bytes).
    Removing wizchip_conf.o(i.wizchip_spi_readburst), (2 bytes).
    Removing wizchip_conf.o(i.wizchip_spi_writeburst), (2 bytes).
    Removing wizchip_conf.o(i.wizphy_getphyconf), (120 bytes).
    Removing wizchip_conf.o(i.wizphy_getphylink), (24 bytes).
    Removing wizchip_conf.o(i.wizphy_getphypmode), (30 bytes).
    Removing wizchip_conf.o(i.wizphy_getphystat), (28 bytes).
    Removing wizchip_conf.o(i.wizphy_reset), (52 bytes).
    Removing wizchip_conf.o(i.wizphy_setphyconf), (88 bytes).
    Removing wizchip_conf.o(i.wizphy_setphypmode), (100 bytes).
    Removing dhcp.o(i.DHCP_init), (164 bytes).
    Removing dhcp.o(i.DHCP_run), (472 bytes).
    Removing dhcp.o(i.DHCP_stop), (28 bytes).
    Removing dhcp.o(i.DHCP_time_handler), (16 bytes).
    Removing dhcp.o(i.NibbleToHex), (26 bytes).
    Removing dhcp.o(i.check_DHCP_leasedIP), (120 bytes).
    Removing dhcp.o(i.check_DHCP_timeout), (172 bytes).
    Removing dhcp.o(i.default_ip_assign), (52 bytes).
    Removing dhcp.o(i.default_ip_conflict), (36 bytes).
    Removing dhcp.o(i.default_ip_update), (40 bytes).
    Removing dhcp.o(i.getDHCPLeasetime), (12 bytes).
    Removing dhcp.o(i.getDNSfromDHCP), (32 bytes).
    Removing dhcp.o(i.getGWfromDHCP), (32 bytes).
    Removing dhcp.o(i.getIPfromDHCP), (32 bytes).
    Removing dhcp.o(i.getSNfromDHCP), (32 bytes).
    Removing dhcp.o(i.makeDHCPMSG), (400 bytes).
    Removing dhcp.o(i.parseDHCPMSG), (488 bytes).
    Removing dhcp.o(i.reg_dhcp_cbfunc), (64 bytes).
    Removing dhcp.o(i.reset_DHCP_timeout), (32 bytes).
    Removing dhcp.o(i.send_DHCP_DECLINE), (512 bytes).
    Removing dhcp.o(i.send_DHCP_DISCOVER), (548 bytes).
    Removing dhcp.o(i.send_DHCP_REQUEST), (1000 bytes).
    Removing dhcp.o(.data), (76 bytes).
    Removing mqttconnectclient.o(i.MQTTSerialize_disconnect), (18 bytes).
    Removing mqttconnectserver.o(i.MQTTDeserialize_connect), (298 bytes).
    Removing mqttconnectserver.o(i.MQTTPacket_checkVersion), (92 bytes).
    Removing mqttconnectserver.o(i.MQTTSerialize_connack), (118 bytes).
    Removing mqttdeserializepublish.o(i.MQTTDeserialize_ack), (108 bytes).
    Removing mqttformat.o(i.MQTTPacket_getName), (16 bytes).
    Removing mqttformat.o(i.MQTTStringFormat_ack), (100 bytes).
    Removing mqttformat.o(i.MQTTStringFormat_connack), (72 bytes).
    Removing mqttformat.o(i.MQTTStringFormat_connect), (192 bytes).
    Removing mqttformat.o(i.MQTTStringFormat_publish), (84 bytes).
    Removing mqttformat.o(i.MQTTStringFormat_suback), (84 bytes).
    Removing mqttformat.o(i.MQTTStringFormat_subscribe), (120 bytes).
    Removing mqttformat.o(i.MQTTStringFormat_unsubscribe), (104 bytes).
    Removing mqttformat.o(.conststring), (383 bytes).
    Removing mqttformat.o(.data), (60 bytes).
    Removing mqttpacket.o(i.MQTTPacket_decodenb), (104 bytes).
    Removing mqttpacket.o(i.MQTTPacket_equals), (66 bytes).
    Removing mqttpacket.o(i.MQTTPacket_readnb), (204 bytes).
    Removing mqttpacket.o(i.getLenStringLen), (18 bytes).
    Removing mqttserializepublish.o(i.MQTTSerialize_ack), (114 bytes).
    Removing mqttserializepublish.o(i.MQTTSerialize_puback), (24 bytes).
    Removing mqttserializepublish.o(i.MQTTSerialize_pubcomp), (24 bytes).
    Removing mqttserializepublish.o(i.MQTTSerialize_publish), (176 bytes).
    Removing mqttserializepublish.o(i.MQTTSerialize_publishLength), (34 bytes).
    Removing mqttserializepublish.o(i.MQTTSerialize_pubrel), (26 bytes).
    Removing mqttsubscribeserver.o(i.MQTTDeserialize_subscribe), (166 bytes).
    Removing mqttsubscribeserver.o(i.MQTTSerialize_suback), (120 bytes).
    Removing mqttunsubscribeclient.o(i.MQTTDeserialize_unsuback), (46 bytes).
    Removing mqttunsubscribeclient.o(i.MQTTSerialize_unsubscribe), (166 bytes).
    Removing mqttunsubscribeclient.o(i.MQTTSerialize_unsubscribeLength), (46 bytes).
    Removing mqttunsubscribeserver.o(i.MQTTDeserialize_unsubscribe), (144 bytes).
    Removing mqttunsubscribeserver.o(i.MQTTSerialize_unsuback), (86 bytes).
    Removing dadd.o(.text), (334 bytes).
    Removing dmul.o(.text), (228 bytes).
    Removing ddiv.o(.text), (222 bytes).
    Removing dfixul.o(.text), (48 bytes).
    Removing cdrcmple.o(.text), (48 bytes).
    Removing depilogue.o(.text), (186 bytes).

648 unused section(s) (total 40721 bytes) removed from the image.

==============================================================================

Image Symbol Table

    Local Symbols

    Symbol Name                              Value     Ov Type        Size  Object(Section)

    ../clib/microlib/division.c              0x00000000   Number         0  uldiv.o ABSOLUTE
    ../clib/microlib/division.c              0x00000000   Number         0  uidiv.o ABSOLUTE
    ../clib/microlib/init/entry.s            0x00000000   Number         0  entry2.o ABSOLUTE
    ../clib/microlib/init/entry.s            0x00000000   Number         0  entry5.o ABSOLUTE
    ../clib/microlib/init/entry.s            0x00000000   Number         0  entry11a.o ABSOLUTE
    ../clib/microlib/init/entry.s            0x00000000   Number         0  entry11b.o ABSOLUTE
    ../clib/microlib/init/entry.s            0x00000000   Number         0  entry7a.o ABSOLUTE
    ../clib/microlib/init/entry.s            0x00000000   Number         0  entry10b.o ABSOLUTE
    ../clib/microlib/init/entry.s            0x00000000   Number         0  entry9a.o ABSOLUTE
    ../clib/microlib/init/entry.s            0x00000000   Number         0  entry8b.o ABSOLUTE
    ../clib/microlib/init/entry.s            0x00000000   Number         0  entry8a.o ABSOLUTE
    ../clib/microlib/init/entry.s            0x00000000   Number         0  entry7b.o ABSOLUTE
    ../clib/microlib/init/entry.s            0x00000000   Number         0  entry10a.o ABSOLUTE
    ../clib/microlib/init/entry.s            0x00000000   Number         0  entry.o ABSOLUTE
    ../clib/microlib/init/entry.s            0x00000000   Number         0  entry9b.o ABSOLUTE
    ../clib/microlib/longlong.c              0x00000000   Number         0  llushr.o ABSOLUTE
    ../clib/microlib/longlong.c              0x00000000   Number         0  llsshr.o ABSOLUTE
    ../clib/microlib/longlong.c              0x00000000   Number         0  llshl.o ABSOLUTE
    ../clib/microlib/printf/printf.c         0x00000000   Number         0  printf3.o ABSOLUTE
    ../clib/microlib/printf/printf.c         0x00000000   Number         0  printfa.o ABSOLUTE
    ../clib/microlib/printf/printf.c         0x00000000   Number         0  printf8.o ABSOLUTE
    ../clib/microlib/printf/printf.c         0x00000000   Number         0  printf7.o ABSOLUTE
    ../clib/microlib/printf/printf.c         0x00000000   Number         0  printf6.o ABSOLUTE
    ../clib/microlib/printf/printf.c         0x00000000   Number         0  printf5.o ABSOLUTE
    ../clib/microlib/printf/printf.c         0x00000000   Number         0  printf1.o ABSOLUTE
    ../clib/microlib/printf/printf.c         0x00000000   Number         0  printf2.o ABSOLUTE
    ../clib/microlib/printf/printf.c         0x00000000   Number         0  printf4.o ABSOLUTE
    ../clib/microlib/printf/printf.c         0x00000000   Number         0  printfb.o ABSOLUTE
    ../clib/microlib/printf/printf.c         0x00000000   Number         0  printf0.o ABSOLUTE
    ../clib/microlib/printf/stubs.s          0x00000000   Number         0  stubs.o ABSOLUTE
    ../clib/microlib/stdio/streams.c         0x00000000   Number         0  stdout.o ABSOLUTE
    ../clib/microlib/string/memcmp.c         0x00000000   Number         0  memcmp.o ABSOLUTE
    ../clib/microlib/string/memcpy.c         0x00000000   Number         0  memcpya.o ABSOLUTE
    ../clib/microlib/string/memcpy.c         0x00000000   Number         0  memcpyb.o ABSOLUTE
    ../clib/microlib/string/memset.c         0x00000000   Number         0  memseta.o ABSOLUTE
    ../clib/microlib/string/strchr.c         0x00000000   Number         0  strchr.o ABSOLUTE
    ../clib/microlib/string/strcpy.c         0x00000000   Number         0  strcpy.o ABSOLUTE
    ../clib/microlib/string/strlen.c         0x00000000   Number         0  strlen.o ABSOLUTE
    ../clib/microlib/string/strncmp.c        0x00000000   Number         0  strncmp.o ABSOLUTE
    ../clib/microlib/string/strncpy.c        0x00000000   Number         0  strncpy.o ABSOLUTE
    ../clib/microlib/stubs.s                 0x00000000   Number         0  iusefp.o ABSOLUTE
    ../fplib/microlib/fpadd.c                0x00000000   Number         0  dadd.o ABSOLUTE
    ../fplib/microlib/fpdiv.c                0x00000000   Number         0  ddiv.o ABSOLUTE
    ../fplib/microlib/fpepilogue.c           0x00000000   Number         0  depilogue.o ABSOLUTE
    ../fplib/microlib/fpfix.c                0x00000000   Number         0  dfixul.o ABSOLUTE
    ../fplib/microlib/fpmul.c                0x00000000   Number         0  dmul.o ABSOLUTE
    ..\Ethernet\DHCP\dhcp.c                  0x00000000   Number         0  dhcp.o ABSOLUTE
    ..\Ethernet\dns\dns.c                    0x00000000   Number         0  dns.o ABSOLUTE
    ..\Ethernet\socket\socket.c              0x00000000   Number         0  socket.o ABSOLUTE
    ..\Ethernet\spi\spi2.c                   0x00000000   Number         0  spi2.o ABSOLUTE
    ..\Ethernet\w5500\w5500.c                0x00000000   Number         0  w5500.o ABSOLUTE
    ..\Ethernet\wizchip_conf.c               0x00000000   Number         0  wizchip_conf.o ABSOLUTE
    ..\FreeRTOS\croutine.c                   0x00000000   Number         0  croutine.o ABSOLUTE
    ..\FreeRTOS\event_groups.c               0x00000000   Number         0  event_groups.o ABSOLUTE
    ..\FreeRTOS\heap_2.c                     0x00000000   Number         0  heap_2.o ABSOLUTE
    ..\FreeRTOS\list.c                       0x00000000   Number         0  list.o ABSOLUTE
    ..\FreeRTOS\port.c                       0x00000000   Number         0  port.o ABSOLUTE
    ..\FreeRTOS\queue.c                      0x00000000   Number         0  queue.o ABSOLUTE
    ..\FreeRTOS\stream_buffer.c              0x00000000   Number         0  stream_buffer.o ABSOLUTE
    ..\FreeRTOS\tasks.c                      0x00000000   Number         0  tasks.o ABSOLUTE
    ..\FreeRTOS\timers.c                     0x00000000   Number         0  timers.o ABSOLUTE
    ..\Libraries\CMSIS\Startup\startup_stm32f10x_hd.s 0x00000000   Number         0  startup_stm32f10x_hd.o ABSOLUTE
    ..\Libraries\CMSIS\core_cm3.c            0x00000000   Number         0  core_cm3.o ABSOLUTE
    ..\Libraries\CMSIS\system_stm32f10x.c    0x00000000   Number         0  system_stm32f10x.o ABSOLUTE
    ..\Libraries\Periph_Driver\src\misc.c    0x00000000   Number         0  misc.o ABSOLUTE
    ..\Libraries\Periph_Driver\src\stm32f10x_adc.c 0x00000000   Number         0  stm32f10x_adc.o ABSOLUTE
    ..\Libraries\Periph_Driver\src\stm32f10x_bkp.c 0x00000000   Number         0  stm32f10x_bkp.o ABSOLUTE
    ..\Libraries\Periph_Driver\src\stm32f10x_can.c 0x00000000   Number         0  stm32f10x_can.o ABSOLUTE
    ..\Libraries\Periph_Driver\src\stm32f10x_cec.c 0x00000000   Number         0  stm32f10x_cec.o ABSOLUTE
    ..\Libraries\Periph_Driver\src\stm32f10x_crc.c 0x00000000   Number         0  stm32f10x_crc.o ABSOLUTE
    ..\Libraries\Periph_Driver\src\stm32f10x_dac.c 0x00000000   Number         0  stm32f10x_dac.o ABSOLUTE
    ..\Libraries\Periph_Driver\src\stm32f10x_dbgmcu.c 0x00000000   Number         0  stm32f10x_dbgmcu.o ABSOLUTE
    ..\Libraries\Periph_Driver\src\stm32f10x_dma.c 0x00000000   Number         0  stm32f10x_dma.o ABSOLUTE
    ..\Libraries\Periph_Driver\src\stm32f10x_exti.c 0x00000000   Number         0  stm32f10x_exti.o ABSOLUTE
    ..\Libraries\Periph_Driver\src\stm32f10x_flash.c 0x00000000   Number         0  stm32f10x_flash.o ABSOLUTE
    ..\Libraries\Periph_Driver\src\stm32f10x_fsmc.c 0x00000000   Number         0  stm32f10x_fsmc.o ABSOLUTE
    ..\Libraries\Periph_Driver\src\stm32f10x_gpio.c 0x00000000   Number         0  stm32f10x_gpio.o ABSOLUTE
    ..\Libraries\Periph_Driver\src\stm32f10x_i2c.c 0x00000000   Number         0  stm32f10x_i2c.o ABSOLUTE
    ..\Libraries\Periph_Driver\src\stm32f10x_iwdg.c 0x00000000   Number         0  stm32f10x_iwdg.o ABSOLUTE
    ..\Libraries\Periph_Driver\src\stm32f10x_pwr.c 0x00000000   Number         0  stm32f10x_pwr.o ABSOLUTE
    ..\Libraries\Periph_Driver\src\stm32f10x_rcc.c 0x00000000   Number         0  stm32f10x_rcc.o ABSOLUTE
    ..\Libraries\Periph_Driver\src\stm32f10x_rtc.c 0x00000000   Number         0  stm32f10x_rtc.o ABSOLUTE
    ..\Libraries\Periph_Driver\src\stm32f10x_sdio.c 0x00000000   Number         0  stm32f10x_sdio.o ABSOLUTE
    ..\Libraries\Periph_Driver\src\stm32f10x_spi.c 0x00000000   Number         0  stm32f10x_spi.o ABSOLUTE
    ..\Libraries\Periph_Driver\src\stm32f10x_tim.c 0x00000000   Number         0  stm32f10x_tim.o ABSOLUTE
    ..\Libraries\Periph_Driver\src\stm32f10x_usart.c 0x00000000   Number         0  stm32f10x_usart.o ABSOLUTE
    ..\Libraries\Periph_Driver\src\stm32f10x_wwdg.c 0x00000000   Number         0  stm32f10x_wwdg.o ABSOLUTE
    ..\User\main.c                           0x00000000   Number         0  main.o ABSOLUTE
    ..\\FreeRTOS\\port.c                     0x00000000   Number         0  port.o ABSOLUTE
    ..\\Libraries\\CMSIS\\core_cm3.c         0x00000000   Number         0  core_cm3.o ABSOLUTE
    ..\mqtt\MQTTConnectClient.c              0x00000000   Number         0  mqttconnectclient.o ABSOLUTE
    ..\mqtt\MQTTConnectServer.c              0x00000000   Number         0  mqttconnectserver.o ABSOLUTE
    ..\mqtt\MQTTDeserializePublish.c         0x00000000   Number         0  mqttdeserializepublish.o ABSOLUTE
    ..\mqtt\MQTTFormat.c                     0x00000000   Number         0  mqttformat.o ABSOLUTE
    ..\mqtt\MQTTPacket.c                     0x00000000   Number         0  mqttpacket.o ABSOLUTE
    ..\mqtt\MQTTSerializePublish.c           0x00000000   Number         0  mqttserializepublish.o ABSOLUTE
    ..\mqtt\MQTTSubscribeClient.c            0x00000000   Number         0  mqttsubscribeclient.o ABSOLUTE
    ..\mqtt\MQTTSubscribeServer.c            0x00000000   Number         0  mqttsubscribeserver.o ABSOLUTE
    ..\mqtt\MQTTUnsubscribeClient.c          0x00000000   Number         0  mqttunsubscribeclient.o ABSOLUTE
    ..\mqtt\MQTTUnsubscribeServer.c          0x00000000   Number         0  mqttunsubscribeserver.o ABSOLUTE
    ..\word\usart\user_usart.c               0x00000000   Number         0  user_usart.o ABSOLUTE
    ..\word\user_mqtt\user_mqtt.c            0x00000000   Number         0  user_mqtt.o ABSOLUTE
    cdrcmple.s                               0x00000000   Number         0  cdrcmple.o ABSOLUTE
    dc.s                                     0x00000000   Number         0  dc.o ABSOLUTE
    handlers.s                               0x00000000   Number         0  handlers.o ABSOLUTE
    init.s                                   0x00000000   Number         0  init.o ABSOLUTE
    RESET                                    0x08000000   Section      304  startup_stm32f10x_hd.o(RESET)
    .ARM.Collect$$$$00000000                 0x08000130   Section        0  entry.o(.ARM.Collect$$$$00000000)
    .ARM.Collect$$$$00000001                 0x08000130   Section        4  entry2.o(.ARM.Collect$$$$00000001)
    .ARM.Collect$$$$00000004                 0x08000134   Section        4  entry5.o(.ARM.Collect$$$$00000004)
    .ARM.Collect$$$$00000008                 0x08000138   Section        0  entry7b.o(.ARM.Collect$$$$00000008)
    .ARM.Collect$$$$0000000A                 0x08000138   Section        0  entry8b.o(.ARM.Collect$$$$0000000A)
    .ARM.Collect$$$$0000000B                 0x08000138   Section        8  entry9a.o(.ARM.Collect$$$$0000000B)
    .ARM.Collect$$$$0000000D                 0x08000140   Section        0  entry10a.o(.ARM.Collect$$$$0000000D)
    .ARM.Collect$$$$0000000F                 0x08000140   Section        0  entry11a.o(.ARM.Collect$$$$0000000F)
    .ARM.Collect$$$$00002712                 0x08000140   Section        4  entry2.o(.ARM.Collect$$$$00002712)
    __lit__00000000                          0x08000140   Data           4  entry2.o(.ARM.Collect$$$$00002712)
    .emb_text                                0x08000144   Section      150  port.o(.emb_text)
    .text                                    0x080001dc   Section       36  startup_stm32f10x_hd.o(.text)
    .text                                    0x08000200   Section        0  memcpya.o(.text)
    .text                                    0x08000224   Section        0  strncpy.o(.text)
    .text                                    0x0800023c   Section        0  strchr.o(.text)
    .text                                    0x08000250   Section        0  strlen.o(.text)
    .text                                    0x0800025e   Section        0  strcpy.o(.text)
    .text                                    0x08000270   Section        0  uldiv.o(.text)
    .text                                    0x080002d4   Section       36  init.o(.text)
    .text                                    0x080002f8   Section        0  llshl.o(.text)
    .text                                    0x08000316   Section        0  llushr.o(.text)
    i.DNS_init                               0x08000338   Section        0  dns.o(i.DNS_init)
    i.GPIO_Init                              0x08000358   Section        0  stm32f10x_gpio.o(i.GPIO_Init)
    i.GPIO_ResetBits                         0x0800046e   Section        0  stm32f10x_gpio.o(i.GPIO_ResetBits)
    i.GPIO_SetBits                           0x08000472   Section        0  stm32f10x_gpio.o(i.GPIO_SetBits)
    i.LogUsartInit                           0x08000478   Section        0  user_usart.o(i.LogUsartInit)
    i.MQTTDeserialize_connack                0x08000500   Section        0  mqttconnectclient.o(i.MQTTDeserialize_connack)
    i.MQTTDeserialize_publish                0x08000576   Section        0  mqttdeserializepublish.o(i.MQTTDeserialize_publish)
    i.MQTTDeserialize_suback                 0x0800061e   Section        0  mqttsubscribeclient.o(i.MQTTDeserialize_suback)
    i.MQTTPacket_decode                      0x080006b0   Section        0  mqttpacket.o(i.MQTTPacket_decode)
    i.MQTTPacket_decodeBuf                   0x08000708   Section        0  mqttpacket.o(i.MQTTPacket_decodeBuf)
    i.MQTTPacket_encode                      0x08000724   Section        0  mqttpacket.o(i.MQTTPacket_encode)
    i.MQTTPacket_len                         0x0800075c   Section        0  mqttpacket.o(i.MQTTPacket_len)
    i.MQTTPacket_read                        0x08000784   Section        0  mqttpacket.o(i.MQTTPacket_read)
    i.MQTTSerialize_connect                  0x080007ec   Section        0  mqttconnectclient.o(i.MQTTSerialize_connect)
    i.MQTTSerialize_connectLength            0x08000954   Section        0  mqttconnectclient.o(i.MQTTSerialize_connectLength)
    i.MQTTSerialize_pingreq                  0x080009ca   Section        0  mqttconnectclient.o(i.MQTTSerialize_pingreq)
    i.MQTTSerialize_subscribe                0x080009dc   Section        0  mqttsubscribeclient.o(i.MQTTSerialize_subscribe)
    i.MQTTSerialize_subscribeLength          0x08000a8c   Section        0  mqttsubscribeclient.o(i.MQTTSerialize_subscribeLength)
    i.MQTTSerialize_zero                     0x08000aba   Section        0  mqttconnectclient.o(i.MQTTSerialize_zero)
    i.MQTTstrlen                             0x08000b06   Section        0  mqttpacket.o(i.MQTTstrlen)
    i.RCC_APB1PeriphClockCmd                 0x08000b20   Section        0  stm32f10x_rcc.o(i.RCC_APB1PeriphClockCmd)
    i.RCC_APB2PeriphClockCmd                 0x08000b40   Section        0  stm32f10x_rcc.o(i.RCC_APB2PeriphClockCmd)
    i.RCC_GetClocksFreq                      0x08000b60   Section        0  stm32f10x_rcc.o(i.RCC_GetClocksFreq)
    i.SPI2_SendByte                          0x08000c34   Section        0  spi2.o(i.SPI2_SendByte)
    i.SPI_Cmd                                0x08000cf4   Section        0  stm32f10x_spi.o(i.SPI_Cmd)
    i.SPI_I2S_GetFlagStatus                  0x08000d0c   Section        0  stm32f10x_spi.o(i.SPI_I2S_GetFlagStatus)
    i.SPI_I2S_ReceiveData                    0x08000d1e   Section        0  stm32f10x_spi.o(i.SPI_I2S_ReceiveData)
    i.SPI_I2S_SendData                       0x08000d24   Section        0  stm32f10x_spi.o(i.SPI_I2S_SendData)
    i.SPI_Init                               0x08000d28   Section        0  stm32f10x_spi.o(i.SPI_Init)
    i.SetSysClock                            0x08000d64   Section        0  system_stm32f10x.o(i.SetSysClock)
    SetSysClock                              0x08000d65   Thumb Code     8  system_stm32f10x.o(i.SetSysClock)
    i.SetSysClockTo72                        0x08000d6c   Section        0  system_stm32f10x.o(i.SetSysClockTo72)
    SetSysClockTo72                          0x08000d6d   Thumb Code   214  system_stm32f10x.o(i.SetSysClockTo72)
    i.SystemInit                             0x08000e4c   Section        0  system_stm32f10x.o(i.SystemInit)
    i.USART_Cmd                              0x08000eac   Section        0  stm32f10x_usart.o(i.USART_Cmd)
    i.USART_GetFlagStatus                    0x08000ec4   Section        0  stm32f10x_usart.o(i.USART_GetFlagStatus)
    i.USART_Init                             0x08000ee0   Section        0  stm32f10x_usart.o(i.USART_Init)
    i.USART_SendData                         0x08000fb8   Section        0  stm32f10x_usart.o(i.USART_SendData)
    i.WIZCHIP_READ                           0x08000fc0   Section        0  w5500.o(i.WIZCHIP_READ)
    i.WIZCHIP_READ_BUF                       0x08001034   Section        0  w5500.o(i.WIZCHIP_READ_BUF)
    i.WIZCHIP_WRITE                          0x080010c0   Section        0  w5500.o(i.WIZCHIP_WRITE)
    i.WIZCHIP_WRITE_BUF                      0x08001134   Section        0  w5500.o(i.WIZCHIP_WRITE_BUF)
    i.WIZ_CS                                 0x080011bc   Section        0  spi2.o(i.WIZ_CS)
    i.WIZ_SPI_Init                           0x080011e0   Section        0  spi2.o(i.WIZ_SPI_Init)
    i.__0printf$8                            0x08001288   Section        0  printf8.o(i.__0printf$8)
    i.__scatterload_copy                     0x080012a8   Section       14  handlers.o(i.__scatterload_copy)
    i.__scatterload_null                     0x080012b6   Section        2  handlers.o(i.__scatterload_null)
    i.__scatterload_zeroinit                 0x080012b8   Section       14  handlers.o(i.__scatterload_zeroinit)
    i._printf_core                           0x080012c8   Section        0  printf8.o(i._printf_core)
    _printf_core                             0x080012c9   Thumb Code   996  printf8.o(i._printf_core)
    i._printf_post_padding                   0x080016d8   Section        0  printf8.o(i._printf_post_padding)
    _printf_post_padding                     0x080016d9   Thumb Code    36  printf8.o(i._printf_post_padding)
    i._printf_pre_padding                    0x080016fc   Section        0  printf8.o(i._printf_pre_padding)
    _printf_pre_padding                      0x080016fd   Thumb Code    46  printf8.o(i._printf_pre_padding)
    i.bufchar                                0x0800172c   Section        0  mqttpacket.o(i.bufchar)
    i.close                                  0x08001754   Section        0  socket.o(i.close)
    i.connect                                0x080017f4   Section        0  socket.o(i.connect)
    i.dns_answer                             0x08001950   Section        0  dns.o(i.dns_answer)
    i.dns_makequery                          0x08001a50   Section        0  dns.o(i.dns_makequery)
    i.dns_question                           0x08001b30   Section        0  dns.o(i.dns_question)
    i.fputc                                  0x08001b5c   Section        0  user_usart.o(i.fputc)
    i.get16                                  0x08001b80   Section        0  dns.o(i.get16)
    i.getSn_RX_RSR                           0x08001b90   Section        0  w5500.o(i.getSn_RX_RSR)
    i.getSn_TX_FSR                           0x08001bfc   Section        0  w5500.o(i.getSn_TX_FSR)
    i.init                                   0x08001c68   Section        0  main.o(i.init)
    i.main                                   0x08001d6c   Section        0  main.o(i.main)
    i.mqtt                                   0x08001dc4   Section        0  user_mqtt.o(i.mqtt)
    mqtt                                     0x08001dc5   Thumb Code   190  user_mqtt.o(i.mqtt)
    i.mqtt_connect                           0x08001f58   Section        0  user_mqtt.o(i.mqtt_connect)
    mqtt_connect                             0x08001f59   Thumb Code   172  user_mqtt.o(i.mqtt_connect)
    i.mqtt_ping                              0x080020a4   Section        0  user_mqtt.o(i.mqtt_ping)
    mqtt_ping                                0x080020a5   Thumb Code    54  user_mqtt.o(i.mqtt_ping)
    i.mqtt_subscribe                         0x080020fc   Section        0  user_mqtt.o(i.mqtt_subscribe)
    mqtt_subscribe                           0x080020fd   Thumb Code   204  user_mqtt.o(i.mqtt_subscribe)
    i.parseDNSMSG                            0x08002274   Section        0  dns.o(i.parseDNSMSG)
    i.parse_name                             0x0800236e   Section        0  dns.o(i.parse_name)
    i.prvAddCurrentTaskToDelayedList         0x08002404   Section        0  tasks.o(i.prvAddCurrentTaskToDelayedList)
    prvAddCurrentTaskToDelayedList           0x08002405   Thumb Code   124  tasks.o(i.prvAddCurrentTaskToDelayedList)
    i.prvAddNewTaskToReadyList               0x0800249c   Section        0  tasks.o(i.prvAddNewTaskToReadyList)
    prvAddNewTaskToReadyList                 0x0800249d   Thumb Code   150  tasks.o(i.prvAddNewTaskToReadyList)
    i.prvCheckTasksWaitingTermination        0x08002550   Section        0  tasks.o(i.prvCheckTasksWaitingTermination)
    prvCheckTasksWaitingTermination          0x08002551   Thumb Code    60  tasks.o(i.prvCheckTasksWaitingTermination)
    i.prvDeleteTCB                           0x08002598   Section        0  tasks.o(i.prvDeleteTCB)
    prvDeleteTCB                             0x08002599   Thumb Code    18  tasks.o(i.prvDeleteTCB)
    i.prvHeapInit                            0x080025ac   Section        0  heap_2.o(i.prvHeapInit)
    prvHeapInit                              0x080025ad   Thumb Code    42  heap_2.o(i.prvHeapInit)
    i.prvIdleTask                            0x080025e4   Section        0  tasks.o(i.prvIdleTask)
    prvIdleTask                              0x080025e5   Thumb Code    32  tasks.o(i.prvIdleTask)
    i.prvInitialiseNewTask                   0x0800260c   Section        0  tasks.o(i.prvInitialiseNewTask)
    prvInitialiseNewTask                     0x0800260d   Thumb Code   128  tasks.o(i.prvInitialiseNewTask)
    i.prvInitialiseTaskLists                 0x0800268c   Section        0  tasks.o(i.prvInitialiseTaskLists)
    prvInitialiseTaskLists                   0x0800268d   Thumb Code    70  tasks.o(i.prvInitialiseTaskLists)
    i.prvResetNextTaskUnblockTime            0x080026f4   Section        0  tasks.o(i.prvResetNextTaskUnblockTime)
    prvResetNextTaskUnblockTime              0x080026f5   Thumb Code    42  tasks.o(i.prvResetNextTaskUnblockTime)
    i.prvTaskExitError                       0x08002728   Section        0  port.o(i.prvTaskExitError)
    prvTaskExitError                         0x08002729   Thumb Code    22  port.o(i.prvTaskExitError)
    i.put16                                  0x0800273e   Section        0  dns.o(i.put16)
    i.pvPortMalloc                           0x0800274c   Section        0  heap_2.o(i.pvPortMalloc)
    i.pxPortInitialiseStack                  0x08002804   Section        0  port.o(i.pxPortInitialiseStack)
    i.readChar                               0x08002828   Section        0  mqttpacket.o(i.readChar)
    i.readInt                                0x08002836   Section        0  mqttpacket.o(i.readInt)
    i.readMQTTLenString                      0x08002850   Section        0  mqttpacket.o(i.readMQTTLenString)
    i.recv                                   0x0800288c   Section        0  socket.o(i.recv)
    i.recvfrom                               0x080029ac   Section        0  socket.o(i.recvfrom)
    i.send                                   0x08002cb8   Section        0  socket.o(i.send)
    i.sendto                                 0x08002e38   Section        0  socket.o(i.sendto)
    i.socket                                 0x0800303c   Section        0  socket.o(i.socket)
    i.transport_getdata                      0x080031d0   Section        0  user_mqtt.o(i.transport_getdata)
    transport_getdata                        0x080031d1   Thumb Code    18  user_mqtt.o(i.transport_getdata)
    i.user_dns                               0x080031e4   Section        0  dns.o(i.user_dns)
    i.user_mqtt_init                         0x08003470   Section        0  user_mqtt.o(i.user_mqtt_init)
    i.user_mqtt_task                         0x080034b0   Section        0  user_mqtt.o(i.user_mqtt_task)
    i.uxListRemove                           0x08003758   Section        0  list.o(i.uxListRemove)
    i.vListInitialise                        0x08003780   Section        0  list.o(i.vListInitialise)
    i.vListInitialiseItem                    0x0800379a   Section        0  list.o(i.vListInitialiseItem)
    i.vListInsert                            0x080037a0   Section        0  list.o(i.vListInsert)
    i.vListInsertEnd                         0x080037d4   Section        0  list.o(i.vListInsertEnd)
    i.vPortEnterCritical                     0x080037ec   Section        0  port.o(i.vPortEnterCritical)
    i.vPortExitCritical                      0x08003810   Section        0  port.o(i.vPortExitCritical)
    i.vPortFree                              0x08003830   Section        0  heap_2.o(i.vPortFree)
    i.vPortSetupTimerInterrupt               0x08003870   Section        0  port.o(i.vPortSetupTimerInterrupt)
    i.vTaskDelay                             0x08003888   Section        0  tasks.o(i.vTaskDelay)
    i.vTaskDelete                            0x080038bc   Section        0  tasks.o(i.vTaskDelete)
    i.vTaskStartScheduler                    0x08003988   Section        0  tasks.o(i.vTaskStartScheduler)
    i.vTaskSuspendAll                        0x080039ec   Section        0  tasks.o(i.vTaskSuspendAll)
    i.vTaskSwitchContext                     0x080039fc   Section        0  tasks.o(i.vTaskSwitchContext)
    i.w5500_gpio_init                        0x08003a5c   Section        0  main.o(i.w5500_gpio_init)
    i.wiz_recv_data                          0x08003a88   Section        0  w5500.o(i.wiz_recv_data)
    i.wiz_recv_ignore                        0x08003b0c   Section        0  w5500.o(i.wiz_recv_ignore)
    i.wiz_send_data                          0x08003b72   Section        0  w5500.o(i.wiz_send_data)
    i.wizchip_cris_enter                     0x08003bf6   Section        0  wizchip_conf.o(i.wizchip_cris_enter)
    i.wizchip_cris_exit                      0x08003bf8   Section        0  wizchip_conf.o(i.wizchip_cris_exit)
    i.wizchip_cs_deselect                    0x08003bfa   Section        0  wizchip_conf.o(i.wizchip_cs_deselect)
    i.wizchip_cs_select                      0x08003c04   Section        0  wizchip_conf.o(i.wizchip_cs_select)
    i.wizchip_init                           0x08003c0e   Section        0  wizchip_conf.o(i.wizchip_init)
    i.wizchip_spi_readbyte                   0x08003c9e   Section        0  wizchip_conf.o(i.wizchip_spi_readbyte)
    i.wizchip_spi_writebyte                  0x08003ca8   Section        0  wizchip_conf.o(i.wizchip_spi_writebyte)
    i.wizchip_sw_reset                       0x08003cb4   Section        0  wizchip_conf.o(i.wizchip_sw_reset)
    i.writeCString                           0x08003e4c   Section        0  mqttpacket.o(i.writeCString)
    i.writeChar                              0x08003e74   Section        0  mqttpacket.o(i.writeChar)
    i.writeInt                               0x08003e80   Section        0  mqttpacket.o(i.writeInt)
    i.writeMQTTString                        0x08003eb0   Section        0  mqttpacket.o(i.writeMQTTString)
    i.xPortStartScheduler                    0x08003ef0   Section        0  port.o(i.xPortStartScheduler)
    i.xPortSysTickHandler                    0x08003f24   Section        0  port.o(i.xPortSysTickHandler)
    i.xTaskCreate                            0x08003f58   Section        0  tasks.o(i.xTaskCreate)
    i.xTaskIncrementTick                     0x08003fb8   Section        0  tasks.o(i.xTaskIncrementTick)
    i.xTaskResumeAll                         0x080040d4   Section        0  tasks.o(i.xTaskResumeAll)
    .data                                    0x20000000   Section       20  stm32f10x_rcc.o(.data)
    APBAHBPrescTable                         0x20000000   Data          16  stm32f10x_rcc.o(.data)
    ADCPrescTable                            0x20000010   Data           4  stm32f10x_rcc.o(.data)
    .data                                    0x20000014   Section       24  heap_2.o(.data)
    xStart                                   0x20000014   Data           8  heap_2.o(.data)
    xEnd                                     0x2000001c   Data           8  heap_2.o(.data)
    xFreeBytesRemaining                      0x20000024   Data           4  heap_2.o(.data)
    xHeapHasBeenInitialised                  0x20000028   Data           4  heap_2.o(.data)
    .data                                    0x2000002c   Section        4  port.o(.data)
    uxCriticalNesting                        0x2000002c   Data           4  port.o(.data)
    .data                                    0x20000030   Section       60  tasks.o(.data)
    pxDelayedTaskList                        0x20000034   Data           4  tasks.o(.data)
    pxOverflowDelayedTaskList                0x20000038   Data           4  tasks.o(.data)
    uxDeletedTasksWaitingCleanUp             0x2000003c   Data           4  tasks.o(.data)
    uxCurrentNumberOfTasks                   0x20000040   Data           4  tasks.o(.data)
    xTickCount                               0x20000044   Data           4  tasks.o(.data)
    uxTopReadyPriority                       0x20000048   Data           4  tasks.o(.data)
    xSchedulerRunning                        0x2000004c   Data           4  tasks.o(.data)
    uxPendedTicks                            0x20000050   Data           4  tasks.o(.data)
    xYieldPending                            0x20000054   Data           4  tasks.o(.data)
    xNumOfOverflows                          0x20000058   Data           4  tasks.o(.data)
    uxTaskNumber                             0x2000005c   Data           4  tasks.o(.data)
    xNextTaskUnblockTime                     0x20000060   Data           4  tasks.o(.data)
    xIdleTaskHandle                          0x20000064   Data           4  tasks.o(.data)
    uxSchedulerSuspended                     0x20000068   Data           4  tasks.o(.data)
    .data                                    0x2000006c   Section        4  user_mqtt.o(.data)
    .data                                    0x20000070   Section       14  socket.o(.data)
    sock_any_port                            0x20000070   Data           2  socket.o(.data)
    sock_io_mode                             0x20000072   Data           2  socket.o(.data)
    sock_is_sending                          0x20000074   Data           2  socket.o(.data)
    .data                                    0x20000080   Section       14  dns.o(.data)
    retry_count                              0x2000008c   Data           1  dns.o(.data)
    .data                                    0x20000090   Section       45  wizchip_conf.o(.data)
    _DNS_                                    0x200000b8   Data           4  wizchip_conf.o(.data)
    _DHCP_                                   0x200000bc   Data           1  wizchip_conf.o(.data)
    .data                                    0x200000c0   Section        4  mqttpacket.o(.data)
    bufptr                                   0x200000c0   Data           4  mqttpacket.o(.data)
    .data                                    0x200000c4   Section        4  stdout.o(.data)
    .bss                                     0x200000c8   Section      512  main.o(.bss)
    .bss                                     0x200002c8   Section    17408  heap_2.o(.bss)
    ucHeap                                   0x200002c8   Data       17408  heap_2.o(.bss)
    .bss                                     0x200046c8   Section      200  tasks.o(.bss)
    pxReadyTasksLists                        0x200046c8   Data         100  tasks.o(.bss)
    xPendingReadyList                        0x2000472c   Data          20  tasks.o(.bss)
    xTasksWaitingTermination                 0x20004740   Data          20  tasks.o(.bss)
    xSuspendedTaskList                       0x20004754   Data          20  tasks.o(.bss)
    xDelayedTaskList1                        0x20004768   Data          20  tasks.o(.bss)
    xDelayedTaskList2                        0x2000477c   Data          20  tasks.o(.bss)
    .bss                                     0x20004790   Section      288  user_mqtt.o(.bss)
    .bss                                     0x200048b0   Section       16  socket.o(.bss)
    sock_remained_size                       0x200048b0   Data          16  socket.o(.bss)
    STACK                                    0x200048c0   Section     1024  startup_stm32f10x_hd.o(STACK)

    Global Symbols

    Symbol Name                              Value     Ov Type        Size  Object(Section)

    BuildAttributes$$THM_ISAv4$P$D$K$B$S$PE$A:L22UL41UL21$X:L11$S22US41US21$IEEE1$IW$USESV6$~STKCKD$USESV7$~SHL$OSPACE$ROPI$EBA8$MICROLIB$REQ8$PRES8$EABIv2 0x00000000   Number         0  anon$$obj.o ABSOLUTE
    __ARM_use_no_argv                        0x00000000   Number         0  main.o ABSOLUTE
    _printf_a                                0x00000000   Number         0  stubs.o ABSOLUTE
    _printf_c                                0x00000000   Number         0  stubs.o ABSOLUTE
    _printf_charcount                        0x00000000   Number         0  stubs.o ABSOLUTE
    _printf_d                                0x00000000   Number         0  stubs.o ABSOLUTE
    _printf_e                                0x00000000   Number         0  stubs.o ABSOLUTE
    _printf_f                                0x00000000   Number         0  stubs.o ABSOLUTE
    _printf_flags                            0x00000000   Number         0  stubs.o ABSOLUTE
    _printf_fp_dec                           0x00000000   Number         0  stubs.o ABSOLUTE
    _printf_fp_hex                           0x00000000   Number         0  stubs.o ABSOLUTE
    _printf_g                                0x00000000   Number         0  stubs.o ABSOLUTE
    _printf_i                                0x00000000   Number         0  stubs.o ABSOLUTE
    _printf_int_dec                          0x00000000   Number         0  stubs.o ABSOLUTE
    _printf_l                                0x00000000   Number         0  stubs.o ABSOLUTE
    _printf_lc                               0x00000000   Number         0  stubs.o ABSOLUTE
    _printf_ll                               0x00000000   Number         0  stubs.o ABSOLUTE
    _printf_lld                              0x00000000   Number         0  stubs.o ABSOLUTE
    _printf_lli                              0x00000000   Number         0  stubs.o ABSOLUTE
    _printf_llo                              0x00000000   Number         0  stubs.o ABSOLUTE
    _printf_llu                              0x00000000   Number         0  stubs.o ABSOLUTE
    _printf_llx                              0x00000000   Number         0  stubs.o ABSOLUTE
    _printf_longlong_dec                     0x00000000   Number         0  stubs.o ABSOLUTE
    _printf_longlong_hex                     0x00000000   Number         0  stubs.o ABSOLUTE
    _printf_longlong_oct                     0x00000000   Number         0  stubs.o ABSOLUTE
    _printf_ls                               0x00000000   Number         0  stubs.o ABSOLUTE
    _printf_mbtowc                           0x00000000   Number         0  stubs.o ABSOLUTE
    _printf_n                                0x00000000   Number         0  stubs.o ABSOLUTE
    _printf_o                                0x00000000   Number         0  stubs.o ABSOLUTE
    _printf_p                                0x00000000   Number         0  stubs.o ABSOLUTE
    _printf_percent                          0x00000000   Number         0  stubs.o ABSOLUTE
    _printf_pre_padding                      0x00000000   Number         0  stubs.o ABSOLUTE
    _printf_return_value                     0x00000000   Number         0  stubs.o ABSOLUTE
    _printf_s                                0x00000000   Number         0  stubs.o ABSOLUTE
    _printf_sizespec                         0x00000000   Number         0  stubs.o ABSOLUTE
    _printf_str                              0x00000000   Number         0  stubs.o ABSOLUTE
    _printf_truncate_signed                  0x00000000   Number         0  stubs.o ABSOLUTE
    _printf_truncate_unsigned                0x00000000   Number         0  stubs.o ABSOLUTE
    _printf_u                                0x00000000   Number         0  stubs.o ABSOLUTE
    _printf_wc                               0x00000000   Number         0  stubs.o ABSOLUTE
    _printf_wctomb                           0x00000000   Number         0  stubs.o ABSOLUTE
    _printf_widthprec                        0x00000000   Number         0  stubs.o ABSOLUTE
    _printf_x                                0x00000000   Number         0  stubs.o ABSOLUTE
    __cpp_initialize__aeabi_                  - Undefined Weak Reference
    __cxa_finalize                            - Undefined Weak Reference
    __decompress                              - Undefined Weak Reference
    _clock_init                               - Undefined Weak Reference
    _microlib_exit                            - Undefined Weak Reference
    __Vectors_Size                           0x00000130   Number         0  startup_stm32f10x_hd.o ABSOLUTE
    __Vectors                                0x08000000   Data           4  startup_stm32f10x_hd.o(RESET)
    __Vectors_End                            0x08000130   Data           0  startup_stm32f10x_hd.o(RESET)
    __main                                   0x08000131   Thumb Code     0  entry.o(.ARM.Collect$$$$00000000)
    _main_stk                                0x08000131   Thumb Code     0  entry2.o(.ARM.Collect$$$$00000001)
    _main_scatterload                        0x08000135   Thumb Code     0  entry5.o(.ARM.Collect$$$$00000004)
    __main_after_scatterload                 0x08000139   Thumb Code     0  entry5.o(.ARM.Collect$$$$00000004)
    _main_clock                              0x08000139   Thumb Code     0  entry7b.o(.ARM.Collect$$$$00000008)
    _main_cpp_init                           0x08000139   Thumb Code     0  entry8b.o(.ARM.Collect$$$$0000000A)
    _main_init                               0x08000139   Thumb Code     0  entry9a.o(.ARM.Collect$$$$0000000B)
    __rt_final_cpp                           0x08000141   Thumb Code     0  entry10a.o(.ARM.Collect$$$$0000000D)
    __rt_final_exit                          0x08000141   Thumb Code     0  entry11a.o(.ARM.Collect$$$$0000000F)
    vPortSVCHandler                          0x08000145   Thumb Code    32  port.o(.emb_text)
    __asm___6_port_c_39a90d8d__prvStartFirstTask 0x08000169   Thumb Code    28  port.o(.emb_text)
    xPortPendSVHandler                       0x08000189   Thumb Code    72  port.o(.emb_text)
    vPortGetIPSR                             0x080001d5   Thumb Code     6  port.o(.emb_text)
    Reset_Handler                            0x080001dd   Thumb Code     8  startup_stm32f10x_hd.o(.text)
    NMI_Handler                              0x080001e5   Thumb Code     2  startup_stm32f10x_hd.o(.text)
    HardFault_Handler                        0x080001e7   Thumb Code     2  startup_stm32f10x_hd.o(.text)
    MemManage_Handler                        0x080001e9   Thumb Code     2  startup_stm32f10x_hd.o(.text)
    BusFault_Handler                         0x080001eb   Thumb Code     2  startup_stm32f10x_hd.o(.text)
    UsageFault_Handler                       0x080001ed   Thumb Code     2  startup_stm32f10x_hd.o(.text)
    SVC_Handler                              0x080001ef   Thumb Code     2  startup_stm32f10x_hd.o(.text)
    DebugMon_Handler                         0x080001f1   Thumb Code     2  startup_stm32f10x_hd.o(.text)
    PendSV_Handler                           0x080001f3   Thumb Code     2  startup_stm32f10x_hd.o(.text)
    SysTick_Handler                          0x080001f5   Thumb Code     2  startup_stm32f10x_hd.o(.text)
    ADC1_2_IRQHandler                        0x080001f7   Thumb Code     0  startup_stm32f10x_hd.o(.text)
    ADC3_IRQHandler                          0x080001f7   Thumb Code     0  startup_stm32f10x_hd.o(.text)
    CAN1_RX1_IRQHandler                      0x080001f7   Thumb Code     0  startup_stm32f10x_hd.o(.text)
    CAN1_SCE_IRQHandler                      0x080001f7   Thumb Code     0  startup_stm32f10x_hd.o(.text)
    DMA1_Channel1_IRQHandler                 0x080001f7   Thumb Code     0  startup_stm32f10x_hd.o(.text)
    DMA1_Channel2_IRQHandler                 0x080001f7   Thumb Code     0  startup_stm32f10x_hd.o(.text)
    DMA1_Channel3_IRQHandler                 0x080001f7   Thumb Code     0  startup_stm32f10x_hd.o(.text)
    DMA1_Channel4_IRQHandler                 0x080001f7   Thumb Code     0  startup_stm32f10x_hd.o(.text)
    DMA1_Channel5_IRQHandler                 0x080001f7   Thumb Code     0  startup_stm32f10x_hd.o(.text)
    DMA1_Channel6_IRQHandler                 0x080001f7   Thumb Code     0  startup_stm32f10x_hd.o(.text)
    DMA1_Channel7_IRQHandler                 0x080001f7   Thumb Code     0  startup_stm32f10x_hd.o(.text)
    DMA2_Channel1_IRQHandler                 0x080001f7   Thumb Code     0  startup_stm32f10x_hd.o(.text)
    DMA2_Channel2_IRQHandler                 0x080001f7   Thumb Code     0  startup_stm32f10x_hd.o(.text)
    DMA2_Channel3_IRQHandler                 0x080001f7   Thumb Code     0  startup_stm32f10x_hd.o(.text)
    DMA2_Channel4_5_IRQHandler               0x080001f7   Thumb Code     0  startup_stm32f10x_hd.o(.text)
    EXTI0_IRQHandler                         0x080001f7   Thumb Code     0  startup_stm32f10x_hd.o(.text)
    EXTI15_10_IRQHandler                     0x080001f7   Thumb Code     0  startup_stm32f10x_hd.o(.text)
    EXTI1_IRQHandler                         0x080001f7   Thumb Code     0  startup_stm32f10x_hd.o(.text)
    EXTI2_IRQHandler                         0x080001f7   Thumb Code     0  startup_stm32f10x_hd.o(.text)
    EXTI3_IRQHandler                         0x080001f7   Thumb Code     0  startup_stm32f10x_hd.o(.text)
    EXTI4_IRQHandler                         0x080001f7   Thumb Code     0  startup_stm32f10x_hd.o(.text)
    EXTI9_5_IRQHandler                       0x080001f7   Thumb Code     0  startup_stm32f10x_hd.o(.text)
    FLASH_IRQHandler                         0x080001f7   Thumb Code     0  startup_stm32f10x_hd.o(.text)
    FSMC_IRQHandler                          0x080001f7   Thumb Code     0  startup_stm32f10x_hd.o(.text)
    I2C1_ER_IRQHandler                       0x080001f7   Thumb Code     0  startup_stm32f10x_hd.o(.text)
    I2C1_EV_IRQHandler                       0x080001f7   Thumb Code     0  startup_stm32f10x_hd.o(.text)
    I2C2_ER_IRQHandler                       0x080001f7   Thumb Code     0  startup_stm32f10x_hd.o(.text)
    I2C2_EV_IRQHandler                       0x080001f7   Thumb Code     0  startup_stm32f10x_hd.o(.text)
    PVD_IRQHandler                           0x080001f7   Thumb Code     0  startup_stm32f10x_hd.o(.text)
    RCC_IRQHandler                           0x080001f7   Thumb Code     0  startup_stm32f10x_hd.o(.text)
    RTCAlarm_IRQHandler                      0x080001f7   Thumb Code     0  startup_stm32f10x_hd.o(.text)
    RTC_IRQHandler                           0x080001f7   Thumb Code     0  startup_stm32f10x_hd.o(.text)
    SDIO_IRQHandler                          0x080001f7   Thumb Code     0  startup_stm32f10x_hd.o(.text)
    SPI1_IRQHandler                          0x080001f7   Thumb Code     0  startup_stm32f10x_hd.o(.text)
    SPI2_IRQHandler                          0x080001f7   Thumb Code     0  startup_stm32f10x_hd.o(.text)
    SPI3_IRQHandler                          0x080001f7   Thumb Code     0  startup_stm32f10x_hd.o(.text)
    TAMPER_IRQHandler                        0x080001f7   Thumb Code     0  startup_stm32f10x_hd.o(.text)
    TIM1_BRK_IRQHandler                      0x080001f7   Thumb Code     0  startup_stm32f10x_hd.o(.text)
    TIM1_CC_IRQHandler                       0x080001f7   Thumb Code     0  startup_stm32f10x_hd.o(.text)
    TIM1_TRG_COM_IRQHandler                  0x080001f7   Thumb Code     0  startup_stm32f10x_hd.o(.text)
    TIM1_UP_IRQHandler                       0x080001f7   Thumb Code     0  startup_stm32f10x_hd.o(.text)
    TIM2_IRQHandler                          0x080001f7   Thumb Code     0  startup_stm32f10x_hd.o(.text)
    TIM3_IRQHandler                          0x080001f7   Thumb Code     0  startup_stm32f10x_hd.o(.text)
    TIM4_IRQHandler                          0x080001f7   Thumb Code     0  startup_stm32f10x_hd.o(.text)
    TIM5_IRQHandler                          0x080001f7   Thumb Code     0  startup_stm32f10x_hd.o(.text)
    TIM6_IRQHandler                          0x080001f7   Thumb Code     0  startup_stm32f10x_hd.o(.text)
    TIM7_IRQHandler                          0x080001f7   Thumb Code     0  startup_stm32f10x_hd.o(.text)
    TIM8_BRK_IRQHandler                      0x080001f7   Thumb Code     0  startup_stm32f10x_hd.o(.text)
    TIM8_CC_IRQHandler                       0x080001f7   Thumb Code     0  startup_stm32f10x_hd.o(.text)
    TIM8_TRG_COM_IRQHandler                  0x080001f7   Thumb Code     0  startup_stm32f10x_hd.o(.text)
    TIM8_UP_IRQHandler                       0x080001f7   Thumb Code     0  startup_stm32f10x_hd.o(.text)
    UART4_IRQHandler                         0x080001f7   Thumb Code     0  startup_stm32f10x_hd.o(.text)
    UART5_IRQHandler                         0x080001f7   Thumb Code     0  startup_stm32f10x_hd.o(.text)
    USART1_IRQHandler                        0x080001f7   Thumb Code     0  startup_stm32f10x_hd.o(.text)
    USART2_IRQHandler                        0x080001f7   Thumb Code     0  startup_stm32f10x_hd.o(.text)
    USART3_IRQHandler                        0x080001f7   Thumb Code     0  startup_stm32f10x_hd.o(.text)
    USBWakeUp_IRQHandler                     0x080001f7   Thumb Code     0  startup_stm32f10x_hd.o(.text)
    USB_HP_CAN1_TX_IRQHandler                0x080001f7   Thumb Code     0  startup_stm32f10x_hd.o(.text)
    USB_LP_CAN1_RX0_IRQHandler               0x080001f7   Thumb Code     0  startup_stm32f10x_hd.o(.text)
    WWDG_IRQHandler                          0x080001f7   Thumb Code     0  startup_stm32f10x_hd.o(.text)
    __aeabi_memcpy                           0x08000201   Thumb Code    36  memcpya.o(.text)
    __aeabi_memcpy4                          0x08000201   Thumb Code     0  memcpya.o(.text)
    __aeabi_memcpy8                          0x08000201   Thumb Code     0  memcpya.o(.text)
    strncpy                                  0x08000225   Thumb Code    24  strncpy.o(.text)
    strchr                                   0x0800023d   Thumb Code    20  strchr.o(.text)
    strlen                                   0x08000251   Thumb Code    14  strlen.o(.text)
    strcpy                                   0x0800025f   Thumb Code    18  strcpy.o(.text)
    __aeabi_uldivmod                         0x08000271   Thumb Code    98  uldiv.o(.text)
    __scatterload                            0x080002d5   Thumb Code    28  init.o(.text)
    __scatterload_rt2                        0x080002d5   Thumb Code     0  init.o(.text)
    __aeabi_llsl                             0x080002f9   Thumb Code    30  llshl.o(.text)
    _ll_shift_l                              0x080002f9   Thumb Code     0  llshl.o(.text)
    __aeabi_llsr                             0x08000317   Thumb Code    32  llushr.o(.text)
    _ll_ushift_r                             0x08000317   Thumb Code     0  llushr.o(.text)
    DNS_init                                 0x08000339   Thumb Code    18  dns.o(i.DNS_init)
    GPIO_Init                                0x08000359   Thumb Code   278  stm32f10x_gpio.o(i.GPIO_Init)
    GPIO_ResetBits                           0x0800046f   Thumb Code     4  stm32f10x_gpio.o(i.GPIO_ResetBits)
    GPIO_SetBits                             0x08000473   Thumb Code     4  stm32f10x_gpio.o(i.GPIO_SetBits)
    LogUsartInit                             0x08000479   Thumb Code   126  user_usart.o(i.LogUsartInit)
    MQTTDeserialize_connack                  0x08000501   Thumb Code   118  mqttconnectclient.o(i.MQTTDeserialize_connack)
    MQTTDeserialize_publish                  0x08000577   Thumb Code   168  mqttdeserializepublish.o(i.MQTTDeserialize_publish)
    MQTTDeserialize_suback                   0x0800061f   Thumb Code   146  mqttsubscribeclient.o(i.MQTTDeserialize_suback)
    MQTTPacket_decode                        0x080006b1   Thumb Code    88  mqttpacket.o(i.MQTTPacket_decode)
    MQTTPacket_decodeBuf                     0x08000709   Thumb Code    20  mqttpacket.o(i.MQTTPacket_decodeBuf)
    MQTTPacket_encode                        0x08000725   Thumb Code    54  mqttpacket.o(i.MQTTPacket_encode)
    MQTTPacket_len                           0x0800075d   Thumb Code    34  mqttpacket.o(i.MQTTPacket_len)
    MQTTPacket_read                          0x08000785   Thumb Code   102  mqttpacket.o(i.MQTTPacket_read)
    MQTTSerialize_connect                    0x080007ed   Thumb Code   342  mqttconnectclient.o(i.MQTTSerialize_connect)
    MQTTSerialize_connectLength              0x08000955   Thumb Code   118  mqttconnectclient.o(i.MQTTSerialize_connectLength)
    MQTTSerialize_pingreq                    0x080009cb   Thumb Code    18  mqttconnectclient.o(i.MQTTSerialize_pingreq)
    MQTTSerialize_subscribe                  0x080009dd   Thumb Code   176  mqttsubscribeclient.o(i.MQTTSerialize_subscribe)
    MQTTSerialize_subscribeLength            0x08000a8d   Thumb Code    46  mqttsubscribeclient.o(i.MQTTSerialize_subscribeLength)
    MQTTSerialize_zero                       0x08000abb   Thumb Code    76  mqttconnectclient.o(i.MQTTSerialize_zero)
    MQTTstrlen                               0x08000b07   Thumb Code    24  mqttpacket.o(i.MQTTstrlen)
    RCC_APB1PeriphClockCmd                   0x08000b21   Thumb Code    26  stm32f10x_rcc.o(i.RCC_APB1PeriphClockCmd)
    RCC_APB2PeriphClockCmd                   0x08000b41   Thumb Code    26  stm32f10x_rcc.o(i.RCC_APB2PeriphClockCmd)
    RCC_GetClocksFreq                        0x08000b61   Thumb Code   192  stm32f10x_rcc.o(i.RCC_GetClocksFreq)
    SPI2_SendByte                            0x08000c35   Thumb Code   114  spi2.o(i.SPI2_SendByte)
    SPI_Cmd                                  0x08000cf5   Thumb Code    24  stm32f10x_spi.o(i.SPI_Cmd)
    SPI_I2S_GetFlagStatus                    0x08000d0d   Thumb Code    18  stm32f10x_spi.o(i.SPI_I2S_GetFlagStatus)
    SPI_I2S_ReceiveData                      0x08000d1f   Thumb Code     6  stm32f10x_spi.o(i.SPI_I2S_ReceiveData)
    SPI_I2S_SendData                         0x08000d25   Thumb Code     4  stm32f10x_spi.o(i.SPI_I2S_SendData)
    SPI_Init                                 0x08000d29   Thumb Code    60  stm32f10x_spi.o(i.SPI_Init)
    SystemInit                               0x08000e4d   Thumb Code    78  system_stm32f10x.o(i.SystemInit)
    USART_Cmd                                0x08000ead   Thumb Code    24  stm32f10x_usart.o(i.USART_Cmd)
    USART_GetFlagStatus                      0x08000ec5   Thumb Code    26  stm32f10x_usart.o(i.USART_GetFlagStatus)
    USART_Init                               0x08000ee1   Thumb Code   210  stm32f10x_usart.o(i.USART_Init)
    USART_SendData                           0x08000fb9   Thumb Code     8  stm32f10x_usart.o(i.USART_SendData)
    WIZCHIP_READ                             0x08000fc1   Thumb Code   112  w5500.o(i.WIZCHIP_READ)
    WIZCHIP_READ_BUF                         0x08001035   Thumb Code   136  w5500.o(i.WIZCHIP_READ_BUF)
    WIZCHIP_WRITE                            0x080010c1   Thumb Code   112  w5500.o(i.WIZCHIP_WRITE)
    WIZCHIP_WRITE_BUF                        0x08001135   Thumb Code   132  w5500.o(i.WIZCHIP_WRITE_BUF)
    WIZ_CS                                   0x080011bd   Thumb Code    32  spi2.o(i.WIZ_CS)
    WIZ_SPI_Init                             0x080011e1   Thumb Code   160  spi2.o(i.WIZ_SPI_Init)
    __0printf$8                              0x08001289   Thumb Code    22  printf8.o(i.__0printf$8)
    __1printf$8                              0x08001289   Thumb Code     0  printf8.o(i.__0printf$8)
    __2printf                                0x08001289   Thumb Code     0  printf8.o(i.__0printf$8)
    __scatterload_copy                       0x080012a9   Thumb Code    14  handlers.o(i.__scatterload_copy)
    __scatterload_null                       0x080012b7   Thumb Code     2  handlers.o(i.__scatterload_null)
    __scatterload_zeroinit                   0x080012b9   Thumb Code    14  handlers.o(i.__scatterload_zeroinit)
    bufchar                                  0x0800172d   Thumb Code    36  mqttpacket.o(i.bufchar)
    close                                    0x08001755   Thumb Code   142  socket.o(i.close)
    connect                                  0x080017f5   Thumb Code   342  socket.o(i.connect)
    dns_answer                               0x08001951   Thumb Code   256  dns.o(i.dns_answer)
    dns_makequery                            0x08001a51   Thumb Code   220  dns.o(i.dns_makequery)
    dns_question                             0x08001b31   Thumb Code    42  dns.o(i.dns_question)
    fputc                                    0x08001b5d   Thumb Code    32  user_usart.o(i.fputc)
    get16                                    0x08001b81   Thumb Code    16  dns.o(i.get16)
    getSn_RX_RSR                             0x08001b91   Thumb Code   108  w5500.o(i.getSn_RX_RSR)
    getSn_TX_FSR                             0x08001bfd   Thumb Code   108  w5500.o(i.getSn_TX_FSR)
    init                                     0x08001c69   Thumb Code   148  main.o(i.init)
    main                                     0x08001d6d   Thumb Code    48  main.o(i.main)
    parseDNSMSG                              0x08002275   Thumb Code   250  dns.o(i.parseDNSMSG)
    parse_name                               0x0800236f   Thumb Code   150  dns.o(i.parse_name)
    put16                                    0x0800273f   Thumb Code    12  dns.o(i.put16)
    pvPortMalloc                             0x0800274d   Thumb Code   166  heap_2.o(i.pvPortMalloc)
    pxPortInitialiseStack                    0x08002805   Thumb Code    30  port.o(i.pxPortInitialiseStack)
    readChar                                 0x08002829   Thumb Code    14  mqttpacket.o(i.readChar)
    readInt                                  0x08002837   Thumb Code    26  mqttpacket.o(i.readInt)
    readMQTTLenString                        0x08002851   Thumb Code    58  mqttpacket.o(i.readMQTTLenString)
    recv                                     0x0800288d   Thumb Code   282  socket.o(i.recv)
    recvfrom                                 0x080029ad   Thumb Code   768  socket.o(i.recvfrom)
    send                                     0x08002cb9   Thumb Code   374  socket.o(i.send)
    sendto                                   0x08002e39   Thumb Code   510  socket.o(i.sendto)
    socket                                   0x0800303d   Thumb Code   384  socket.o(i.socket)
    user_dns                                 0x080031e5   Thumb Code   406  dns.o(i.user_dns)
    user_mqtt_init                           0x08003471   Thumb Code    32  user_mqtt.o(i.user_mqtt_init)
    user_mqtt_task                           0x080034b1   Thumb Code   342  user_mqtt.o(i.user_mqtt_task)
    uxListRemove                             0x08003759   Thumb Code    40  list.o(i.uxListRemove)
    vListInitialise                          0x08003781   Thumb Code    26  list.o(i.vListInitialise)
    vListInitialiseItem                      0x0800379b   Thumb Code     6  list.o(i.vListInitialiseItem)
    vListInsert                              0x080037a1   Thumb Code    52  list.o(i.vListInsert)
    vListInsertEnd                           0x080037d5   Thumb Code    24  list.o(i.vListInsertEnd)
    vPortEnterCritical                       0x080037ed   Thumb Code    30  port.o(i.vPortEnterCritical)
    vPortExitCritical                        0x08003811   Thumb Code    28  port.o(i.vPortExitCritical)
    vPortFree                                0x08003831   Thumb Code    56  heap_2.o(i.vPortFree)
    vPortSetupTimerInterrupt                 0x08003871   Thumb Code    20  port.o(i.vPortSetupTimerInterrupt)
    vTaskDelay                               0x08003889   Thumb Code    46  tasks.o(i.vTaskDelay)
    vTaskDelete                              0x080038bd   Thumb Code   166  tasks.o(i.vTaskDelete)
    vTaskStartScheduler                      0x08003989   Thumb Code    72  tasks.o(i.vTaskStartScheduler)
    vTaskSuspendAll                          0x080039ed   Thumb Code    12  tasks.o(i.vTaskSuspendAll)
    vTaskSwitchContext                       0x080039fd   Thumb Code    76  tasks.o(i.vTaskSwitchContext)
    w5500_gpio_init                          0x08003a5d   Thumb Code    38  main.o(i.w5500_gpio_init)
    wiz_recv_data                            0x08003a89   Thumb Code   132  w5500.o(i.wiz_recv_data)
    wiz_recv_ignore                          0x08003b0d   Thumb Code   102  w5500.o(i.wiz_recv_ignore)
    wiz_send_data                            0x08003b73   Thumb Code   132  w5500.o(i.wiz_send_data)
    wizchip_cris_enter                       0x08003bf7   Thumb Code     2  wizchip_conf.o(i.wizchip_cris_enter)
    wizchip_cris_exit                        0x08003bf9   Thumb Code     2  wizchip_conf.o(i.wizchip_cris_exit)
    wizchip_cs_deselect                      0x08003bfb   Thumb Code    10  wizchip_conf.o(i.wizchip_cs_deselect)
    wizchip_cs_select                        0x08003c05   Thumb Code    10  wizchip_conf.o(i.wizchip_cs_select)
    wizchip_init                             0x08003c0f   Thumb Code   144  wizchip_conf.o(i.wizchip_init)
    wizchip_spi_readbyte                     0x08003c9f   Thumb Code    10  wizchip_conf.o(i.wizchip_spi_readbyte)
    wizchip_spi_writebyte                    0x08003ca9   Thumb Code    12  wizchip_conf.o(i.wizchip_spi_writebyte)
    wizchip_sw_reset                         0x08003cb5   Thumb Code   280  wizchip_conf.o(i.wizchip_sw_reset)
    writeCString                             0x08003e4d   Thumb Code    40  mqttpacket.o(i.writeCString)
    writeChar                                0x08003e75   Thumb Code    12  mqttpacket.o(i.writeChar)
    writeInt                                 0x08003e81   Thumb Code    48  mqttpacket.o(i.writeInt)
    writeMQTTString                          0x08003eb1   Thumb Code    62  mqttpacket.o(i.writeMQTTString)
    xPortStartScheduler                      0x08003ef1   Thumb Code    42  port.o(i.xPortStartScheduler)
    xPortSysTickHandler                      0x08003f25   Thumb Code    46  port.o(i.xPortSysTickHandler)
    xTaskCreate                              0x08003f59   Thumb Code    96  tasks.o(i.xTaskCreate)
    xTaskIncrementTick                       0x08003fb9   Thumb Code   238  tasks.o(i.xTaskIncrementTick)
    xTaskResumeAll                           0x080040d5   Thumb Code   196  tasks.o(i.xTaskResumeAll)
    Region$$Table$$Base                      0x080041bc   Number         0  anon$$obj.o(Region$$Table)
    Region$$Table$$Limit                     0x080041dc   Number         0  anon$$obj.o(Region$$Table)
    pxCurrentTCB                             0x20000030   Data           4  tasks.o(.data)
    mqtt_remote_ip                           0x2000006c   Data           4  user_mqtt.o(.data)
    sock_pack_info                           0x20000076   Data           8  socket.o(.data)
    pDNSMSG                                  0x20000080   Data           4  dns.o(.data)
    DNS_SOCKET                               0x20000084   Data           1  dns.o(.data)
    DNS_MSGID                                0x20000086   Data           2  dns.o(.data)
    dns_1s_tick                              0x20000088   Data           4  dns.o(.data)
    err_count                                0x2000008d   Data           1  dns.o(.data)
    WIZCHIP                                  0x20000090   Data          40  wizchip_conf.o(.data)
    __stdout                                 0x200000c4   Data           4  stdout.o(.data)
    dns_buff                                 0x200000c8   Data         512  main.o(.bss)
    user_MQTTPacket_ConnectData              0x20004790   Data          88  user_mqtt.o(.bss)
    mqtt_buff                                0x200047e8   Data         200  user_mqtt.o(.bss)
    __initial_sp                             0x20004cc0   Data           0  startup_stm32f10x_hd.o(STACK)



==============================================================================

Memory Map of the image

  Image Entry point : 0x08000131

  Load Region LR_IROM1 (Base: 0x08000000, Size: 0x000042a4, Max: 0x00080000, ABSOLUTE)

    Execution Region ER_IROM1 (Base: 0x08000000, Size: 0x000041dc, Max: 0x00080000, ABSOLUTE)

    Base Addr    Size         Type   Attr      Idx    E Section Name        Object

    0x08000000   0x00000130   Data   RO            3    RESET               startup_stm32f10x_hd.o
    0x08000130   0x00000000   Code   RO         5161  * .ARM.Collect$$$$00000000  mc_w.l(entry.o)
    0x08000130   0x00000004   Code   RO         5443    .ARM.Collect$$$$00000001  mc_w.l(entry2.o)
    0x08000134   0x00000004   Code   RO         5446    .ARM.Collect$$$$00000004  mc_w.l(entry5.o)
    0x08000138   0x00000000   Code   RO         5448    .ARM.Collect$$$$00000008  mc_w.l(entry7b.o)
    0x08000138   0x00000000   Code   RO         5450    .ARM.Collect$$$$0000000A  mc_w.l(entry8b.o)
    0x08000138   0x00000008   Code   RO         5451    .ARM.Collect$$$$0000000B  mc_w.l(entry9a.o)
    0x08000140   0x00000000   Code   RO         5453    .ARM.Collect$$$$0000000D  mc_w.l(entry10a.o)
    0x08000140   0x00000000   Code   RO         5455    .ARM.Collect$$$$0000000F  mc_w.l(entry11a.o)
    0x08000140   0x00000004   Code   RO         5444    .ARM.Collect$$$$00002712  mc_w.l(entry2.o)
    0x08000144   0x00000096   Code   RO         3392    .emb_text           port.o
    0x080001da   0x00000002   PAD
    0x080001dc   0x00000024   Code   RO            4    .text               startup_stm32f10x_hd.o
    0x08000200   0x00000024   Code   RO         5164    .text               mc_w.l(memcpya.o)
    0x08000224   0x00000018   Code   RO         5168    .text               mc_w.l(strncpy.o)
    0x0800023c   0x00000014   Code   RO         5170    .text               mc_w.l(strchr.o)
    0x08000250   0x0000000e   Code   RO         5172    .text               mc_w.l(strlen.o)
    0x0800025e   0x00000012   Code   RO         5176    .text               mc_w.l(strcpy.o)
    0x08000270   0x00000062   Code   RO         5460    .text               mc_w.l(uldiv.o)
    0x080002d2   0x00000002   PAD
    0x080002d4   0x00000024   Code   RO         5473    .text               mc_w.l(init.o)
    0x080002f8   0x0000001e   Code   RO         5475    .text               mc_w.l(llshl.o)
    0x08000316   0x00000020   Code   RO         5477    .text               mc_w.l(llushr.o)
    0x08000336   0x00000002   PAD
    0x08000338   0x00000020   Code   RO         4278    i.DNS_init          dns.o
    0x08000358   0x00000116   Code   RO         1337    i.GPIO_Init         stm32f10x_gpio.o
    0x0800046e   0x00000004   Code   RO         1344    i.GPIO_ResetBits    stm32f10x_gpio.o
    0x08000472   0x00000004   Code   RO         1345    i.GPIO_SetBits      stm32f10x_gpio.o
    0x08000476   0x00000002   PAD
    0x08000478   0x00000088   Code   RO         4034    i.LogUsartInit      user_usart.o
    0x08000500   0x00000076   Code   RO         4778    i.MQTTDeserialize_connack  mqttconnectclient.o
    0x08000576   0x000000a8   Code   RO         4845    i.MQTTDeserialize_publish  mqttdeserializepublish.o
    0x0800061e   0x00000092   Code   RO         5077    i.MQTTDeserialize_suback  mqttsubscribeclient.o
    0x080006b0   0x00000058   Code   RO         4920    i.MQTTPacket_decode  mqttpacket.o
    0x08000708   0x0000001c   Code   RO         4921    i.MQTTPacket_decodeBuf  mqttpacket.o
    0x08000724   0x00000036   Code   RO         4923    i.MQTTPacket_encode  mqttpacket.o
    0x0800075a   0x00000002   PAD
    0x0800075c   0x00000028   Code   RO         4925    i.MQTTPacket_len    mqttpacket.o
    0x08000784   0x00000066   Code   RO         4926    i.MQTTPacket_read   mqttpacket.o
    0x080007ea   0x00000002   PAD
    0x080007ec   0x00000168   Code   RO         4779    i.MQTTSerialize_connect  mqttconnectclient.o
    0x08000954   0x00000076   Code   RO         4780    i.MQTTSerialize_connectLength  mqttconnectclient.o
    0x080009ca   0x00000012   Code   RO         4782    i.MQTTSerialize_pingreq  mqttconnectclient.o
    0x080009dc   0x000000b0   Code   RO         5078    i.MQTTSerialize_subscribe  mqttsubscribeclient.o
    0x08000a8c   0x0000002e   Code   RO         5079    i.MQTTSerialize_subscribeLength  mqttsubscribeclient.o
    0x08000aba   0x0000004c   Code   RO         4783    i.MQTTSerialize_zero  mqttconnectclient.o
    0x08000b06   0x00000018   Code   RO         4928    i.MQTTstrlen        mqttpacket.o
    0x08000b1e   0x00000002   PAD
    0x08000b20   0x00000020   Code   RO         1756    i.RCC_APB1PeriphClockCmd  stm32f10x_rcc.o
    0x08000b40   0x00000020   Code   RO         1758    i.RCC_APB2PeriphClockCmd  stm32f10x_rcc.o
    0x08000b60   0x000000d4   Code   RO         1766    i.RCC_GetClocksFreq  stm32f10x_rcc.o
    0x08000c34   0x000000c0   Code   RO         4754    i.SPI2_SendByte     spi2.o
    0x08000cf4   0x00000018   Code   RO         2241    i.SPI_Cmd           stm32f10x_spi.o
    0x08000d0c   0x00000012   Code   RO         2249    i.SPI_I2S_GetFlagStatus  stm32f10x_spi.o
    0x08000d1e   0x00000006   Code   RO         2252    i.SPI_I2S_ReceiveData  stm32f10x_spi.o
    0x08000d24   0x00000004   Code   RO         2253    i.SPI_I2S_SendData  stm32f10x_spi.o
    0x08000d28   0x0000003c   Code   RO         2254    i.SPI_Init          stm32f10x_spi.o
    0x08000d64   0x00000008   Code   RO           24    i.SetSysClock       system_stm32f10x.o
    0x08000d6c   0x000000e0   Code   RO           25    i.SetSysClockTo72   system_stm32f10x.o
    0x08000e4c   0x00000060   Code   RO           27    i.SystemInit        system_stm32f10x.o
    0x08000eac   0x00000018   Code   RO         2932    i.USART_Cmd         stm32f10x_usart.o
    0x08000ec4   0x0000001a   Code   RO         2935    i.USART_GetFlagStatus  stm32f10x_usart.o
    0x08000ede   0x00000002   PAD
    0x08000ee0   0x000000d8   Code   RO         2939    i.USART_Init        stm32f10x_usart.o
    0x08000fb8   0x00000008   Code   RO         2949    i.USART_SendData    stm32f10x_usart.o
    0x08000fc0   0x00000074   Code   RO         4218    i.WIZCHIP_READ      w5500.o
    0x08001034   0x0000008c   Code   RO         4219    i.WIZCHIP_READ_BUF  w5500.o
    0x080010c0   0x00000074   Code   RO         4220    i.WIZCHIP_WRITE     w5500.o
    0x08001134   0x00000088   Code   RO         4221    i.WIZCHIP_WRITE_BUF  w5500.o
    0x080011bc   0x00000024   Code   RO         4755    i.WIZ_CS            spi2.o
    0x080011e0   0x000000a8   Code   RO         4756    i.WIZ_SPI_Init      spi2.o
    0x08001288   0x00000020   Code   RO         5389    i.__0printf$8       mc_w.l(printf8.o)
    0x080012a8   0x0000000e   Code   RO         5485    i.__scatterload_copy  mc_w.l(handlers.o)
    0x080012b6   0x00000002   Code   RO         5486    i.__scatterload_null  mc_w.l(handlers.o)
    0x080012b8   0x0000000e   Code   RO         5487    i.__scatterload_zeroinit  mc_w.l(handlers.o)
    0x080012c6   0x00000002   PAD
    0x080012c8   0x00000410   Code   RO         5396    i._printf_core      mc_w.l(printf8.o)
    0x080016d8   0x00000024   Code   RO         5397    i._printf_post_padding  mc_w.l(printf8.o)
    0x080016fc   0x0000002e   Code   RO         5398    i._printf_pre_padding  mc_w.l(printf8.o)
    0x0800172a   0x00000002   PAD
    0x0800172c   0x00000028   Code   RO         4929    i.bufchar           mqttpacket.o
    0x08001754   0x000000a0   Code   RO         4130    i.close             socket.o
    0x080017f4   0x0000015c   Code   RO         4131    i.connect           socket.o
    0x08001950   0x00000100   Code   RO         4282    i.dns_answer        dns.o
    0x08001a50   0x000000e0   Code   RO         4283    i.dns_makequery     dns.o
    0x08001b30   0x0000002a   Code   RO         4284    i.dns_question      dns.o
    0x08001b5a   0x00000002   PAD
    0x08001b5c   0x00000024   Code   RO         4035    i.fputc             user_usart.o
    0x08001b80   0x00000010   Code   RO         4285    i.get16             dns.o
    0x08001b90   0x0000006c   Code   RO         4222    i.getSn_RX_RSR      w5500.o
    0x08001bfc   0x0000006c   Code   RO         4223    i.getSn_TX_FSR      w5500.o
    0x08001c68   0x00000104   Code   RO         3166    i.init              main.o
    0x08001d6c   0x00000058   Code   RO         3167    i.main              main.o
    0x08001dc4   0x00000194   Code   RO         4059    i.mqtt              user_mqtt.o
    0x08001f58   0x0000014c   Code   RO         4060    i.mqtt_connect      user_mqtt.o
    0x080020a4   0x00000058   Code   RO         4061    i.mqtt_ping         user_mqtt.o
    0x080020fc   0x00000178   Code   RO         4062    i.mqtt_subscribe    user_mqtt.o
    0x08002274   0x000000fa   Code   RO         4286    i.parseDNSMSG       dns.o
    0x0800236e   0x00000096   Code   RO         4287    i.parse_name        dns.o
    0x08002404   0x00000098   Code   RO         3743    i.prvAddCurrentTaskToDelayedList  tasks.o
    0x0800249c   0x000000b4   Code   RO         3744    i.prvAddNewTaskToReadyList  tasks.o
    0x08002550   0x00000048   Code   RO         3745    i.prvCheckTasksWaitingTermination  tasks.o
    0x08002598   0x00000012   Code   RO         3746    i.prvDeleteTCB      tasks.o
    0x080025aa   0x00000002   PAD
    0x080025ac   0x00000038   Code   RO         3315    i.prvHeapInit       heap_2.o
    0x080025e4   0x00000028   Code   RO         3747    i.prvIdleTask       tasks.o
    0x0800260c   0x00000080   Code   RO         3748    i.prvInitialiseNewTask  tasks.o
    0x0800268c   0x00000068   Code   RO         3749    i.prvInitialiseTaskLists  tasks.o
    0x080026f4   0x00000034   Code   RO         3750    i.prvResetNextTaskUnblockTime  tasks.o
    0x08002728   0x00000016   Code   RO         3393    i.prvTaskExitError  port.o
    0x0800273e   0x0000000c   Code   RO         4288    i.put16             dns.o
    0x0800274a   0x00000002   PAD
    0x0800274c   0x000000b8   Code   RO         3316    i.pvPortMalloc      heap_2.o
    0x08002804   0x00000024   Code   RO         3394    i.pxPortInitialiseStack  port.o
    0x08002828   0x0000000e   Code   RO         4931    i.readChar          mqttpacket.o
    0x08002836   0x0000001a   Code   RO         4932    i.readInt           mqttpacket.o
    0x08002850   0x0000003a   Code   RO         4933    i.readMQTTLenString  mqttpacket.o
    0x0800288a   0x00000002   PAD
    0x0800288c   0x00000120   Code   RO         4136    i.recv              socket.o
    0x080029ac   0x0000030c   Code   RO         4137    i.recvfrom          socket.o
    0x08002cb8   0x00000180   Code   RO         4138    i.send              socket.o
    0x08002e38   0x00000204   Code   RO         4139    i.sendto            socket.o
    0x0800303c   0x00000194   Code   RO         4141    i.socket            socket.o
    0x080031d0   0x00000012   Code   RO         4063    i.transport_getdata  user_mqtt.o
    0x080031e2   0x00000002   PAD
    0x080031e4   0x0000028c   Code   RO         4289    i.user_dns          dns.o
    0x08003470   0x00000040   Code   RO         4064    i.user_mqtt_init    user_mqtt.o
    0x080034b0   0x000002a8   Code   RO         4065    i.user_mqtt_task    user_mqtt.o
    0x08003758   0x00000028   Code   RO         3356    i.uxListRemove      list.o
    0x08003780   0x0000001a   Code   RO         3357    i.vListInitialise   list.o
    0x0800379a   0x00000006   Code   RO         3358    i.vListInitialiseItem  list.o
    0x080037a0   0x00000034   Code   RO         3359    i.vListInsert       list.o
    0x080037d4   0x00000018   Code   RO         3360    i.vListInsertEnd    list.o
    0x080037ec   0x00000024   Code   RO         3396    i.vPortEnterCritical  port.o
    0x08003810   0x00000020   Code   RO         3397    i.vPortExitCritical  port.o
    0x08003830   0x00000040   Code   RO         3317    i.vPortFree         heap_2.o
    0x08003870   0x00000018   Code   RO         3398    i.vPortSetupTimerInterrupt  port.o
    0x08003888   0x00000034   Code   RO         3757    i.vTaskDelay        tasks.o
    0x080038bc   0x000000cc   Code   RO         3759    i.vTaskDelete       tasks.o
    0x08003988   0x00000064   Code   RO         3770    i.vTaskStartScheduler  tasks.o
    0x080039ec   0x00000010   Code   RO         3772    i.vTaskSuspendAll   tasks.o
    0x080039fc   0x00000060   Code   RO         3773    i.vTaskSwitchContext  tasks.o
    0x08003a5c   0x0000002c   Code   RO         3169    i.w5500_gpio_init   main.o
    0x08003a88   0x00000084   Code   RO         4224    i.wiz_recv_data     w5500.o
    0x08003b0c   0x00000066   Code   RO         4225    i.wiz_recv_ignore   w5500.o
    0x08003b72   0x00000084   Code   RO         4226    i.wiz_send_data     w5500.o
    0x08003bf6   0x00000002   Code   RO         4382    i.wizchip_cris_enter  wizchip_conf.o
    0x08003bf8   0x00000002   Code   RO         4383    i.wizchip_cris_exit  wizchip_conf.o
    0x08003bfa   0x0000000a   Code   RO         4384    i.wizchip_cs_deselect  wizchip_conf.o
    0x08003c04   0x0000000a   Code   RO         4385    i.wizchip_cs_select  wizchip_conf.o
    0x08003c0e   0x00000090   Code   RO         4391    i.wizchip_init      wizchip_conf.o
    0x08003c9e   0x0000000a   Code   RO         4397    i.wizchip_spi_readbyte  wizchip_conf.o
    0x08003ca8   0x0000000c   Code   RO         4399    i.wizchip_spi_writebyte  wizchip_conf.o
    0x08003cb4   0x00000198   Code   RO         4400    i.wizchip_sw_reset  wizchip_conf.o
    0x08003e4c   0x00000028   Code   RO         4934    i.writeCString      mqttpacket.o
    0x08003e74   0x0000000c   Code   RO         4935    i.writeChar         mqttpacket.o
    0x08003e80   0x00000030   Code   RO         4936    i.writeInt          mqttpacket.o
    0x08003eb0   0x0000003e   Code   RO         4937    i.writeMQTTString   mqttpacket.o
    0x08003eee   0x00000002   PAD
    0x08003ef0   0x00000034   Code   RO         3399    i.xPortStartScheduler  port.o
    0x08003f24   0x00000034   Code   RO         3400    i.xPortSysTickHandler  port.o
    0x08003f58   0x00000060   Code   RO         3775    i.xTaskCreate       tasks.o
    0x08003fb8   0x0000011c   Code   RO         3781    i.xTaskIncrementTick  tasks.o
    0x080040d4   0x000000e8   Code   RO         3785    i.xTaskResumeAll    tasks.o
    0x080041bc   0x00000020   Data   RO         5483    Region$$Table       anon$$obj.o


    Execution Region RW_IRAM1 (Base: 0x20000000, Size: 0x00004cc0, Max: 0x00010000, ABSOLUTE)

    Base Addr    Size         Type   Attr      Idx    E Section Name        Object

    0x20000000   0x00000014   Data   RW         1786    .data               stm32f10x_rcc.o
    0x20000014   0x00000018   Data   RW         3321    .data               heap_2.o
    0x2000002c   0x00000004   Data   RW         3401    .data               port.o
    0x20000030   0x0000003c   Data   RW         3788    .data               tasks.o
    0x2000006c   0x00000004   Data   RW         4067    .data               user_mqtt.o
    0x20000070   0x0000000e   Data   RW         4143    .data               socket.o
    0x2000007e   0x00000002   PAD
    0x20000080   0x0000000e   Data   RW         4290    .data               dns.o
    0x2000008e   0x00000002   PAD
    0x20000090   0x0000002d   Data   RW         4408    .data               wizchip_conf.o
    0x200000bd   0x00000003   PAD
    0x200000c0   0x00000004   Data   RW         4938    .data               mqttpacket.o
    0x200000c4   0x00000004   Data   RW         5457    .data               mc_w.l(stdout.o)
    0x200000c8   0x00000200   Zero   RW         3170    .bss                main.o
    0x200002c8   0x00004400   Zero   RW         3320    .bss                heap_2.o
    0x200046c8   0x000000c8   Zero   RW         3787    .bss                tasks.o
    0x20004790   0x00000120   Zero   RW         4066    .bss                user_mqtt.o
    0x200048b0   0x00000010   Zero   RW         4142    .bss                socket.o
    0x200048c0   0x00000400   Zero   RW            1    STACK               startup_stm32f10x_hd.o


==============================================================================

Image component sizes


      Code (inc. data)   RO Data    RW Data    ZI Data      Debug   Object Name

         0          0          0          0          0       4504   core_cm3.o
      1634        282          0         14          0       8414   dns.o
         0          0          0          0          0       1472   event_groups.o
       304         40          0         24      17408       3331   heap_2.o
       148          0          0          0          0       2970   list.o
       392        158          0          0        512       2074   main.o
       690         18          0          0          0       4085   mqttconnectclient.o
       168          0          0          0          0       1538   mqttdeserializepublish.o
       636         18          0          4          0       8918   mqttpacket.o
       368          0          0          0          0       3007   mqttsubscribeclient.o
       404         48          0          4          0       8580   port.o
      2880         78          0         14         16       7254   socket.o
       396         90          0          0          0       1756   spi2.o
        36          8        304          0       1024        860   startup_stm32f10x_hd.o
       286          0          0          0          0       3064   stm32f10x_gpio.o
       276         32          0         20          0       4470   stm32f10x_rcc.o
       112          0          0          0          0       3862   stm32f10x_spi.o
       274          6          0          0          0       4032   stm32f10x_usart.o
       328         28          0          0          0     243621   system_stm32f10x.o
      1826        300          0         60        200      21495   tasks.o
      1962        950          0          4        288       8217   user_mqtt.o
       172         14          0          0          0       1139   user_usart.o
      1090         16          0          0          0       6098   w5500.o
       598        128          0         45          0       7782   wizchip_conf.o

    ----------------------------------------------------------------------
     15004       2214        336        196      19448     362543   Object Totals
         0          0         32          0          0          0   (incl. Generated)
        24          0          0          7          0          0   (incl. Padding)

    ----------------------------------------------------------------------

      Code (inc. data)   RO Data    RW Data    ZI Data      Debug   Library Member Name

         0          0          0          0          0          0   entry.o
         0          0          0          0          0          0   entry10a.o
         0          0          0          0          0          0   entry11a.o
         8          4          0          0          0          0   entry2.o
         4          0          0          0          0          0   entry5.o
         0          0          0          0          0          0   entry7b.o
         0          0          0          0          0          0   entry8b.o
         8          4          0          0          0          0   entry9a.o
        30          0          0          0          0          0   handlers.o
        36          8          0          0          0         68   init.o
        30          0          0          0          0         68   llshl.o
        32          0          0          0          0         68   llushr.o
        36          0          0          0          0         68   memcpya.o
      1154         54          0          0          0        352   printf8.o
         0          0          0          4          0          0   stdout.o
        20          0          0          0          0         68   strchr.o
        18          0          0          0          0         68   strcpy.o
        14          0          0          0          0         68   strlen.o
        24          0          0          0          0         76   strncpy.o
        98          0          0          0          0         92   uldiv.o

    ----------------------------------------------------------------------
      1520         70          0          4          0        996   Library Totals
         8          0          0          0          0          0   (incl. Padding)

    ----------------------------------------------------------------------

      Code (inc. data)   RO Data    RW Data    ZI Data      Debug   Library Name

      1512         70          0          4          0        996   mc_w.l

    ----------------------------------------------------------------------
      1520         70          0          4          0        996   Library Totals

    ----------------------------------------------------------------------

==============================================================================


      Code (inc. data)   RO Data    RW Data    ZI Data      Debug   

     16524       2284        336        200      19448     357087   Grand Totals
     16524       2284        336        200      19448     357087   ELF Image Totals
     16524       2284        336        200          0          0   ROM Totals

==============================================================================

    Total RO  Size (Code + RO Data)                16860 (  16.46kB)
    Total RW  Size (RW Data + ZI Data)             19648 (  19.19kB)
    Total ROM Size (Code + RO Data + RW Data)      17060 (  16.66kB)

==============================================================================

