Component: ARM Compiler 5.05 update 1 (build 106) Tool: armlink [4d0efa]

==============================================================================

Section Cross References

    main.o(.text) refers to ult.o(.text) for Systick_Init
    main.o(.text) refers to device.o(.text) for NVIC_Configuration
    main.o(.text) refers to spi2.o(.text) for WIZ_SPI_Init
    main.o(.text) refers to usart.o(.text) for USART1_Init
    main.o(.text) refers to 24c16.o(.text) for at24c16_init
    main.o(.text) refers to w5500.o(.text) for setkeepalive
    main.o(.text) refers to printf3.o(i.__0printf$3) for __2printf
    main.o(.text) refers to socket.o(.text) for connect
    main.o(.text) refers to memseta.o(.text) for __aeabi_memclr
    main.o(.text) refers to main.o(.bss) for buffer
    main.o(.text) refers to usart.o(.data) for USART_RX_STA
    main.o(.text) refers to usart.o(.bss) for USART_RX_BUF
    startup_stm32f10x_hd.o(RESET) refers to startup_stm32f10x_hd.o(STACK) for __initial_sp
    startup_stm32f10x_hd.o(RESET) refers to startup_stm32f10x_hd.o(.text) for Reset_Handler
    startup_stm32f10x_hd.o(RESET) refers to usart.o(.text) for USART1_IRQHandler
    startup_stm32f10x_hd.o(.text) refers to system_stm32f10x.o(.text) for SystemInit
    startup_stm32f10x_hd.o(.text) refers to entry.o(.ARM.Collect$$$$00000000) for __main
    system_stm32f10x.o(.text) refers to system_stm32f10x.o(.data) for SystemCoreClock
    stm32f10x_bkp.o(.text) refers to stm32f10x_rcc.o(.text) for RCC_BackupResetCmd
    stm32f10x_gpio.o(.text) refers to stm32f10x_rcc.o(.text) for RCC_APB2PeriphResetCmd
    stm32f10x_i2c.o(.text) refers to stm32f10x_rcc.o(.text) for RCC_APB1PeriphResetCmd
    stm32f10x_rcc.o(.text) refers to stm32f10x_rcc.o(.data) for APBAHBPrescTable
    stm32f10x_spi.o(.text) refers to stm32f10x_rcc.o(.text) for RCC_APB2PeriphResetCmd
    stm32f10x_tim.o(.text) refers to stm32f10x_rcc.o(.text) for RCC_APB2PeriphResetCmd
    stm32f10x_usart.o(.text) refers to stm32f10x_rcc.o(.text) for RCC_APB2PeriphResetCmd
    stm32f10x_wwdg.o(.text) refers to stm32f10x_rcc.o(.text) for RCC_APB1PeriphResetCmd
    w5500.o(.text) refers to spi2.o(.text) for WIZ_CS
    w5500.o(.text) refers to printf3.o(i.__0printf$3) for __2printf
    w5500.o(.text) refers to w5500.o(.data) for I_STATUS
    w5500.o(.text) refers to w5500.o(.bss) for RSIZE
    24c16.o(.text) refers to stm32f10x_gpio.o(.text) for GPIO_Init
    24c16.o(.text) refers to ult.o(.text) for Delay_us
    md5.o(.text) refers to memseta.o(.text) for __aeabi_memclr4
    md5.o(.text) refers to memcpya.o(.text) for __aeabi_memcpy
    md5.o(.text) refers to md5.o(.data) for padding
    socket.o(.text) refers to w5500.o(.text) for IINCHIP_WRITE
    socket.o(.text) refers to printf3.o(i.__0printf$3) for __2printf
    socket.o(.text) refers to socket.o(.data) for local_port
    spi2.o(.text) refers to stm32f10x_rcc.o(.text) for RCC_APB1PeriphClockCmd
    spi2.o(.text) refers to stm32f10x_gpio.o(.text) for GPIO_Init
    spi2.o(.text) refers to stm32f10x_spi.o(.text) for SPI_Init
    ult.o(.text) refers to memseta.o(.text) for __aeabi_memset
    ult.o(.text) refers to strstr.o(.text) for strstr
    ult.o(.text) refers to strlen.o(.text) for strlen
    ult.o(.text) refers to strncpy.o(.text) for strncpy
    ult.o(.text) refers to strcpy.o(.text) for strcpy
    ult.o(.text) refers to strtok.o(.text) for strtok
    ult.o(.text) refers to ult.o(.data) for fac_us
    device.o(.text) refers to stm32f10x_rcc.o(.text) for RCC_APB2PeriphClockCmd
    device.o(.text) refers to stm32f10x_gpio.o(.text) for GPIO_Init
    device.o(.text) refers to ult.o(.text) for Delay_us
    device.o(.text) refers to w5500.o(.text) for setSHAR
    device.o(.text) refers to printf3.o(i.__0printf$3) for __2printf
    device.o(.text) refers to 24c16.o(.text) for at24c16_write
    device.o(.text) refers to misc.o(.text) for NVIC_PriorityGroupConfig
    device.o(.text) refers to device.o(.bss) for ConfigMsg
    device.o(.text) refers to device.o(.data) for rxsize
    usart.o(.text) refers to stm32f10x_rcc.o(.text) for RCC_APB2PeriphClockCmd
    usart.o(.text) refers to stm32f10x_gpio.o(.text) for GPIO_Init
    usart.o(.text) refers to stm32f10x_usart.o(.text) for USART_ITConfig
    usart.o(.text) refers to usart.o(.data) for USART_RX_STA
    usart.o(.text) refers to usart.o(.bss) for USART_RX_BUF
    entry.o(.ARM.Collect$$$$00000000) refers (Special) to entry10a.o(.ARM.Collect$$$$0000000D) for __rt_final_cpp
    entry.o(.ARM.Collect$$$$00000000) refers (Special) to entry11a.o(.ARM.Collect$$$$0000000F) for __rt_final_exit
    entry.o(.ARM.Collect$$$$00000000) refers (Special) to entry7b.o(.ARM.Collect$$$$00000008) for _main_clock
    entry.o(.ARM.Collect$$$$00000000) refers (Special) to entry8b.o(.ARM.Collect$$$$0000000A) for _main_cpp_init
    entry.o(.ARM.Collect$$$$00000000) refers (Special) to entry9a.o(.ARM.Collect$$$$0000000B) for _main_init
    entry.o(.ARM.Collect$$$$00000000) refers (Special) to entry5.o(.ARM.Collect$$$$00000004) for _main_scatterload
    entry.o(.ARM.Collect$$$$00000000) refers (Special) to entry2.o(.ARM.Collect$$$$00000001) for _main_stk
    strtok.o(.text) refers to strtok.o(.data) for .data
    strtok_r.o(.text) refers to strtok_r.o(.data) for .data
    printfb.o(i.__0fprintf$bare) refers to printfb.o(i._printf_core) for _printf_core
    printfb.o(i.__0fprintf$bare) refers to usart.o(.text) for fputc
    printfb.o(i.__0printf$bare) refers to printfb.o(i._printf_core) for _printf_core
    printfb.o(i.__0printf$bare) refers to usart.o(.text) for fputc
    printfb.o(i.__0printf$bare) refers to stdout.o(.data) for __stdout
    printfb.o(i.__0snprintf$bare) refers to printfb.o(i._printf_core) for _printf_core
    printfb.o(i.__0snprintf$bare) refers to printfb.o(i._snputc) for _snputc
    printfb.o(i.__0sprintf$bare) refers to printfb.o(i._printf_core) for _printf_core
    printfb.o(i.__0sprintf$bare) refers to printfb.o(i._sputc) for _sputc
    printfb.o(i.__0vfprintf$bare) refers to printfb.o(i._printf_core) for _printf_core
    printfb.o(i.__0vfprintf$bare) refers to usart.o(.text) for fputc
    printfb.o(i.__0vprintf$bare) refers to printfb.o(i._printf_core) for _printf_core
    printfb.o(i.__0vprintf$bare) refers to usart.o(.text) for fputc
    printfb.o(i.__0vprintf$bare) refers to stdout.o(.data) for __stdout
    printfb.o(i.__0vsnprintf$bare) refers to printfb.o(i._printf_core) for _printf_core
    printfb.o(i.__0vsnprintf$bare) refers to printfb.o(i._snputc) for _snputc
    printfb.o(i.__0vsprintf$bare) refers to printfb.o(i._printf_core) for _printf_core
    printfb.o(i.__0vsprintf$bare) refers to printfb.o(i._sputc) for _sputc
    printf0.o(i.__0fprintf$0) refers to printf0.o(i._printf_core) for _printf_core
    printf0.o(i.__0fprintf$0) refers to usart.o(.text) for fputc
    printf0.o(i.__0printf$0) refers to printf0.o(i._printf_core) for _printf_core
    printf0.o(i.__0printf$0) refers to usart.o(.text) for fputc
    printf0.o(i.__0printf$0) refers to stdout.o(.data) for __stdout
    printf0.o(i.__0snprintf$0) refers to printf0.o(i._printf_core) for _printf_core
    printf0.o(i.__0snprintf$0) refers to printf0.o(i._snputc) for _snputc
    printf0.o(i.__0sprintf$0) refers to printf0.o(i._printf_core) for _printf_core
    printf0.o(i.__0sprintf$0) refers to printf0.o(i._sputc) for _sputc
    printf0.o(i.__0vfprintf$0) refers to printf0.o(i._printf_core) for _printf_core
    printf0.o(i.__0vfprintf$0) refers to usart.o(.text) for fputc
    printf0.o(i.__0vprintf$0) refers to printf0.o(i._printf_core) for _printf_core
    printf0.o(i.__0vprintf$0) refers to usart.o(.text) for fputc
    printf0.o(i.__0vprintf$0) refers to stdout.o(.data) for __stdout
    printf0.o(i.__0vsnprintf$0) refers to printf0.o(i._printf_core) for _printf_core
    printf0.o(i.__0vsnprintf$0) refers to printf0.o(i._snputc) for _snputc
    printf0.o(i.__0vsprintf$0) refers to printf0.o(i._printf_core) for _printf_core
    printf0.o(i.__0vsprintf$0) refers to printf0.o(i._sputc) for _sputc
    printf1.o(i.__0fprintf$1) refers to printf1.o(i._printf_core) for _printf_core
    printf1.o(i.__0fprintf$1) refers to usart.o(.text) for fputc
    printf1.o(i.__0printf$1) refers to printf1.o(i._printf_core) for _printf_core
    printf1.o(i.__0printf$1) refers to usart.o(.text) for fputc
    printf1.o(i.__0printf$1) refers to stdout.o(.data) for __stdout
    printf1.o(i.__0snprintf$1) refers to printf1.o(i._printf_core) for _printf_core
    printf1.o(i.__0snprintf$1) refers to printf1.o(i._snputc) for _snputc
    printf1.o(i.__0sprintf$1) refers to printf1.o(i._printf_core) for _printf_core
    printf1.o(i.__0sprintf$1) refers to printf1.o(i._sputc) for _sputc
    printf1.o(i.__0vfprintf$1) refers to printf1.o(i._printf_core) for _printf_core
    printf1.o(i.__0vfprintf$1) refers to usart.o(.text) for fputc
    printf1.o(i.__0vprintf$1) refers to printf1.o(i._printf_core) for _printf_core
    printf1.o(i.__0vprintf$1) refers to usart.o(.text) for fputc
    printf1.o(i.__0vprintf$1) refers to stdout.o(.data) for __stdout
    printf1.o(i.__0vsnprintf$1) refers to printf1.o(i._printf_core) for _printf_core
    printf1.o(i.__0vsnprintf$1) refers to printf1.o(i._snputc) for _snputc
    printf1.o(i.__0vsprintf$1) refers to printf1.o(i._printf_core) for _printf_core
    printf1.o(i.__0vsprintf$1) refers to printf1.o(i._sputc) for _sputc
    printf1.o(i._printf_core) refers to uidiv.o(.text) for __aeabi_uidivmod
    printf2.o(i.__0fprintf$2) refers to printf2.o(i._printf_core) for _printf_core
    printf2.o(i.__0fprintf$2) refers to usart.o(.text) for fputc
    printf2.o(i.__0printf$2) refers to printf2.o(i._printf_core) for _printf_core
    printf2.o(i.__0printf$2) refers to usart.o(.text) for fputc
    printf2.o(i.__0printf$2) refers to stdout.o(.data) for __stdout
    printf2.o(i.__0snprintf$2) refers to printf2.o(i._printf_core) for _printf_core
    printf2.o(i.__0snprintf$2) refers to printf2.o(i._snputc) for _snputc
    printf2.o(i.__0sprintf$2) refers to printf2.o(i._printf_core) for _printf_core
    printf2.o(i.__0sprintf$2) refers to printf2.o(i._sputc) for _sputc
    printf2.o(i.__0vfprintf$2) refers to printf2.o(i._printf_core) for _printf_core
    printf2.o(i.__0vfprintf$2) refers to usart.o(.text) for fputc
    printf2.o(i.__0vprintf$2) refers to printf2.o(i._printf_core) for _printf_core
    printf2.o(i.__0vprintf$2) refers to usart.o(.text) for fputc
    printf2.o(i.__0vprintf$2) refers to stdout.o(.data) for __stdout
    printf2.o(i.__0vsnprintf$2) refers to printf2.o(i._printf_core) for _printf_core
    printf2.o(i.__0vsnprintf$2) refers to printf2.o(i._snputc) for _snputc
    printf2.o(i.__0vsprintf$2) refers to printf2.o(i._printf_core) for _printf_core
    printf2.o(i.__0vsprintf$2) refers to printf2.o(i._sputc) for _sputc
    printf3.o(i.__0fprintf$3) refers to printf3.o(i._printf_core) for _printf_core
    printf3.o(i.__0fprintf$3) refers to usart.o(.text) for fputc
    printf3.o(i.__0printf$3) refers to printf3.o(i._printf_core) for _printf_core
    printf3.o(i.__0printf$3) refers to usart.o(.text) for fputc
    printf3.o(i.__0printf$3) refers to stdout.o(.data) for __stdout
    printf3.o(i.__0snprintf$3) refers to printf3.o(i._printf_core) for _printf_core
    printf3.o(i.__0snprintf$3) refers to printf3.o(i._snputc) for _snputc
    printf3.o(i.__0sprintf$3) refers to printf3.o(i._printf_core) for _printf_core
    printf3.o(i.__0sprintf$3) refers to printf3.o(i._sputc) for _sputc
    printf3.o(i.__0vfprintf$3) refers to printf3.o(i._printf_core) for _printf_core
    printf3.o(i.__0vfprintf$3) refers to usart.o(.text) for fputc
    printf3.o(i.__0vprintf$3) refers to printf3.o(i._printf_core) for _printf_core
    printf3.o(i.__0vprintf$3) refers to usart.o(.text) for fputc
    printf3.o(i.__0vprintf$3) refers to stdout.o(.data) for __stdout
    printf3.o(i.__0vsnprintf$3) refers to printf3.o(i._printf_core) for _printf_core
    printf3.o(i.__0vsnprintf$3) refers to printf3.o(i._snputc) for _snputc
    printf3.o(i.__0vsprintf$3) refers to printf3.o(i._printf_core) for _printf_core
    printf3.o(i.__0vsprintf$3) refers to printf3.o(i._sputc) for _sputc
    printf3.o(i._printf_core) refers to uidiv.o(.text) for __aeabi_uidivmod
    printf4.o(i.__0fprintf$4) refers to printf4.o(i._printf_core) for _printf_core
    printf4.o(i.__0fprintf$4) refers to usart.o(.text) for fputc
    printf4.o(i.__0printf$4) refers to printf4.o(i._printf_core) for _printf_core
    printf4.o(i.__0printf$4) refers to usart.o(.text) for fputc
    printf4.o(i.__0printf$4) refers to stdout.o(.data) for __stdout
    printf4.o(i.__0snprintf$4) refers to printf4.o(i._printf_core) for _printf_core
    printf4.o(i.__0snprintf$4) refers to printf4.o(i._snputc) for _snputc
    printf4.o(i.__0sprintf$4) refers to printf4.o(i._printf_core) for _printf_core
    printf4.o(i.__0sprintf$4) refers to printf4.o(i._sputc) for _sputc
    printf4.o(i.__0vfprintf$4) refers to printf4.o(i._printf_core) for _printf_core
    printf4.o(i.__0vfprintf$4) refers to usart.o(.text) for fputc
    printf4.o(i.__0vprintf$4) refers to printf4.o(i._printf_core) for _printf_core
    printf4.o(i.__0vprintf$4) refers to usart.o(.text) for fputc
    printf4.o(i.__0vprintf$4) refers to stdout.o(.data) for __stdout
    printf4.o(i.__0vsnprintf$4) refers to printf4.o(i._printf_core) for _printf_core
    printf4.o(i.__0vsnprintf$4) refers to printf4.o(i._snputc) for _snputc
    printf4.o(i.__0vsprintf$4) refers to printf4.o(i._printf_core) for _printf_core
    printf4.o(i.__0vsprintf$4) refers to printf4.o(i._sputc) for _sputc
    printf4.o(i._printf_core) refers to uldiv.o(.text) for __aeabi_uldivmod
    printf5.o(i.__0fprintf$5) refers to printf5.o(i._printf_core) for _printf_core
    printf5.o(i.__0fprintf$5) refers to usart.o(.text) for fputc
    printf5.o(i.__0printf$5) refers to printf5.o(i._printf_core) for _printf_core
    printf5.o(i.__0printf$5) refers to usart.o(.text) for fputc
    printf5.o(i.__0printf$5) refers to stdout.o(.data) for __stdout
    printf5.o(i.__0snprintf$5) refers to printf5.o(i._printf_core) for _printf_core
    printf5.o(i.__0snprintf$5) refers to printf5.o(i._snputc) for _snputc
    printf5.o(i.__0sprintf$5) refers to printf5.o(i._printf_core) for _printf_core
    printf5.o(i.__0sprintf$5) refers to printf5.o(i._sputc) for _sputc
    printf5.o(i.__0vfprintf$5) refers to printf5.o(i._printf_core) for _printf_core
    printf5.o(i.__0vfprintf$5) refers to usart.o(.text) for fputc
    printf5.o(i.__0vprintf$5) refers to printf5.o(i._printf_core) for _printf_core
    printf5.o(i.__0vprintf$5) refers to usart.o(.text) for fputc
    printf5.o(i.__0vprintf$5) refers to stdout.o(.data) for __stdout
    printf5.o(i.__0vsnprintf$5) refers to printf5.o(i._printf_core) for _printf_core
    printf5.o(i.__0vsnprintf$5) refers to printf5.o(i._snputc) for _snputc
    printf5.o(i.__0vsprintf$5) refers to printf5.o(i._printf_core) for _printf_core
    printf5.o(i.__0vsprintf$5) refers to printf5.o(i._sputc) for _sputc
    printf5.o(i._printf_core) refers to uldiv.o(.text) for __aeabi_uldivmod
    printf6.o(i.__0fprintf$6) refers to printf6.o(i._printf_core) for _printf_core
    printf6.o(i.__0fprintf$6) refers to usart.o(.text) for fputc
    printf6.o(i.__0printf$6) refers to printf6.o(i._printf_core) for _printf_core
    printf6.o(i.__0printf$6) refers to usart.o(.text) for fputc
    printf6.o(i.__0printf$6) refers to stdout.o(.data) for __stdout
    printf6.o(i.__0snprintf$6) refers to printf6.o(i._printf_core) for _printf_core
    printf6.o(i.__0snprintf$6) refers to printf6.o(i._snputc) for _snputc
    printf6.o(i.__0sprintf$6) refers to printf6.o(i._printf_core) for _printf_core
    printf6.o(i.__0sprintf$6) refers to printf6.o(i._sputc) for _sputc
    printf6.o(i.__0vfprintf$6) refers to printf6.o(i._printf_core) for _printf_core
    printf6.o(i.__0vfprintf$6) refers to usart.o(.text) for fputc
    printf6.o(i.__0vprintf$6) refers to printf6.o(i._printf_core) for _printf_core
    printf6.o(i.__0vprintf$6) refers to usart.o(.text) for fputc
    printf6.o(i.__0vprintf$6) refers to stdout.o(.data) for __stdout
    printf6.o(i.__0vsnprintf$6) refers to printf6.o(i._printf_core) for _printf_core
    printf6.o(i.__0vsnprintf$6) refers to printf6.o(i._snputc) for _snputc
    printf6.o(i.__0vsprintf$6) refers to printf6.o(i._printf_core) for _printf_core
    printf6.o(i.__0vsprintf$6) refers to printf6.o(i._sputc) for _sputc
    printf6.o(i._printf_core) refers to printf6.o(i._printf_pre_padding) for _printf_pre_padding
    printf6.o(i._printf_core) refers to uidiv.o(.text) for __aeabi_uidivmod
    printf6.o(i._printf_core) refers to printf6.o(i._printf_post_padding) for _printf_post_padding
    printf7.o(i.__0fprintf$7) refers to printf7.o(i._printf_core) for _printf_core
    printf7.o(i.__0fprintf$7) refers to usart.o(.text) for fputc
    printf7.o(i.__0printf$7) refers to printf7.o(i._printf_core) for _printf_core
    printf7.o(i.__0printf$7) refers to usart.o(.text) for fputc
    printf7.o(i.__0printf$7) refers to stdout.o(.data) for __stdout
    printf7.o(i.__0snprintf$7) refers to printf7.o(i._printf_core) for _printf_core
    printf7.o(i.__0snprintf$7) refers to printf7.o(i._snputc) for _snputc
    printf7.o(i.__0sprintf$7) refers to printf7.o(i._printf_core) for _printf_core
    printf7.o(i.__0sprintf$7) refers to printf7.o(i._sputc) for _sputc
    printf7.o(i.__0vfprintf$7) refers to printf7.o(i._printf_core) for _printf_core
    printf7.o(i.__0vfprintf$7) refers to usart.o(.text) for fputc
    printf7.o(i.__0vprintf$7) refers to printf7.o(i._printf_core) for _printf_core
    printf7.o(i.__0vprintf$7) refers to usart.o(.text) for fputc
    printf7.o(i.__0vprintf$7) refers to stdout.o(.data) for __stdout
    printf7.o(i.__0vsnprintf$7) refers to printf7.o(i._printf_core) for _printf_core
    printf7.o(i.__0vsnprintf$7) refers to printf7.o(i._snputc) for _snputc
    printf7.o(i.__0vsprintf$7) refers to printf7.o(i._printf_core) for _printf_core
    printf7.o(i.__0vsprintf$7) refers to printf7.o(i._sputc) for _sputc
    printf7.o(i._printf_core) refers to printf7.o(i._printf_pre_padding) for _printf_pre_padding
    printf7.o(i._printf_core) refers to uldiv.o(.text) for __aeabi_uldivmod
    printf7.o(i._printf_core) refers to printf7.o(i._printf_post_padding) for _printf_post_padding
    printf8.o(i.__0fprintf$8) refers to printf8.o(i._printf_core) for _printf_core
    printf8.o(i.__0fprintf$8) refers to usart.o(.text) for fputc
    printf8.o(i.__0printf$8) refers to printf8.o(i._printf_core) for _printf_core
    printf8.o(i.__0printf$8) refers to usart.o(.text) for fputc
    printf8.o(i.__0printf$8) refers to stdout.o(.data) for __stdout
    printf8.o(i.__0snprintf$8) refers to printf8.o(i._printf_core) for _printf_core
    printf8.o(i.__0snprintf$8) refers to printf8.o(i._snputc) for _snputc
    printf8.o(i.__0sprintf$8) refers to printf8.o(i._printf_core) for _printf_core
    printf8.o(i.__0sprintf$8) refers to printf8.o(i._sputc) for _sputc
    printf8.o(i.__0vfprintf$8) refers to printf8.o(i._printf_core) for _printf_core
    printf8.o(i.__0vfprintf$8) refers to usart.o(.text) for fputc
    printf8.o(i.__0vprintf$8) refers to printf8.o(i._printf_core) for _printf_core
    printf8.o(i.__0vprintf$8) refers to usart.o(.text) for fputc
    printf8.o(i.__0vprintf$8) refers to stdout.o(.data) for __stdout
    printf8.o(i.__0vsnprintf$8) refers to printf8.o(i._printf_core) for _printf_core
    printf8.o(i.__0vsnprintf$8) refers to printf8.o(i._snputc) for _snputc
    printf8.o(i.__0vsprintf$8) refers to printf8.o(i._printf_core) for _printf_core
    printf8.o(i.__0vsprintf$8) refers to printf8.o(i._sputc) for _sputc
    printf8.o(i._printf_core) refers to printf8.o(i._printf_pre_padding) for _printf_pre_padding
    printf8.o(i._printf_core) refers to uldiv.o(.text) for __aeabi_uldivmod
    printf8.o(i._printf_core) refers to printf8.o(i._printf_post_padding) for _printf_post_padding
    printfa.o(i.__0fprintf) refers (Special) to iusefp.o(.text) for __I$use$fp
    printfa.o(i.__0fprintf) refers to printfa.o(i._printf_core) for _printf_core
    printfa.o(i.__0fprintf) refers to usart.o(.text) for fputc
    printfa.o(i.__0printf) refers (Special) to iusefp.o(.text) for __I$use$fp
    printfa.o(i.__0printf) refers to printfa.o(i._printf_core) for _printf_core
    printfa.o(i.__0printf) refers to usart.o(.text) for fputc
    printfa.o(i.__0printf) refers to stdout.o(.data) for __stdout
    printfa.o(i.__0snprintf) refers (Special) to iusefp.o(.text) for __I$use$fp
    printfa.o(i.__0snprintf) refers to printfa.o(i._printf_core) for _printf_core
    printfa.o(i.__0snprintf) refers to printfa.o(i._snputc) for _snputc
    printfa.o(i.__0sprintf) refers (Special) to iusefp.o(.text) for __I$use$fp
    printfa.o(i.__0sprintf) refers to printfa.o(i._printf_core) for _printf_core
    printfa.o(i.__0sprintf) refers to printfa.o(i._sputc) for _sputc
    printfa.o(i.__0vfprintf) refers (Special) to iusefp.o(.text) for __I$use$fp
    printfa.o(i.__0vfprintf) refers to printfa.o(i._printf_core) for _printf_core
    printfa.o(i.__0vfprintf) refers to usart.o(.text) for fputc
    printfa.o(i.__0vprintf) refers (Special) to iusefp.o(.text) for __I$use$fp
    printfa.o(i.__0vprintf) refers to printfa.o(i._printf_core) for _printf_core
    printfa.o(i.__0vprintf) refers to usart.o(.text) for fputc
    printfa.o(i.__0vprintf) refers to stdout.o(.data) for __stdout
    printfa.o(i.__0vsnprintf) refers (Special) to iusefp.o(.text) for __I$use$fp
    printfa.o(i.__0vsnprintf) refers to printfa.o(i._printf_core) for _printf_core
    printfa.o(i.__0vsnprintf) refers to printfa.o(i._snputc) for _snputc
    printfa.o(i.__0vsprintf) refers (Special) to iusefp.o(.text) for __I$use$fp
    printfa.o(i.__0vsprintf) refers to printfa.o(i._printf_core) for _printf_core
    printfa.o(i.__0vsprintf) refers to printfa.o(i._sputc) for _sputc
    printfa.o(i._fp_digits) refers (Special) to iusefp.o(.text) for __I$use$fp
    printfa.o(i._fp_digits) refers to dmul.o(.text) for __aeabi_dmul
    printfa.o(i._fp_digits) refers to ddiv.o(.text) for __aeabi_ddiv
    printfa.o(i._fp_digits) refers to cdrcmple.o(.text) for __aeabi_cdrcmple
    printfa.o(i._fp_digits) refers to dadd.o(.text) for __aeabi_dadd
    printfa.o(i._fp_digits) refers to dfixul.o(.text) for __aeabi_d2ulz
    printfa.o(i._fp_digits) refers to uldiv.o(.text) for __aeabi_uldivmod
    printfa.o(i._printf_core) refers (Special) to iusefp.o(.text) for __I$use$fp
    printfa.o(i._printf_core) refers to printfa.o(i._printf_pre_padding) for _printf_pre_padding
    printfa.o(i._printf_core) refers to uldiv.o(.text) for __aeabi_uldivmod
    printfa.o(i._printf_core) refers to printfa.o(i._printf_post_padding) for _printf_post_padding
    printfa.o(i._printf_core) refers to printfa.o(i._fp_digits) for _fp_digits
    printfa.o(i._printf_core) refers to uidiv.o(.text) for __aeabi_uidivmod
    printfa.o(i._printf_post_padding) refers (Special) to iusefp.o(.text) for __I$use$fp
    printfa.o(i._printf_pre_padding) refers (Special) to iusefp.o(.text) for __I$use$fp
    printfa.o(i._snputc) refers (Special) to iusefp.o(.text) for __I$use$fp
    printfa.o(i._sputc) refers (Special) to iusefp.o(.text) for __I$use$fp
    entry2.o(.ARM.Collect$$$$00000001) refers to entry2.o(.ARM.Collect$$$$00002712) for __lit__00000000
    entry2.o(.ARM.Collect$$$$00002712) refers to startup_stm32f10x_hd.o(STACK) for __initial_sp
    entry2.o(__vectab_stack_and_reset_area) refers to startup_stm32f10x_hd.o(STACK) for __initial_sp
    entry2.o(__vectab_stack_and_reset_area) refers to entry.o(.ARM.Collect$$$$00000000) for __main
    entry5.o(.ARM.Collect$$$$00000004) refers to init.o(.text) for __scatterload
    entry9a.o(.ARM.Collect$$$$0000000B) refers to main.o(.text) for main
    entry9b.o(.ARM.Collect$$$$0000000C) refers to main.o(.text) for main
    uldiv.o(.text) refers to llushr.o(.text) for __aeabi_llsr
    uldiv.o(.text) refers to llshl.o(.text) for __aeabi_llsl
    dadd.o(.text) refers to llshl.o(.text) for __aeabi_llsl
    dadd.o(.text) refers to llsshr.o(.text) for __aeabi_lasr
    dadd.o(.text) refers to depilogue.o(.text) for _double_epilogue
    dmul.o(.text) refers to depilogue.o(.text) for _double_epilogue
    ddiv.o(.text) refers to depilogue.o(.text) for _double_round
    dfixul.o(.text) refers to llushr.o(.text) for __aeabi_llsr
    dfixul.o(.text) refers to llshl.o(.text) for __aeabi_llsl
    init.o(.text) refers to entry5.o(.ARM.Collect$$$$00000004) for __main_after_scatterload
    depilogue.o(.text) refers to llshl.o(.text) for __aeabi_llsl
    depilogue.o(.text) refers to llushr.o(.text) for __aeabi_llsr


==============================================================================

Removing Unused input sections from the image.

    Removing core_cm3.o(.emb_text), (32 bytes).
    Removing startup_stm32f10x_hd.o(HEAP), (512 bytes).
    Removing stm32f10x_bkp.o(.text), (196 bytes).
    Removing stm32f10x_exti.o(.text), (284 bytes).
    Removing stm32f10x_flash.o(.text), (1468 bytes).
    Removing stm32f10x_i2c.o(.text), (1028 bytes).
    Removing stm32f10x_tim.o(.text), (3610 bytes).
    Removing stm32f10x_wwdg.o(.text), (136 bytes).
    Removing md5.o(.text), (2564 bytes).
    Removing md5.o(.data), (64 bytes).
    Removing dadd.o(.text), (334 bytes).
    Removing dmul.o(.text), (228 bytes).
    Removing ddiv.o(.text), (222 bytes).
    Removing dfixul.o(.text), (48 bytes).
    Removing cdrcmple.o(.text), (48 bytes).
    Removing depilogue.o(.text), (186 bytes).

16 unused section(s) (total 10960 bytes) removed from the image.

==============================================================================

Image Symbol Table

    Local Symbols

    Symbol Name                              Value     Ov Type        Size  Object(Section)

    ../clib/microlib/division.c              0x00000000   Number         0  uidiv.o ABSOLUTE
    ../clib/microlib/division.c              0x00000000   Number         0  uldiv.o ABSOLUTE
    ../clib/microlib/init/entry.s            0x00000000   Number         0  entry9b.o ABSOLUTE
    ../clib/microlib/init/entry.s            0x00000000   Number         0  entry11b.o ABSOLUTE
    ../clib/microlib/init/entry.s            0x00000000   Number         0  entry11a.o ABSOLUTE
    ../clib/microlib/init/entry.s            0x00000000   Number         0  entry2.o ABSOLUTE
    ../clib/microlib/init/entry.s            0x00000000   Number         0  entry.o ABSOLUTE
    ../clib/microlib/init/entry.s            0x00000000   Number         0  entry10b.o ABSOLUTE
    ../clib/microlib/init/entry.s            0x00000000   Number         0  entry5.o ABSOLUTE
    ../clib/microlib/init/entry.s            0x00000000   Number         0  entry7a.o ABSOLUTE
    ../clib/microlib/init/entry.s            0x00000000   Number         0  entry7b.o ABSOLUTE
    ../clib/microlib/init/entry.s            0x00000000   Number         0  entry8a.o ABSOLUTE
    ../clib/microlib/init/entry.s            0x00000000   Number         0  entry8b.o ABSOLUTE
    ../clib/microlib/init/entry.s            0x00000000   Number         0  entry10a.o ABSOLUTE
    ../clib/microlib/init/entry.s            0x00000000   Number         0  entry9a.o ABSOLUTE
    ../clib/microlib/longlong.c              0x00000000   Number         0  llshl.o ABSOLUTE
    ../clib/microlib/longlong.c              0x00000000   Number         0  llsshr.o ABSOLUTE
    ../clib/microlib/longlong.c              0x00000000   Number         0  llushr.o ABSOLUTE
    ../clib/microlib/printf/printf.c         0x00000000   Number         0  printfb.o ABSOLUTE
    ../clib/microlib/printf/printf.c         0x00000000   Number         0  printf2.o ABSOLUTE
    ../clib/microlib/printf/printf.c         0x00000000   Number         0  printf1.o ABSOLUTE
    ../clib/microlib/printf/printf.c         0x00000000   Number         0  printf0.o ABSOLUTE
    ../clib/microlib/printf/printf.c         0x00000000   Number         0  printf3.o ABSOLUTE
    ../clib/microlib/printf/printf.c         0x00000000   Number         0  printfa.o ABSOLUTE
    ../clib/microlib/printf/printf.c         0x00000000   Number         0  printf8.o ABSOLUTE
    ../clib/microlib/printf/printf.c         0x00000000   Number         0  printf7.o ABSOLUTE
    ../clib/microlib/printf/printf.c         0x00000000   Number         0  printf6.o ABSOLUTE
    ../clib/microlib/printf/printf.c         0x00000000   Number         0  printf5.o ABSOLUTE
    ../clib/microlib/printf/printf.c         0x00000000   Number         0  printf4.o ABSOLUTE
    ../clib/microlib/printf/stubs.s          0x00000000   Number         0  stubs.o ABSOLUTE
    ../clib/microlib/stdio/streams.c         0x00000000   Number         0  stdout.o ABSOLUTE
    ../clib/microlib/string/memcpy.c         0x00000000   Number         0  memcpyb.o ABSOLUTE
    ../clib/microlib/string/memcpy.c         0x00000000   Number         0  memcpya.o ABSOLUTE
    ../clib/microlib/string/memset.c         0x00000000   Number         0  memseta.o ABSOLUTE
    ../clib/microlib/string/strcpy.c         0x00000000   Number         0  strcpy.o ABSOLUTE
    ../clib/microlib/string/strlen.c         0x00000000   Number         0  strlen.o ABSOLUTE
    ../clib/microlib/string/strncpy.c        0x00000000   Number         0  strncpy.o ABSOLUTE
    ../clib/microlib/string/strstr.c         0x00000000   Number         0  strstr.o ABSOLUTE
    ../clib/microlib/string/strtok.c         0x00000000   Number         0  strtok.o ABSOLUTE
    ../clib/microlib/string/strtok.c         0x00000000   Number         0  strtok_r.o ABSOLUTE
    ../clib/microlib/stubs.s                 0x00000000   Number         0  iusefp.o ABSOLUTE
    ../fplib/microlib/fpadd.c                0x00000000   Number         0  dadd.o ABSOLUTE
    ../fplib/microlib/fpdiv.c                0x00000000   Number         0  ddiv.o ABSOLUTE
    ../fplib/microlib/fpepilogue.c           0x00000000   Number         0  depilogue.o ABSOLUTE
    ../fplib/microlib/fpfix.c                0x00000000   Number         0  dfixul.o ABSOLUTE
    ../fplib/microlib/fpmul.c                0x00000000   Number         0  dmul.o ABSOLUTE
    User\main.c                              0x00000000   Number         0  main.o ABSOLUTE
    cdrcmple.s                               0x00000000   Number         0  cdrcmple.o ABSOLUTE
    dc.s                                     0x00000000   Number         0  dc.o ABSOLUTE
    flib\src\misc.c                          0x00000000   Number         0  misc.o ABSOLUTE
    flib\src\stm32f10x_bkp.c                 0x00000000   Number         0  stm32f10x_bkp.o ABSOLUTE
    flib\src\stm32f10x_exti.c                0x00000000   Number         0  stm32f10x_exti.o ABSOLUTE
    flib\src\stm32f10x_flash.c               0x00000000   Number         0  stm32f10x_flash.o ABSOLUTE
    flib\src\stm32f10x_gpio.c                0x00000000   Number         0  stm32f10x_gpio.o ABSOLUTE
    flib\src\stm32f10x_i2c.c                 0x00000000   Number         0  stm32f10x_i2c.o ABSOLUTE
    flib\src\stm32f10x_rcc.c                 0x00000000   Number         0  stm32f10x_rcc.o ABSOLUTE
    flib\src\stm32f10x_spi.c                 0x00000000   Number         0  stm32f10x_spi.o ABSOLUTE
    flib\src\stm32f10x_tim.c                 0x00000000   Number         0  stm32f10x_tim.o ABSOLUTE
    flib\src\stm32f10x_usart.c               0x00000000   Number         0  stm32f10x_usart.o ABSOLUTE
    flib\src\stm32f10x_wwdg.c                0x00000000   Number         0  stm32f10x_wwdg.o ABSOLUTE
    handlers.s                               0x00000000   Number         0  handlers.o ABSOLUTE
    init.s                                   0x00000000   Number         0  init.o ABSOLUTE
    system\\core_cm3.c                       0x00000000   Number         0  core_cm3.o ABSOLUTE
    system\core_cm3.c                        0x00000000   Number         0  core_cm3.o ABSOLUTE
    system\startup_stm32f10x_hd.s            0x00000000   Number         0  startup_stm32f10x_hd.o ABSOLUTE
    system\system_stm32f10x.c                0x00000000   Number         0  system_stm32f10x.o ABSOLUTE
    word\24c02\24c16.c                       0x00000000   Number         0  24c16.o ABSOLUTE
    word\device\device.c                     0x00000000   Number         0  device.o ABSOLUTE
    word\md5\md5.c                           0x00000000   Number         0  md5.o ABSOLUTE
    word\socket\socket.c                     0x00000000   Number         0  socket.o ABSOLUTE
    word\spi\spi2.c                          0x00000000   Number         0  spi2.o ABSOLUTE
    word\ult\ult.c                           0x00000000   Number         0  ult.o ABSOLUTE
    word\usart\usart.c                       0x00000000   Number         0  usart.o ABSOLUTE
    word\w5500\w5500.c                       0x00000000   Number         0  w5500.o ABSOLUTE
    RESET                                    0x08000000   Section      304  startup_stm32f10x_hd.o(RESET)
    .ARM.Collect$$$$00000000                 0x08000130   Section        0  entry.o(.ARM.Collect$$$$00000000)
    .ARM.Collect$$$$00000001                 0x08000130   Section        4  entry2.o(.ARM.Collect$$$$00000001)
    .ARM.Collect$$$$00000004                 0x08000134   Section        4  entry5.o(.ARM.Collect$$$$00000004)
    .ARM.Collect$$$$00000008                 0x08000138   Section        0  entry7b.o(.ARM.Collect$$$$00000008)
    .ARM.Collect$$$$0000000A                 0x08000138   Section        0  entry8b.o(.ARM.Collect$$$$0000000A)
    .ARM.Collect$$$$0000000B                 0x08000138   Section        8  entry9a.o(.ARM.Collect$$$$0000000B)
    .ARM.Collect$$$$0000000D                 0x08000140   Section        0  entry10a.o(.ARM.Collect$$$$0000000D)
    .ARM.Collect$$$$0000000F                 0x08000140   Section        0  entry11a.o(.ARM.Collect$$$$0000000F)
    .ARM.Collect$$$$00002712                 0x08000140   Section        4  entry2.o(.ARM.Collect$$$$00002712)
    __lit__00000000                          0x08000140   Data           4  entry2.o(.ARM.Collect$$$$00002712)
    .text                                    0x08000144   Section        0  main.o(.text)
    .text                                    0x080002dc   Section       36  startup_stm32f10x_hd.o(.text)
    .text                                    0x08000300   Section        0  system_stm32f10x.o(.text)
    SetSysClockTo72                          0x08000301   Thumb Code   214  system_stm32f10x.o(.text)
    SetSysClock                              0x080003d7   Thumb Code     8  system_stm32f10x.o(.text)
    .text                                    0x080004e0   Section        0  misc.o(.text)
    .text                                    0x080005bc   Section        0  stm32f10x_gpio.o(.text)
    .text                                    0x08000918   Section        0  stm32f10x_rcc.o(.text)
    .text                                    0x08000cbc   Section        0  stm32f10x_spi.o(.text)
    .text                                    0x08000fc8   Section        0  stm32f10x_usart.o(.text)
    .text                                    0x080013d0   Section        0  w5500.o(.text)
    .text                                    0x0800199c   Section        0  24c16.o(.text)
    .text                                    0x08001c0c   Section        0  socket.o(.text)
    .text                                    0x080022ac   Section        0  spi2.o(.text)
    .text                                    0x080023a8   Section        0  ult.o(.text)
    .text                                    0x08002654   Section        0  device.o(.text)
    .text                                    0x0800292c   Section        0  usart.o(.text)
    .text                                    0x08002a94   Section        0  memseta.o(.text)
    .text                                    0x08002ab8   Section        0  strstr.o(.text)
    .text                                    0x08002adc   Section        0  strncpy.o(.text)
    .text                                    0x08002af4   Section        0  strlen.o(.text)
    .text                                    0x08002b02   Section        0  strcpy.o(.text)
    .text                                    0x08002b14   Section        0  strtok.o(.text)
    .text                                    0x08002b58   Section        0  uidiv.o(.text)
    .text                                    0x08002b84   Section       36  init.o(.text)
    i.__0printf$3                            0x08002ba8   Section        0  printf3.o(i.__0printf$3)
    i.__scatterload_copy                     0x08002bc8   Section       14  handlers.o(i.__scatterload_copy)
    i.__scatterload_null                     0x08002bd6   Section        2  handlers.o(i.__scatterload_null)
    i.__scatterload_zeroinit                 0x08002bd8   Section       14  handlers.o(i.__scatterload_zeroinit)
    i._printf_core                           0x08002be8   Section        0  printf3.o(i._printf_core)
    _printf_core                             0x08002be9   Thumb Code   436  printf3.o(i._printf_core)
    .data                                    0x20000000   Section       20  system_stm32f10x.o(.data)
    .data                                    0x20000014   Section       20  stm32f10x_rcc.o(.data)
    APBAHBPrescTable                         0x20000014   Data          16  stm32f10x_rcc.o(.data)
    ADCPrescTable                            0x20000024   Data           4  stm32f10x_rcc.o(.data)
    .data                                    0x20000028   Section        8  w5500.o(.data)
    I_STATUS                                 0x20000028   Data           8  w5500.o(.data)
    .data                                    0x20000030   Section        2  socket.o(.data)
    local_port                               0x20000030   Data           2  socket.o(.data)
    .data                                    0x20000032   Section        4  ult.o(.data)
    fac_us                                   0x20000032   Data           1  ult.o(.data)
    fac_ms                                   0x20000034   Data           2  ult.o(.data)
    .data                                    0x20000036   Section       16  device.o(.data)
    .data                                    0x20000046   Section        2  usart.o(.data)
    .data                                    0x20000048   Section        4  strtok.o(.data)
    state                                    0x20000048   Data           4  strtok.o(.data)
    .data                                    0x2000004c   Section        4  stdout.o(.data)
    .bss                                     0x20000050   Section     2048  main.o(.bss)
    .bss                                     0x20000850   Section       32  w5500.o(.bss)
    SSIZE                                    0x20000850   Data          16  w5500.o(.bss)
    RSIZE                                    0x20000860   Data          16  w5500.o(.bss)
    .bss                                     0x20000870   Section     1526  device.o(.bss)
    .bss                                     0x20000e66   Section      200  usart.o(.bss)
    STACK                                    0x20000f30   Section     1024  startup_stm32f10x_hd.o(STACK)

    Global Symbols

    Symbol Name                              Value     Ov Type        Size  Object(Section)

    BuildAttributes$$THM_ISAv4$P$D$K$B$S$PE$A:L22UL41UL21$X:L11$S22US41US21$IEEE1$IW$USESV6$~STKCKD$USESV7$~SHL$OSPACE$ROPI$EBA8$MICROLIB$REQ8$PRES8$EABIv2 0x00000000   Number         0  anon$$obj.o ABSOLUTE
    __ARM_use_no_argv                        0x00000000   Number         0  main.o ABSOLUTE
    _printf_a                                0x00000000   Number         0  stubs.o ABSOLUTE
    _printf_c                                0x00000000   Number         0  stubs.o ABSOLUTE
    _printf_charcount                        0x00000000   Number         0  stubs.o ABSOLUTE
    _printf_d                                0x00000000   Number         0  stubs.o ABSOLUTE
    _printf_e                                0x00000000   Number         0  stubs.o ABSOLUTE
    _printf_f                                0x00000000   Number         0  stubs.o ABSOLUTE
    _printf_flags                            0x00000000   Number         0  stubs.o ABSOLUTE
    _printf_fp_dec                           0x00000000   Number         0  stubs.o ABSOLUTE
    _printf_fp_hex                           0x00000000   Number         0  stubs.o ABSOLUTE
    _printf_g                                0x00000000   Number         0  stubs.o ABSOLUTE
    _printf_i                                0x00000000   Number         0  stubs.o ABSOLUTE
    _printf_int_dec                          0x00000000   Number         0  stubs.o ABSOLUTE
    _printf_l                                0x00000000   Number         0  stubs.o ABSOLUTE
    _printf_lc                               0x00000000   Number         0  stubs.o ABSOLUTE
    _printf_ll                               0x00000000   Number         0  stubs.o ABSOLUTE
    _printf_lld                              0x00000000   Number         0  stubs.o ABSOLUTE
    _printf_lli                              0x00000000   Number         0  stubs.o ABSOLUTE
    _printf_llo                              0x00000000   Number         0  stubs.o ABSOLUTE
    _printf_llu                              0x00000000   Number         0  stubs.o ABSOLUTE
    _printf_llx                              0x00000000   Number         0  stubs.o ABSOLUTE
    _printf_longlong_dec                     0x00000000   Number         0  stubs.o ABSOLUTE
    _printf_longlong_hex                     0x00000000   Number         0  stubs.o ABSOLUTE
    _printf_longlong_oct                     0x00000000   Number         0  stubs.o ABSOLUTE
    _printf_ls                               0x00000000   Number         0  stubs.o ABSOLUTE
    _printf_mbtowc                           0x00000000   Number         0  stubs.o ABSOLUTE
    _printf_n                                0x00000000   Number         0  stubs.o ABSOLUTE
    _printf_o                                0x00000000   Number         0  stubs.o ABSOLUTE
    _printf_p                                0x00000000   Number         0  stubs.o ABSOLUTE
    _printf_percent                          0x00000000   Number         0  stubs.o ABSOLUTE
    _printf_pre_padding                      0x00000000   Number         0  stubs.o ABSOLUTE
    _printf_return_value                     0x00000000   Number         0  stubs.o ABSOLUTE
    _printf_s                                0x00000000   Number         0  stubs.o ABSOLUTE
    _printf_sizespec                         0x00000000   Number         0  stubs.o ABSOLUTE
    _printf_str                              0x00000000   Number         0  stubs.o ABSOLUTE
    _printf_truncate_signed                  0x00000000   Number         0  stubs.o ABSOLUTE
    _printf_truncate_unsigned                0x00000000   Number         0  stubs.o ABSOLUTE
    _printf_u                                0x00000000   Number         0  stubs.o ABSOLUTE
    _printf_wc                               0x00000000   Number         0  stubs.o ABSOLUTE
    _printf_wctomb                           0x00000000   Number         0  stubs.o ABSOLUTE
    _printf_widthprec                        0x00000000   Number         0  stubs.o ABSOLUTE
    _printf_x                                0x00000000   Number         0  stubs.o ABSOLUTE
    __cpp_initialize__aeabi_                  - Undefined Weak Reference
    __cxa_finalize                            - Undefined Weak Reference
    __decompress                              - Undefined Weak Reference
    _clock_init                               - Undefined Weak Reference
    _microlib_exit                            - Undefined Weak Reference
    __Vectors_Size                           0x00000130   Number         0  startup_stm32f10x_hd.o ABSOLUTE
    __Vectors                                0x08000000   Data           4  startup_stm32f10x_hd.o(RESET)
    __Vectors_End                            0x08000130   Data           0  startup_stm32f10x_hd.o(RESET)
    __main                                   0x08000131   Thumb Code     0  entry.o(.ARM.Collect$$$$00000000)
    _main_stk                                0x08000131   Thumb Code     0  entry2.o(.ARM.Collect$$$$00000001)
    _main_scatterload                        0x08000135   Thumb Code     0  entry5.o(.ARM.Collect$$$$00000004)
    __main_after_scatterload                 0x08000139   Thumb Code     0  entry5.o(.ARM.Collect$$$$00000004)
    _main_clock                              0x08000139   Thumb Code     0  entry7b.o(.ARM.Collect$$$$00000008)
    _main_cpp_init                           0x08000139   Thumb Code     0  entry8b.o(.ARM.Collect$$$$0000000A)
    _main_init                               0x08000139   Thumb Code     0  entry9a.o(.ARM.Collect$$$$0000000B)
    __rt_final_cpp                           0x08000141   Thumb Code     0  entry10a.o(.ARM.Collect$$$$0000000D)
    __rt_final_exit                          0x08000141   Thumb Code     0  entry11a.o(.ARM.Collect$$$$0000000F)
    main                                     0x08000145   Thumb Code   274  main.o(.text)
    Reset_Handler                            0x080002dd   Thumb Code     8  startup_stm32f10x_hd.o(.text)
    NMI_Handler                              0x080002e5   Thumb Code     2  startup_stm32f10x_hd.o(.text)
    HardFault_Handler                        0x080002e7   Thumb Code     2  startup_stm32f10x_hd.o(.text)
    MemManage_Handler                        0x080002e9   Thumb Code     2  startup_stm32f10x_hd.o(.text)
    BusFault_Handler                         0x080002eb   Thumb Code     2  startup_stm32f10x_hd.o(.text)
    UsageFault_Handler                       0x080002ed   Thumb Code     2  startup_stm32f10x_hd.o(.text)
    SVC_Handler                              0x080002ef   Thumb Code     2  startup_stm32f10x_hd.o(.text)
    DebugMon_Handler                         0x080002f1   Thumb Code     2  startup_stm32f10x_hd.o(.text)
    PendSV_Handler                           0x080002f3   Thumb Code     2  startup_stm32f10x_hd.o(.text)
    SysTick_Handler                          0x080002f5   Thumb Code     2  startup_stm32f10x_hd.o(.text)
    ADC1_2_IRQHandler                        0x080002f7   Thumb Code     0  startup_stm32f10x_hd.o(.text)
    ADC3_IRQHandler                          0x080002f7   Thumb Code     0  startup_stm32f10x_hd.o(.text)
    CAN1_RX1_IRQHandler                      0x080002f7   Thumb Code     0  startup_stm32f10x_hd.o(.text)
    CAN1_SCE_IRQHandler                      0x080002f7   Thumb Code     0  startup_stm32f10x_hd.o(.text)
    DMA1_Channel1_IRQHandler                 0x080002f7   Thumb Code     0  startup_stm32f10x_hd.o(.text)
    DMA1_Channel2_IRQHandler                 0x080002f7   Thumb Code     0  startup_stm32f10x_hd.o(.text)
    DMA1_Channel3_IRQHandler                 0x080002f7   Thumb Code     0  startup_stm32f10x_hd.o(.text)
    DMA1_Channel4_IRQHandler                 0x080002f7   Thumb Code     0  startup_stm32f10x_hd.o(.text)
    DMA1_Channel5_IRQHandler                 0x080002f7   Thumb Code     0  startup_stm32f10x_hd.o(.text)
    DMA1_Channel6_IRQHandler                 0x080002f7   Thumb Code     0  startup_stm32f10x_hd.o(.text)
    DMA1_Channel7_IRQHandler                 0x080002f7   Thumb Code     0  startup_stm32f10x_hd.o(.text)
    DMA2_Channel1_IRQHandler                 0x080002f7   Thumb Code     0  startup_stm32f10x_hd.o(.text)
    DMA2_Channel2_IRQHandler                 0x080002f7   Thumb Code     0  startup_stm32f10x_hd.o(.text)
    DMA2_Channel3_IRQHandler                 0x080002f7   Thumb Code     0  startup_stm32f10x_hd.o(.text)
    DMA2_Channel4_5_IRQHandler               0x080002f7   Thumb Code     0  startup_stm32f10x_hd.o(.text)
    EXTI0_IRQHandler                         0x080002f7   Thumb Code     0  startup_stm32f10x_hd.o(.text)
    EXTI15_10_IRQHandler                     0x080002f7   Thumb Code     0  startup_stm32f10x_hd.o(.text)
    EXTI1_IRQHandler                         0x080002f7   Thumb Code     0  startup_stm32f10x_hd.o(.text)
    EXTI2_IRQHandler                         0x080002f7   Thumb Code     0  startup_stm32f10x_hd.o(.text)
    EXTI3_IRQHandler                         0x080002f7   Thumb Code     0  startup_stm32f10x_hd.o(.text)
    EXTI4_IRQHandler                         0x080002f7   Thumb Code     0  startup_stm32f10x_hd.o(.text)
    EXTI9_5_IRQHandler                       0x080002f7   Thumb Code     0  startup_stm32f10x_hd.o(.text)
    FLASH_IRQHandler                         0x080002f7   Thumb Code     0  startup_stm32f10x_hd.o(.text)
    FSMC_IRQHandler                          0x080002f7   Thumb Code     0  startup_stm32f10x_hd.o(.text)
    I2C1_ER_IRQHandler                       0x080002f7   Thumb Code     0  startup_stm32f10x_hd.o(.text)
    I2C1_EV_IRQHandler                       0x080002f7   Thumb Code     0  startup_stm32f10x_hd.o(.text)
    I2C2_ER_IRQHandler                       0x080002f7   Thumb Code     0  startup_stm32f10x_hd.o(.text)
    I2C2_EV_IRQHandler                       0x080002f7   Thumb Code     0  startup_stm32f10x_hd.o(.text)
    PVD_IRQHandler                           0x080002f7   Thumb Code     0  startup_stm32f10x_hd.o(.text)
    RCC_IRQHandler                           0x080002f7   Thumb Code     0  startup_stm32f10x_hd.o(.text)
    RTCAlarm_IRQHandler                      0x080002f7   Thumb Code     0  startup_stm32f10x_hd.o(.text)
    RTC_IRQHandler                           0x080002f7   Thumb Code     0  startup_stm32f10x_hd.o(.text)
    SDIO_IRQHandler                          0x080002f7   Thumb Code     0  startup_stm32f10x_hd.o(.text)
    SPI1_IRQHandler                          0x080002f7   Thumb Code     0  startup_stm32f10x_hd.o(.text)
    SPI2_IRQHandler                          0x080002f7   Thumb Code     0  startup_stm32f10x_hd.o(.text)
    SPI3_IRQHandler                          0x080002f7   Thumb Code     0  startup_stm32f10x_hd.o(.text)
    TAMPER_IRQHandler                        0x080002f7   Thumb Code     0  startup_stm32f10x_hd.o(.text)
    TIM1_BRK_IRQHandler                      0x080002f7   Thumb Code     0  startup_stm32f10x_hd.o(.text)
    TIM1_CC_IRQHandler                       0x080002f7   Thumb Code     0  startup_stm32f10x_hd.o(.text)
    TIM1_TRG_COM_IRQHandler                  0x080002f7   Thumb Code     0  startup_stm32f10x_hd.o(.text)
    TIM1_UP_IRQHandler                       0x080002f7   Thumb Code     0  startup_stm32f10x_hd.o(.text)
    TIM2_IRQHandler                          0x080002f7   Thumb Code     0  startup_stm32f10x_hd.o(.text)
    TIM3_IRQHandler                          0x080002f7   Thumb Code     0  startup_stm32f10x_hd.o(.text)
    TIM4_IRQHandler                          0x080002f7   Thumb Code     0  startup_stm32f10x_hd.o(.text)
    TIM5_IRQHandler                          0x080002f7   Thumb Code     0  startup_stm32f10x_hd.o(.text)
    TIM6_IRQHandler                          0x080002f7   Thumb Code     0  startup_stm32f10x_hd.o(.text)
    TIM7_IRQHandler                          0x080002f7   Thumb Code     0  startup_stm32f10x_hd.o(.text)
    TIM8_BRK_IRQHandler                      0x080002f7   Thumb Code     0  startup_stm32f10x_hd.o(.text)
    TIM8_CC_IRQHandler                       0x080002f7   Thumb Code     0  startup_stm32f10x_hd.o(.text)
    TIM8_TRG_COM_IRQHandler                  0x080002f7   Thumb Code     0  startup_stm32f10x_hd.o(.text)
    TIM8_UP_IRQHandler                       0x080002f7   Thumb Code     0  startup_stm32f10x_hd.o(.text)
    UART4_IRQHandler                         0x080002f7   Thumb Code     0  startup_stm32f10x_hd.o(.text)
    UART5_IRQHandler                         0x080002f7   Thumb Code     0  startup_stm32f10x_hd.o(.text)
    USART2_IRQHandler                        0x080002f7   Thumb Code     0  startup_stm32f10x_hd.o(.text)
    USART3_IRQHandler                        0x080002f7   Thumb Code     0  startup_stm32f10x_hd.o(.text)
    USBWakeUp_IRQHandler                     0x080002f7   Thumb Code     0  startup_stm32f10x_hd.o(.text)
    USB_HP_CAN1_TX_IRQHandler                0x080002f7   Thumb Code     0  startup_stm32f10x_hd.o(.text)
    USB_LP_CAN1_RX0_IRQHandler               0x080002f7   Thumb Code     0  startup_stm32f10x_hd.o(.text)
    WWDG_IRQHandler                          0x080002f7   Thumb Code     0  startup_stm32f10x_hd.o(.text)
    SystemInit                               0x080003df   Thumb Code    78  system_stm32f10x.o(.text)
    SystemCoreClockUpdate                    0x0800042d   Thumb Code   142  system_stm32f10x.o(.text)
    NVIC_PriorityGroupConfig                 0x080004e1   Thumb Code    10  misc.o(.text)
    NVIC_Init                                0x080004eb   Thumb Code   100  misc.o(.text)
    NVIC_SetVectorTable                      0x0800054f   Thumb Code    14  misc.o(.text)
    NVIC_SystemLPConfig                      0x0800055d   Thumb Code    34  misc.o(.text)
    SysTick_CLKSourceConfig                  0x0800057f   Thumb Code    40  misc.o(.text)
    GPIO_DeInit                              0x080005bd   Thumb Code   172  stm32f10x_gpio.o(.text)
    GPIO_AFIODeInit                          0x08000669   Thumb Code    20  stm32f10x_gpio.o(.text)
    GPIO_Init                                0x0800067d   Thumb Code   278  stm32f10x_gpio.o(.text)
    GPIO_StructInit                          0x08000793   Thumb Code    16  stm32f10x_gpio.o(.text)
    GPIO_ReadInputDataBit                    0x080007a3   Thumb Code    18  stm32f10x_gpio.o(.text)
    GPIO_ReadInputData                       0x080007b5   Thumb Code     8  stm32f10x_gpio.o(.text)
    GPIO_ReadOutputDataBit                   0x080007bd   Thumb Code    18  stm32f10x_gpio.o(.text)
    GPIO_ReadOutputData                      0x080007cf   Thumb Code     8  stm32f10x_gpio.o(.text)
    GPIO_SetBits                             0x080007d7   Thumb Code     4  stm32f10x_gpio.o(.text)
    GPIO_ResetBits                           0x080007db   Thumb Code     4  stm32f10x_gpio.o(.text)
    GPIO_WriteBit                            0x080007df   Thumb Code    10  stm32f10x_gpio.o(.text)
    GPIO_Write                               0x080007e9   Thumb Code     4  stm32f10x_gpio.o(.text)
    GPIO_PinLockConfig                       0x080007ed   Thumb Code    18  stm32f10x_gpio.o(.text)
    GPIO_EventOutputConfig                   0x080007ff   Thumb Code    26  stm32f10x_gpio.o(.text)
    GPIO_EventOutputCmd                      0x08000819   Thumb Code     6  stm32f10x_gpio.o(.text)
    GPIO_PinRemapConfig                      0x0800081f   Thumb Code   138  stm32f10x_gpio.o(.text)
    GPIO_EXTILineConfig                      0x080008a9   Thumb Code    66  stm32f10x_gpio.o(.text)
    GPIO_ETH_MediaInterfaceConfig            0x080008eb   Thumb Code     8  stm32f10x_gpio.o(.text)
    RCC_DeInit                               0x08000919   Thumb Code    64  stm32f10x_rcc.o(.text)
    RCC_HSEConfig                            0x08000959   Thumb Code    70  stm32f10x_rcc.o(.text)
    RCC_GetFlagStatus                        0x0800099f   Thumb Code    56  stm32f10x_rcc.o(.text)
    RCC_WaitForHSEStartUp                    0x080009d7   Thumb Code    56  stm32f10x_rcc.o(.text)
    RCC_AdjustHSICalibrationValue            0x08000a0f   Thumb Code    20  stm32f10x_rcc.o(.text)
    RCC_HSICmd                               0x08000a23   Thumb Code     6  stm32f10x_rcc.o(.text)
    RCC_PLLConfig                            0x08000a29   Thumb Code    24  stm32f10x_rcc.o(.text)
    RCC_PLLCmd                               0x08000a41   Thumb Code     6  stm32f10x_rcc.o(.text)
    RCC_SYSCLKConfig                         0x08000a47   Thumb Code    18  stm32f10x_rcc.o(.text)
    RCC_GetSYSCLKSource                      0x08000a59   Thumb Code    10  stm32f10x_rcc.o(.text)
    RCC_HCLKConfig                           0x08000a63   Thumb Code    18  stm32f10x_rcc.o(.text)
    RCC_PCLK1Config                          0x08000a75   Thumb Code    18  stm32f10x_rcc.o(.text)
    RCC_PCLK2Config                          0x08000a87   Thumb Code    20  stm32f10x_rcc.o(.text)
    RCC_ITConfig                             0x08000a9b   Thumb Code    26  stm32f10x_rcc.o(.text)
    RCC_USBCLKConfig                         0x08000ab5   Thumb Code     8  stm32f10x_rcc.o(.text)
    RCC_ADCCLKConfig                         0x08000abd   Thumb Code    18  stm32f10x_rcc.o(.text)
    RCC_LSEConfig                            0x08000acf   Thumb Code    50  stm32f10x_rcc.o(.text)
    RCC_LSICmd                               0x08000b01   Thumb Code     6  stm32f10x_rcc.o(.text)
    RCC_RTCCLKConfig                         0x08000b07   Thumb Code    12  stm32f10x_rcc.o(.text)
    RCC_RTCCLKCmd                            0x08000b13   Thumb Code     8  stm32f10x_rcc.o(.text)
    RCC_GetClocksFreq                        0x08000b1b   Thumb Code   192  stm32f10x_rcc.o(.text)
    RCC_AHBPeriphClockCmd                    0x08000bdb   Thumb Code    26  stm32f10x_rcc.o(.text)
    RCC_APB2PeriphClockCmd                   0x08000bf5   Thumb Code    26  stm32f10x_rcc.o(.text)
    RCC_APB1PeriphClockCmd                   0x08000c0f   Thumb Code    26  stm32f10x_rcc.o(.text)
    RCC_APB2PeriphResetCmd                   0x08000c29   Thumb Code    26  stm32f10x_rcc.o(.text)
    RCC_APB1PeriphResetCmd                   0x08000c43   Thumb Code    26  stm32f10x_rcc.o(.text)
    RCC_BackupResetCmd                       0x08000c5d   Thumb Code     8  stm32f10x_rcc.o(.text)
    RCC_ClockSecuritySystemCmd               0x08000c65   Thumb Code     6  stm32f10x_rcc.o(.text)
    RCC_MCOConfig                            0x08000c6b   Thumb Code     6  stm32f10x_rcc.o(.text)
    RCC_ClearFlag                            0x08000c71   Thumb Code    14  stm32f10x_rcc.o(.text)
    RCC_GetITStatus                          0x08000c7f   Thumb Code    20  stm32f10x_rcc.o(.text)
    RCC_ClearITPendingBit                    0x08000c93   Thumb Code     6  stm32f10x_rcc.o(.text)
    SPI_I2S_DeInit                           0x08000cbd   Thumb Code    76  stm32f10x_spi.o(.text)
    SPI_Init                                 0x08000d09   Thumb Code    60  stm32f10x_spi.o(.text)
    I2S_Init                                 0x08000d45   Thumb Code   226  stm32f10x_spi.o(.text)
    SPI_StructInit                           0x08000e27   Thumb Code    24  stm32f10x_spi.o(.text)
    I2S_StructInit                           0x08000e3f   Thumb Code    20  stm32f10x_spi.o(.text)
    SPI_Cmd                                  0x08000e53   Thumb Code    24  stm32f10x_spi.o(.text)
    I2S_Cmd                                  0x08000e6b   Thumb Code    24  stm32f10x_spi.o(.text)
    SPI_I2S_ITConfig                         0x08000e83   Thumb Code    32  stm32f10x_spi.o(.text)
    SPI_I2S_DMACmd                           0x08000ea3   Thumb Code    18  stm32f10x_spi.o(.text)
    SPI_I2S_SendData                         0x08000eb5   Thumb Code     4  stm32f10x_spi.o(.text)
    SPI_I2S_ReceiveData                      0x08000eb9   Thumb Code     6  stm32f10x_spi.o(.text)
    SPI_NSSInternalSoftwareConfig            0x08000ebf   Thumb Code    30  stm32f10x_spi.o(.text)
    SPI_SSOutputCmd                          0x08000edd   Thumb Code    24  stm32f10x_spi.o(.text)
    SPI_DataSizeConfig                       0x08000ef5   Thumb Code    18  stm32f10x_spi.o(.text)
    SPI_TransmitCRC                          0x08000f07   Thumb Code    10  stm32f10x_spi.o(.text)
    SPI_CalculateCRC                         0x08000f11   Thumb Code    24  stm32f10x_spi.o(.text)
    SPI_GetCRC                               0x08000f29   Thumb Code    16  stm32f10x_spi.o(.text)
    SPI_GetCRCPolynomial                     0x08000f39   Thumb Code     6  stm32f10x_spi.o(.text)
    SPI_BiDirectionalLineConfig              0x08000f3f   Thumb Code    28  stm32f10x_spi.o(.text)
    SPI_I2S_GetFlagStatus                    0x08000f5b   Thumb Code    18  stm32f10x_spi.o(.text)
    SPI_I2S_ClearFlag                        0x08000f6d   Thumb Code     6  stm32f10x_spi.o(.text)
    SPI_I2S_GetITStatus                      0x08000f73   Thumb Code    52  stm32f10x_spi.o(.text)
    SPI_I2S_ClearITPendingBit                0x08000fa7   Thumb Code    20  stm32f10x_spi.o(.text)
    USART_DeInit                             0x08000fc9   Thumb Code   134  stm32f10x_usart.o(.text)
    USART_Init                               0x0800104f   Thumb Code   210  stm32f10x_usart.o(.text)
    USART_StructInit                         0x08001121   Thumb Code    24  stm32f10x_usart.o(.text)
    USART_ClockInit                          0x08001139   Thumb Code    34  stm32f10x_usart.o(.text)
    USART_ClockStructInit                    0x0800115b   Thumb Code    12  stm32f10x_usart.o(.text)
    USART_Cmd                                0x08001167   Thumb Code    24  stm32f10x_usart.o(.text)
    USART_ITConfig                           0x0800117f   Thumb Code    74  stm32f10x_usart.o(.text)
    USART_DMACmd                             0x080011c9   Thumb Code    18  stm32f10x_usart.o(.text)
    USART_SetAddress                         0x080011db   Thumb Code    18  stm32f10x_usart.o(.text)
    USART_WakeUpConfig                       0x080011ed   Thumb Code    18  stm32f10x_usart.o(.text)
    USART_ReceiverWakeUpCmd                  0x080011ff   Thumb Code    24  stm32f10x_usart.o(.text)
    USART_LINBreakDetectLengthConfig         0x08001217   Thumb Code    18  stm32f10x_usart.o(.text)
    USART_LINCmd                             0x08001229   Thumb Code    24  stm32f10x_usart.o(.text)
    USART_SendData                           0x08001241   Thumb Code     8  stm32f10x_usart.o(.text)
    USART_ReceiveData                        0x08001249   Thumb Code    10  stm32f10x_usart.o(.text)
    USART_SendBreak                          0x08001253   Thumb Code    10  stm32f10x_usart.o(.text)
    USART_SetGuardTime                       0x0800125d   Thumb Code    16  stm32f10x_usart.o(.text)
    USART_SetPrescaler                       0x0800126d   Thumb Code    16  stm32f10x_usart.o(.text)
    USART_SmartCardCmd                       0x0800127d   Thumb Code    24  stm32f10x_usart.o(.text)
    USART_SmartCardNACKCmd                   0x08001295   Thumb Code    24  stm32f10x_usart.o(.text)
    USART_HalfDuplexCmd                      0x080012ad   Thumb Code    24  stm32f10x_usart.o(.text)
    USART_OverSampling8Cmd                   0x080012c5   Thumb Code    22  stm32f10x_usart.o(.text)
    USART_OneBitMethodCmd                    0x080012db   Thumb Code    24  stm32f10x_usart.o(.text)
    USART_IrDAConfig                         0x080012f3   Thumb Code    18  stm32f10x_usart.o(.text)
    USART_IrDACmd                            0x08001305   Thumb Code    24  stm32f10x_usart.o(.text)
    USART_GetFlagStatus                      0x0800131d   Thumb Code    26  stm32f10x_usart.o(.text)
    USART_ClearFlag                          0x08001337   Thumb Code    18  stm32f10x_usart.o(.text)
    USART_GetITStatus                        0x08001349   Thumb Code    84  stm32f10x_usart.o(.text)
    USART_ClearITPendingBit                  0x0800139d   Thumb Code    52  stm32f10x_usart.o(.text)
    getISR                                   0x080013d1   Thumb Code     8  w5500.o(.text)
    putISR                                   0x080013d9   Thumb Code     6  w5500.o(.text)
    getIINCHIP_RxMAX                         0x080013df   Thumb Code    10  w5500.o(.text)
    getIINCHIP_TxMAX                         0x080013e9   Thumb Code    10  w5500.o(.text)
    IINCHIP_CSoff                            0x080013f3   Thumb Code    10  w5500.o(.text)
    IINCHIP_CSon                             0x080013fd   Thumb Code    10  w5500.o(.text)
    IINCHIP_SpiSendData                      0x08001407   Thumb Code    12  w5500.o(.text)
    IINCHIP_WRITE                            0x08001413   Thumb Code    50  w5500.o(.text)
    IINCHIP_READ                             0x08001445   Thumb Code    50  w5500.o(.text)
    wiz_write_buf                            0x08001477   Thumb Code    80  w5500.o(.text)
    wiz_read_buf                             0x080014c7   Thumb Code    78  w5500.o(.text)
    setMR                                    0x08001515   Thumb Code    14  w5500.o(.text)
    iinchip_init                             0x08001523   Thumb Code    10  w5500.o(.text)
    sysinit                                  0x0800152d   Thumb Code   302  w5500.o(.text)
    setGAR                                   0x0800165b   Thumb Code    16  w5500.o(.text)
    getGWIP                                  0x0800166b   Thumb Code    16  w5500.o(.text)
    setSUBR                                  0x0800167b   Thumb Code    18  w5500.o(.text)
    setSHAR                                  0x0800168d   Thumb Code    18  w5500.o(.text)
    setSIPR                                  0x0800169f   Thumb Code    18  w5500.o(.text)
    setkeepalive                             0x080016b1   Thumb Code    20  w5500.o(.text)
    getGAR                                   0x080016c5   Thumb Code    16  w5500.o(.text)
    getSUBR                                  0x080016d5   Thumb Code    18  w5500.o(.text)
    getSHAR                                  0x080016e7   Thumb Code    18  w5500.o(.text)
    getSIPR                                  0x080016f9   Thumb Code    18  w5500.o(.text)
    getIR                                    0x0800170b   Thumb Code    12  w5500.o(.text)
    setRTR                                   0x08001717   Thumb Code    26  w5500.o(.text)
    setRCR                                   0x08001731   Thumb Code    16  w5500.o(.text)
    clearIR                                  0x08001741   Thumb Code    26  w5500.o(.text)
    setSn_MSS                                0x0800175b   Thumb Code    36  w5500.o(.text)
    setSn_TTL                                0x0800177f   Thumb Code    22  w5500.o(.text)
    getSn_IR                                 0x08001795   Thumb Code    18  w5500.o(.text)
    getSn_SR                                 0x080017a7   Thumb Code    54  w5500.o(.text)
    getSn_TX_FSR                             0x080017dd   Thumb Code    84  w5500.o(.text)
    getSn_RX_RSR                             0x08001831   Thumb Code    84  w5500.o(.text)
    send_data_processing                     0x08001885   Thumb Code   108  w5500.o(.text)
    recv_data_processing                     0x080018f1   Thumb Code   116  w5500.o(.text)
    setSn_IR                                 0x08001965   Thumb Code    22  w5500.o(.text)
    at24c16_init                             0x0800199d   Thumb Code    56  24c16.o(.text)
    at24c16_start                            0x080019d5   Thumb Code    42  24c16.o(.text)
    at24c16_stop                             0x080019ff   Thumb Code    34  24c16.o(.text)
    write_1byte                              0x08001a21   Thumb Code   112  24c16.o(.text)
    read_1byte                               0x08001a91   Thumb Code   100  24c16.o(.text)
    clock                                    0x08001af5   Thumb Code    56  24c16.o(.text)
    at24c16_write                            0x08001b2d   Thumb Code    80  24c16.o(.text)
    at24c16_read                             0x08001b7d   Thumb Code    70  24c16.o(.text)
    eep_block_write                          0x08001bc3   Thumb Code    40  24c16.o(.text)
    erase_eeprom                             0x08001beb   Thumb Code    30  24c16.o(.text)
    close                                    0x08001c0d   Thumb Code    52  socket.o(.text)
    socket                                   0x08001c41   Thumb Code   192  socket.o(.text)
    listen                                   0x08001d01   Thumb Code    62  socket.o(.text)
    connect                                  0x08001d3f   Thumb Code   248  socket.o(.text)
    disconnect                               0x08001e37   Thumb Code    38  socket.o(.text)
    send                                     0x08001e5d   Thumb Code   216  socket.o(.text)
    recv                                     0x08001f35   Thumb Code    66  socket.o(.text)
    sendto                                   0x08001f77   Thumb Code   268  socket.o(.text)
    recvfrom                                 0x08002083   Thumb Code   510  socket.o(.text)
    send_ka                                  0x08002281   Thumb Code    20  socket.o(.text)
    WIZ_SPI_Init                             0x080022ad   Thumb Code   160  spi2.o(.text)
    WIZ_CS                                   0x0800234d   Thumb Code    32  spi2.o(.text)
    SPI2_SendByte                            0x0800236d   Thumb Code    50  spi2.o(.text)
    Systick_Init                             0x080023a9   Thumb Code    56  ult.o(.text)
    Delay_ms                                 0x080023e1   Thumb Code    56  ult.o(.text)
    Delay_s                                  0x08002419   Thumb Code    22  ult.o(.text)
    Delay_us                                 0x0800242f   Thumb Code    56  ult.o(.text)
    C2D                                      0x08002467   Thumb Code    54  ult.o(.text)
    ATOI                                     0x0800249d   Thumb Code    32  ult.o(.text)
    ATOI32                                   0x080024bd   Thumb Code    32  ult.o(.text)
    itoa                                     0x080024dd   Thumb Code    64  ult.o(.text)
    ValidATOI                                0x0800251d   Thumb Code    72  ult.o(.text)
    replacetochar                            0x08002565   Thumb Code    26  ult.o(.text)
    swaps                                    0x0800257f   Thumb Code    14  ult.o(.text)
    swapl                                    0x0800258d   Thumb Code    28  ult.o(.text)
    mid                                      0x080025a9   Thumb Code    68  ult.o(.text)
    inet_addr_                               0x080025ed   Thumb Code    90  ult.o(.text)
    GPIO_Configuration                       0x08002655   Thumb Code   134  device.o(.text)
    Reset_W5500                              0x080026db   Thumb Code    38  device.o(.text)
    reboot                                   0x08002701   Thumb Code    12  device.o(.text)
    set_network                              0x0800270d   Thumb Code   146  device.o(.text)
    set_default                              0x0800279f   Thumb Code   100  device.o(.text)
    write_config_to_eeprom                   0x08002803   Thumb Code    44  device.o(.text)
    get_config                               0x0800282f   Thumb Code    94  device.o(.text)
    NVIC_Configuration                       0x0800288d   Thumb Code    52  device.o(.text)
    USART1_Init                              0x0800292d   Thumb Code   124  usart.o(.text)
    fputc                                    0x080029a9   Thumb Code    32  usart.o(.text)
    USART1_Putc                              0x080029c9   Thumb Code    28  usart.o(.text)
    USART1_Puts                              0x080029e5   Thumb Code    38  usart.o(.text)
    USART1_IRQHandler                        0x08002a0b   Thumb Code   122  usart.o(.text)
    __aeabi_memset                           0x08002a95   Thumb Code    14  memseta.o(.text)
    __aeabi_memset4                          0x08002a95   Thumb Code     0  memseta.o(.text)
    __aeabi_memset8                          0x08002a95   Thumb Code     0  memseta.o(.text)
    __aeabi_memclr                           0x08002aa3   Thumb Code     4  memseta.o(.text)
    __aeabi_memclr4                          0x08002aa3   Thumb Code     0  memseta.o(.text)
    __aeabi_memclr8                          0x08002aa3   Thumb Code     0  memseta.o(.text)
    _memset$wrapper                          0x08002aa7   Thumb Code    18  memseta.o(.text)
    strstr                                   0x08002ab9   Thumb Code    36  strstr.o(.text)
    strncpy                                  0x08002add   Thumb Code    24  strncpy.o(.text)
    strlen                                   0x08002af5   Thumb Code    14  strlen.o(.text)
    strcpy                                   0x08002b03   Thumb Code    18  strcpy.o(.text)
    strtok                                   0x08002b15   Thumb Code    62  strtok.o(.text)
    __aeabi_uidiv                            0x08002b59   Thumb Code     0  uidiv.o(.text)
    __aeabi_uidivmod                         0x08002b59   Thumb Code    44  uidiv.o(.text)
    __scatterload                            0x08002b85   Thumb Code    28  init.o(.text)
    __scatterload_rt2                        0x08002b85   Thumb Code     0  init.o(.text)
    __0printf$3                              0x08002ba9   Thumb Code    22  printf3.o(i.__0printf$3)
    __1printf$3                              0x08002ba9   Thumb Code     0  printf3.o(i.__0printf$3)
    __2printf                                0x08002ba9   Thumb Code     0  printf3.o(i.__0printf$3)
    __scatterload_copy                       0x08002bc9   Thumb Code    14  handlers.o(i.__scatterload_copy)
    __scatterload_null                       0x08002bd7   Thumb Code     2  handlers.o(i.__scatterload_null)
    __scatterload_zeroinit                   0x08002bd9   Thumb Code    14  handlers.o(i.__scatterload_zeroinit)
    Region$$Table$$Base                      0x08002da0   Number         0  anon$$obj.o(Region$$Table)
    Region$$Table$$Limit                     0x08002dc0   Number         0  anon$$obj.o(Region$$Table)
    SystemCoreClock                          0x20000000   Data           4  system_stm32f10x.o(.data)
    AHBPrescTable                            0x20000004   Data          16  system_stm32f10x.o(.data)
    txsize                                   0x20000036   Data           8  device.o(.data)
    rxsize                                   0x2000003e   Data           8  device.o(.data)
    USART_RX_STA                             0x20000046   Data           2  usart.o(.data)
    __stdout                                 0x2000004c   Data           4  stdout.o(.data)
    buffer                                   0x20000050   Data        2048  main.o(.bss)
    ConfigMsg                                0x20000870   Data          33  device.o(.bss)
    RecvMsg                                  0x20000891   Data          33  device.o(.bss)
    pub_buf                                  0x200008b2   Data        1460  device.o(.bss)
    USART_RX_BUF                             0x20000e66   Data         200  usart.o(.bss)
    __initial_sp                             0x20001330   Data           0  startup_stm32f10x_hd.o(STACK)



==============================================================================

Memory Map of the image

  Image Entry point : 0x08000131

  Load Region LR_IROM1 (Base: 0x08000000, Size: 0x00002e10, Max: 0x00040000, ABSOLUTE)

    Execution Region ER_IROM1 (Base: 0x08000000, Size: 0x00002dc0, Max: 0x00040000, ABSOLUTE)

    Base Addr    Size         Type   Attr      Idx    E Section Name        Object

    0x08000000   0x00000130   Data   RO          153    RESET               startup_stm32f10x_hd.o
    0x08000130   0x00000000   Code   RO          523  * .ARM.Collect$$$$00000000  mc_w.l(entry.o)
    0x08000130   0x00000004   Code   RO          807    .ARM.Collect$$$$00000001  mc_w.l(entry2.o)
    0x08000134   0x00000004   Code   RO          810    .ARM.Collect$$$$00000004  mc_w.l(entry5.o)
    0x08000138   0x00000000   Code   RO          812    .ARM.Collect$$$$00000008  mc_w.l(entry7b.o)
    0x08000138   0x00000000   Code   RO          814    .ARM.Collect$$$$0000000A  mc_w.l(entry8b.o)
    0x08000138   0x00000008   Code   RO          815    .ARM.Collect$$$$0000000B  mc_w.l(entry9a.o)
    0x08000140   0x00000000   Code   RO          817    .ARM.Collect$$$$0000000D  mc_w.l(entry10a.o)
    0x08000140   0x00000000   Code   RO          819    .ARM.Collect$$$$0000000F  mc_w.l(entry11a.o)
    0x08000140   0x00000004   Code   RO          808    .ARM.Collect$$$$00002712  mc_w.l(entry2.o)
    0x08000144   0x00000198   Code   RO            1    .text               main.o
    0x080002dc   0x00000024   Code   RO          154    .text               startup_stm32f10x_hd.o
    0x08000300   0x000001e0   Code   RO          158    .text               system_stm32f10x.o
    0x080004e0   0x000000dc   Code   RO          195    .text               misc.o
    0x080005bc   0x0000035c   Code   RO          243    .text               stm32f10x_gpio.o
    0x08000918   0x000003a4   Code   RO          267    .text               stm32f10x_rcc.o
    0x08000cbc   0x0000030c   Code   RO          281    .text               stm32f10x_spi.o
    0x08000fc8   0x00000408   Code   RO          305    .text               stm32f10x_usart.o
    0x080013d0   0x000005cc   Code   RO          329    .text               w5500.o
    0x0800199c   0x00000270   Code   RO          357    .text               24c16.o
    0x08001c0c   0x000006a0   Code   RO          406    .text               socket.o
    0x080022ac   0x000000fc   Code   RO          435    .text               spi2.o
    0x080023a8   0x000002ac   Code   RO          453    .text               ult.o
    0x08002654   0x000002d8   Code   RO          481    .text               device.o
    0x0800292c   0x00000168   Code   RO          504    .text               usart.o
    0x08002a94   0x00000024   Code   RO          528    .text               mc_w.l(memseta.o)
    0x08002ab8   0x00000024   Code   RO          530    .text               mc_w.l(strstr.o)
    0x08002adc   0x00000018   Code   RO          532    .text               mc_w.l(strncpy.o)
    0x08002af4   0x0000000e   Code   RO          534    .text               mc_w.l(strlen.o)
    0x08002b02   0x00000012   Code   RO          536    .text               mc_w.l(strcpy.o)
    0x08002b14   0x00000044   Code   RO          538    .text               mc_w.l(strtok.o)
    0x08002b58   0x0000002c   Code   RO          822    .text               mc_w.l(uidiv.o)
    0x08002b84   0x00000024   Code   RO          837    .text               mc_w.l(init.o)
    0x08002ba8   0x00000020   Code   RO          635    i.__0printf$3       mc_w.l(printf3.o)
    0x08002bc8   0x0000000e   Code   RO          849    i.__scatterload_copy  mc_w.l(handlers.o)
    0x08002bd6   0x00000002   Code   RO          850    i.__scatterload_null  mc_w.l(handlers.o)
    0x08002bd8   0x0000000e   Code   RO          851    i.__scatterload_zeroinit  mc_w.l(handlers.o)
    0x08002be6   0x00000002   PAD
    0x08002be8   0x000001b8   Code   RO          642    i._printf_core      mc_w.l(printf3.o)
    0x08002da0   0x00000020   Data   RO          847    Region$$Table       anon$$obj.o


    Execution Region RW_IRAM1 (Base: 0x20000000, Size: 0x00001330, Max: 0x0000c000, ABSOLUTE)

    Base Addr    Size         Type   Attr      Idx    E Section Name        Object

    0x20000000   0x00000014   Data   RW          159    .data               system_stm32f10x.o
    0x20000014   0x00000014   Data   RW          268    .data               stm32f10x_rcc.o
    0x20000028   0x00000008   Data   RW          331    .data               w5500.o
    0x20000030   0x00000002   Data   RW          407    .data               socket.o
    0x20000032   0x00000004   Data   RW          454    .data               ult.o
    0x20000036   0x00000010   Data   RW          483    .data               device.o
    0x20000046   0x00000002   Data   RW          506    .data               usart.o
    0x20000048   0x00000004   Data   RW          539    .data               mc_w.l(strtok.o)
    0x2000004c   0x00000004   Data   RW          821    .data               mc_w.l(stdout.o)
    0x20000050   0x00000800   Zero   RW            2    .bss                main.o
    0x20000850   0x00000020   Zero   RW          330    .bss                w5500.o
    0x20000870   0x000005f6   Zero   RW          482    .bss                device.o
    0x20000e66   0x000000c8   Zero   RW          505    .bss                usart.o
    0x20000f2e   0x00000002   PAD
    0x20000f30   0x00000400   Zero   RW          151    STACK               startup_stm32f10x_hd.o


==============================================================================

Image component sizes


      Code (inc. data)   RO Data    RW Data    ZI Data      Debug   Object Name

       624          4          0          0          0       3687   24c16.o
         0          0          0          0          0         32   core_cm3.o
       728        108          0         16       1526       4441   device.o
       408        134          0          0       2048     242924   main.o
       220         22          0          0          0       1737   misc.o
      1696         48          0          2          0       5214   socket.o
       252         10          0          0          0        964   spi2.o
        36          8        304          0       1024        788   startup_stm32f10x_hd.o
       860         38          0          0          0       5581   stm32f10x_gpio.o
       932         36          0         20          0       8740   stm32f10x_rcc.o
       780         14          0          0          0       6462   stm32f10x_spi.o
      1032         22          0          0          0       8308   stm32f10x_usart.o
       480         38          0         20          0       1787   system_stm32f10x.o
       684         14          0          4          0       4269   ult.o
       360         16          0          2        200       1966   usart.o
      1484         70          0          8         32       8952   w5500.o

    ----------------------------------------------------------------------
     10576        582        336         72       4832     305852   Object Totals
         0          0         32          0          0          0   (incl. Generated)
         0          0          0          0          2          0   (incl. Padding)

    ----------------------------------------------------------------------

      Code (inc. data)   RO Data    RW Data    ZI Data      Debug   Library Member Name

         0          0          0          0          0          0   entry.o
         0          0          0          0          0          0   entry10a.o
         0          0          0          0          0          0   entry11a.o
         8          4          0          0          0          0   entry2.o
         4          0          0          0          0          0   entry5.o
         0          0          0          0          0          0   entry7b.o
         0          0          0          0          0          0   entry8b.o
         8          4          0          0          0          0   entry9a.o
        30          0          0          0          0          0   handlers.o
        36          8          0          0          0         68   init.o
        36          0          0          0          0        108   memseta.o
       472         14          0          0          0        184   printf3.o
         0          0          0          4          0          0   stdout.o
        18          0          0          0          0         68   strcpy.o
        14          0          0          0          0         68   strlen.o
        24          0          0          0          0         76   strncpy.o
        36          0          0          0          0         80   strstr.o
        68          6          0          4          0         80   strtok.o
        44          0          0          0          0         80   uidiv.o

    ----------------------------------------------------------------------
       800         36          0          8          0        812   Library Totals
         2          0          0          0          0          0   (incl. Padding)

    ----------------------------------------------------------------------

      Code (inc. data)   RO Data    RW Data    ZI Data      Debug   Library Name

       798         36          0          8          0        812   mc_w.l

    ----------------------------------------------------------------------
       800         36          0          8          0        812   Library Totals

    ----------------------------------------------------------------------

==============================================================================


      Code (inc. data)   RO Data    RW Data    ZI Data      Debug   

     11376        618        336         80       4832     305152   Grand Totals
     11376        618        336         80       4832     305152   ELF Image Totals
     11376        618        336         80          0          0   ROM Totals

==============================================================================

    Total RO  Size (Code + RO Data)                11712 (  11.44kB)
    Total RW  Size (RW Data + ZI Data)              4912 (   4.80kB)
    Total ROM Size (Code + RO Data + RW Data)      11792 (  11.52kB)

==============================================================================

