<html>
<body>
<pre>
<h1>礦ision Build Log</h1>
<h2>Tool Versions:</h2>
IDE-Version: μVision V5.14.0.0
Copyright (C) 2015 ARM Ltd and ARM Germany GmbH. All rights reserved.
License Information: Luke zhong, foxconn, LIC=HF856-D8GIE-MS4YP-MKZ4K-S54IF-QMTIP
 
Tool Versions:
Toolchain:       MDK-ARM Professional  Version: 5.14.0.0
Toolchain Path:  E:\MDK5\ARM\ARMCC\Bin
C Compiler:      Armcc.exe V5.05 update 1 (build 106)
Assembler:       Armasm.exe V5.05 update 1 (build 106)
Linker/Locator:  ArmLink.exe V5.05 update 1 (build 106)
Library Manager: ArmAr.exe V5.05 update 1 (build 106)
Hex Converter:   FromElf.exe V5.05 update 1 (build 106)
CPU DLL:         SARMCM3.DLL V5.14.0.0
Dialog DLL:      DARMSTM.DLL V1.65.0.0
Target DLL:      Segger\JL2CM3.dll V2.99.13.0
Dialog DLL:      TARMSTM.DLL V1.64.0.0
 
<h2>Project:</h2>
C:\Users\Administrator\Desktop\阿里云项目相关\TCPC\3.TCPC\TCP_Client.uvproj
Project File Date:  08/19/2016

<h2>Output:</h2>
Build target 'TCP_Client'
compiling main.c...
compiling core_cm3.c...
assembling startup_stm32f10x_hd.s...
compiling system_stm32f10x.c...
compiling misc.c...
compiling stm32f10x_bkp.c...
compiling stm32f10x_exti.c...
compiling stm32f10x_flash.c...
compiling stm32f10x_gpio.c...
compiling stm32f10x_i2c.c...
compiling stm32f10x_rcc.c...
compiling stm32f10x_spi.c...
compiling stm32f10x_tim.c...
compiling stm32f10x_usart.c...
compiling stm32f10x_wwdg.c...
compiling w5500.c...
compiling 24c16.c...
compiling md5.c...
compiling socket.c...
compiling spi2.c...
compiling ult.c...
compiling device.c...
compiling usart.c...
linking...
Program Size: Code=11376 RO-data=336 RW-data=80 ZI-data=4832  
FromELF: creating hex file...
After Build - User command #1: fromelf.exe --bin -o "C:\Users\Administrator\Desktop\阿里云项目相关\TCPC\3.TCPC\output\TCP_Client.bin" "C:\Users\Administrator\Desktop\阿里云项目相关\TCPC\3.TCPC\output\TCP_Client.axf"
".\output\TCP_Client.axf" - 0 Error(s), 0 Warning(s).
</pre>
</body>
</html>
